Component: ARM Compiler 5.06 update 2 (build 183) Tool: armlink [4d35b7]

==============================================================================

Section Cross References

    main.o(i.main) refers to _printf_percent.o(.ARM.Collect$$_printf_percent$$00000000) for _printf_percent
    main.o(i.main) refers to _printf_d.o(.ARM.Collect$$_printf_percent$$00000009) for _printf_d
    main.o(i.main) refers to _printf_s.o(.ARM.Collect$$_printf_percent$$00000014) for _printf_s
    main.o(i.main) refers to _printf_dec.o(.text) for _printf_int_dec
    main.o(i.main) refers to _printf_str.o(.text) for _printf_str
    main.o(i.main) refers to usart.o(i.usart_debug_init) for usart_debug_init
    main.o(i.main) refers to noretval__2printf.o(.text) for __2printf
    main.o(i.main) refers to makos_system.o(i.makos_init) for makos_init
    main.o(i.main) refers to makos_task.o(i.task_create) for task_create
    main.o(i.main) refers to makos_system.o(i.makos_run) for makos_run
    main.o(i.main) refers to makos_critical.o(i.irq_close) for irq_close
    main.o(i.main) refers to task_key.o(i.task_key) for task_key
    main.o(i.main) refers to task_key.o(i.task_leda67) for task_leda67
    main.o(i.main) refers to makos_system.o(.bss) for system_param
    task_led.o(i.led3) refers to stm32f4xx_gpio.o(i.GPIO_ResetBits) for GPIO_ResetBits
    task_led.o(i.led3) refers to stm32f4xx_gpio.o(i.GPIO_SetBits) for GPIO_SetBits
    task_led.o(i.led_init) refers to stm32f4xx_rcc.o(i.RCC_AHB1PeriphClockCmd) for RCC_AHB1PeriphClockCmd
    task_led.o(i.led_init) refers to stm32f4xx_gpio.o(i.GPIO_Init) for GPIO_Init
    task_led.o(i.led_init) refers to stm32f4xx_gpio.o(i.GPIO_ResetBits) for GPIO_ResetBits
    task_led.o(i.mutex_test_1) refers to _printf_percent.o(.ARM.Collect$$_printf_percent$$00000000) for _printf_percent
    task_led.o(i.mutex_test_1) refers to _printf_d.o(.ARM.Collect$$_printf_percent$$00000009) for _printf_d
    task_led.o(i.mutex_test_1) refers to _printf_dec.o(.text) for _printf_int_dec
    task_led.o(i.mutex_test_1) refers to task_led.o(i.led_init) for led_init
    task_led.o(i.mutex_test_1) refers to makos_mutex.o(i.mutex_init) for mutex_init
    task_led.o(i.mutex_test_1) refers to noretval__2printf.o(.text) for __2printf
    task_led.o(i.mutex_test_1) refers to makos_mutex.o(i.mutex_lock) for mutex_lock
    task_led.o(i.mutex_test_1) refers to makos_critical.o(i.irq_close) for irq_close
    task_led.o(i.mutex_test_1) refers to makos_critical.o(i.irq_restore) for irq_restore
    task_led.o(i.mutex_test_1) refers to stm32f4xx_gpio.o(i.GPIO_SetBits) for GPIO_SetBits
    task_led.o(i.mutex_test_1) refers to makos_schedule.o(i.task_delay_ms) for task_delay_ms
    task_led.o(i.mutex_test_1) refers to stm32f4xx_gpio.o(i.GPIO_ResetBits) for GPIO_ResetBits
    task_led.o(i.mutex_test_1) refers to makos_mutex.o(i.mutex_unlock) for mutex_unlock
    task_led.o(i.mutex_test_1) refers to task_led.o(.bss) for led2_mutex
    task_led.o(i.mutex_test_1) refers to makos_print.o(.data) for print_flag
    task_led.o(i.mutex_test_1) refers to makos_tick_handle.o(.data) for system_clock
    task_led.o(i.mutex_test_2) refers to _printf_percent.o(.ARM.Collect$$_printf_percent$$00000000) for _printf_percent
    task_led.o(i.mutex_test_2) refers to _printf_d.o(.ARM.Collect$$_printf_percent$$00000009) for _printf_d
    task_led.o(i.mutex_test_2) refers to _printf_dec.o(.text) for _printf_int_dec
    task_led.o(i.mutex_test_2) refers to noretval__2printf.o(.text) for __2printf
    task_led.o(i.mutex_test_2) refers to makos_mutex.o(i.mutex_lock) for mutex_lock
    task_led.o(i.mutex_test_2) refers to makos_critical.o(i.irq_close) for irq_close
    task_led.o(i.mutex_test_2) refers to makos_critical.o(i.irq_restore) for irq_restore
    task_led.o(i.mutex_test_2) refers to stm32f4xx_gpio.o(i.GPIO_SetBits) for GPIO_SetBits
    task_led.o(i.mutex_test_2) refers to makos_schedule.o(i.task_delay_ms) for task_delay_ms
    task_led.o(i.mutex_test_2) refers to stm32f4xx_gpio.o(i.GPIO_ResetBits) for GPIO_ResetBits
    task_led.o(i.mutex_test_2) refers to makos_mutex.o(i.mutex_unlock) for mutex_unlock
    task_led.o(i.mutex_test_2) refers to task_led.o(.bss) for led2_mutex
    task_led.o(i.mutex_test_2) refers to makos_print.o(.data) for print_flag
    task_led.o(i.mutex_test_2) refers to makos_tick_handle.o(.data) for system_clock
    task_led.o(i.task_led2) refers to task_led.o(i.led_init) for led_init
    task_led.o(i.task_led2) refers to stm32f4xx_gpio.o(i.GPIO_SetBits) for GPIO_SetBits
    task_led.o(i.task_led2) refers to makos_critical.o(i.irq_close) for irq_close
    task_led.o(i.task_led2) refers to noretval__2printf.o(.text) for __2printf
    task_led.o(i.task_led2) refers to makos_critical.o(i.irq_restore) for irq_restore
    task_led.o(i.task_led2) refers to makos_schedule.o(i.task_delay_ms) for task_delay_ms
    task_led.o(i.task_led2) refers to stm32f4xx_gpio.o(i.GPIO_ResetBits) for GPIO_ResetBits
[...]
    ../clib/printf.c                         0x00000000   Number         0  __printf_flags.o ABSOLUTE
    ../clib/printf.c                         0x00000000   Number         0  _printf_hex_int_ll_ptr.o ABSOLUTE
    ../clib/printf.c                         0x00000000   Number         0  _printf_hex_ll_ptr.o ABSOLUTE
    ../clib/printf.c                         0x00000000   Number         0  _printf_hex_int_ptr.o ABSOLUTE
    ../clib/printf_percent.s                 0x00000000   Number         0  _printf_percent_end.o ABSOLUTE
    ../clib/printf_percent.s                 0x00000000   Number         0  _printf_percent.o ABSOLUTE
    ../clib/printf_percent.s                 0x00000000   Number         0  _printf_d.o ABSOLUTE
    ../clib/printf_percent.s                 0x00000000   Number         0  _printf_x.o ABSOLUTE
    ../clib/printf_percent.s                 0x00000000   Number         0  _printf_s.o ABSOLUTE
    ../clib/signal.c                         0x00000000   Number         0  defsig_exit.o ABSOLUTE
    ../clib/signal.c                         0x00000000   Number         0  defsig_rtmem_inner.o ABSOLUTE
    ../clib/signal.c                         0x00000000   Number         0  __raise.o ABSOLUTE
    ../clib/signal.c                         0x00000000   Number         0  defsig_general.o ABSOLUTE
    ../clib/signal.c                         0x00000000   Number         0  defsig_fpe_inner.o ABSOLUTE
    ../clib/signal.c                         0x00000000   Number         0  defsig_rtred_inner.o ABSOLUTE
    ../clib/signal.c                         0x00000000   Number         0  defsig_stak_inner.o ABSOLUTE
    ../clib/signal.c                         0x00000000   Number         0  defsig_pvfn_inner.o ABSOLUTE
    ../clib/signal.c                         0x00000000   Number         0  defsig_cppl_inner.o ABSOLUTE
    ../clib/signal.c                         0x00000000   Number         0  defsig_segv_inner.o ABSOLUTE
    ../clib/signal.c                         0x00000000   Number         0  defsig_other.o ABSOLUTE
    ../clib/signal.c                         0x00000000   Number         0  defsig_rtmem_formal.o ABSOLUTE
    ../clib/signal.c                         0x00000000   Number         0  defsig_rtmem_outer.o ABSOLUTE
    ../clib/signal.c                         0x00000000   Number         0  defsig_abrt_inner.o ABSOLUTE
    ../clib/signal.s                         0x00000000   Number         0  defsig.o ABSOLUTE
    ../clib/stdio.c                          0x00000000   Number         0  ferror_locked.o ABSOLUTE
    ../clib/stdio.c                          0x00000000   Number         0  ferror.o ABSOLUTE
    ../clib/stdlib.c                         0x00000000   Number         0  exit.o ABSOLUTE
    ../fplib/fpinit.s                        0x00000000   Number         0  fpinit.o ABSOLUTE
    ..\MAKOS\includes\makos_doublelist.c     0x00000000   Number         0  makos_doublelist.o ABSOLUTE
    ..\MAKOS\kernel\makos_dnode_queue.c      0x00000000   Number         0  makos_dnode_queue.o ABSOLUTE
    ..\MAKOS\kernel\makos_idle.c             0x00000000   Number         0  makos_idle.o ABSOLUTE
    ..\MAKOS\kernel\makos_irq_handle.c       0x00000000   Number         0  makos_irq_handle.o ABSOLUTE
    ..\MAKOS\kernel\makos_memory.c           0x00000000   Number         0  makos_memory.o ABSOLUTE
    ..\MAKOS\kernel\makos_message.c          0x00000000   Number         0  makos_message.o ABSOLUTE
    ..\MAKOS\kernel\makos_mutex.c            0x00000000   Number         0  makos_mutex.o ABSOLUTE
    ..\MAKOS\kernel\makos_pipe.c             0x00000000   Number         0  makos_pipe.o ABSOLUTE
    ..\MAKOS\kernel\makos_print.c            0x00000000   Number         0  makos_print.o ABSOLUTE
    ..\MAKOS\kernel\makos_resolver.c         0x00000000   Number         0  makos_resolver.o ABSOLUTE
    ..\MAKOS\kernel\makos_schedule.c         0x00000000   Number         0  makos_schedule.o ABSOLUTE
    ..\MAKOS\kernel\makos_semaphore.c        0x00000000   Number         0  makos_semaphore.o ABSOLUTE
    ..\MAKOS\kernel\makos_system.c           0x00000000   Number         0  makos_system.o ABSOLUTE
    ..\MAKOS\kernel\makos_task.c             0x00000000   Number         0  makos_task.o ABSOLUTE
    ..\MAKOS\kernel\makos_tick_handle.c      0x00000000   Number         0  makos_tick_handle.o ABSOLUTE
    ..\MAKOS\migration\makos_critical.c      0x00000000   Number         0  makos_critical.o ABSOLUTE
    ..\MAKOS\migration\makos_pendsv.c        0x00000000   Number         0  makos_pendsv.o ABSOLUTE
    ..\MAKOS\migration\makos_tick.c          0x00000000   Number         0  makos_tick.o ABSOLUTE
    ..\STM32F4\src\misc.c                    0x00000000   Number         0  misc.o ABSOLUTE
    ..\STM32F4\src\stm32f4xx_adc.c           0x00000000   Number         0  stm32f4xx_adc.o ABSOLUTE
    ..\STM32F4\src\stm32f4xx_can.c           0x00000000   Number         0  stm32f4xx_can.o ABSOLUTE
    ..\STM32F4\src\stm32f4xx_cec.c           0x00000000   Number         0  stm32f4xx_cec.o ABSOLUTE
    ..\STM32F4\src\stm32f4xx_crc.c           0x00000000   Number         0  stm32f4xx_crc.o ABSOLUTE
    ..\STM32F4\src\stm32f4xx_cryp.c          0x00000000   Number         0  stm32f4xx_cryp.o ABSOLUTE
    ..\STM32F4\src\stm32f4xx_cryp_aes.c      0x00000000   Number         0  stm32f4xx_cryp_aes.o ABSOLUTE
    ..\STM32F4\src\stm32f4xx_cryp_des.c      0x00000000   Number         0  stm32f4xx_cryp_des.o ABSOLUTE
    ..\STM32F4\src\stm32f4xx_cryp_tdes.c     0x00000000   Number         0  stm32f4xx_cryp_tdes.o ABSOLUTE
    ..\STM32F4\src\stm32f4xx_dac.c           0x00000000   Number         0  stm32f4xx_dac.o ABSOLUTE
    ..\STM32F4\src\stm32f4xx_dbgmcu.c        0x00000000   Number         0  stm32f4xx_dbgmcu.o ABSOLUTE
    ..\STM32F4\src\stm32f4xx_dcmi.c          0x00000000   Number         0  stm32f4xx_dcmi.o ABSOLUTE
    ..\STM32F4\src\stm32f4xx_dfsdm.c         0x00000000   Number         0  stm32f4xx_dfsdm.o ABSOLUTE
    ..\STM32F4\src\stm32f4xx_dma.c           0x00000000   Number         0  stm32f4xx_dma.o ABSOLUTE
    ..\STM32F4\src\stm32f4xx_dma2d.c         0x00000000   Number         0  stm32f4xx_dma2d.o ABSOLUTE
    ..\STM32F4\src\stm32f4xx_dsi.c           0x00000000   Number         0  stm32f4xx_dsi.o ABSOLUTE
    ..\STM32F4\src\stm32f4xx_exti.c          0x00000000   Number         0  stm32f4xx_exti.o ABSOLUTE
    ..\STM32F4\src\stm32f4xx_flash.c         0x00000000   Number         0  stm32f4xx_flash.o ABSOLUTE
    ..\STM32F4\src\stm32f4xx_flash_ramfunc.c 0x00000000   Number         0  stm32f4xx_flash_ramfunc.o ABSOLUTE
    ..\STM32F4\src\stm32f4xx_fmpi2c.c        0x00000000   Number         0  stm32f4xx_fmpi2c.o ABSOLUTE
    ..\STM32F4\src\stm32f4xx_fsmc.c          0x00000000   Number         0  stm32f4xx_fsmc.o ABSOLUTE
    ..\STM32F4\src\stm32f4xx_gpio.c          0x00000000   Number         0  stm32f4xx_gpio.o ABSOLUTE
    ..\STM32F4\src\stm32f4xx_hash.c          0x00000000   Number         0  stm32f4xx_hash.o ABSOLUTE
    ..\STM32F4\src\stm32f4xx_hash_md5.c      0x00000000   Number         0  stm32f4xx_hash_md5.o ABSOLUTE
    ..\STM32F4\src\stm32f4xx_hash_sha1.c     0x00000000   Number         0  stm32f4xx_hash_sha1.o ABSOLUTE
    ..\STM32F4\src\stm32f4xx_i2c.c           0x00000000   Number         0  stm32f4xx_i2c.o ABSOLUTE
    ..\STM32F4\src\stm32f4xx_iwdg.c          0x00000000   Number         0  stm32f4xx_iwdg.o ABSOLUTE
    ..\STM32F4\src\stm32f4xx_lptim.c         0x00000000   Number         0  stm32f4xx_lptim.o ABSOLUTE
    ..\STM32F4\src\stm32f4xx_ltdc.c          0x00000000   Number         0  stm32f4xx_ltdc.o ABSOLUTE
    ..\STM32F4\src\stm32f4xx_pwr.c           0x00000000   Number         0  stm32f4xx_pwr.o ABSOLUTE
    ..\STM32F4\src\stm32f4xx_qspi.c          0x00000000   Number         0  stm32f4xx_qspi.o ABSOLUTE
    ..\STM32F4\src\stm32f4xx_rcc.c           0x00000000   Number         0  stm32f4xx_rcc.o ABSOLUTE
    ..\STM32F4\src\stm32f4xx_rng.c           0x00000000   Number         0  stm32f4xx_rng.o ABSOLUTE
    ..\STM32F4\src\stm32f4xx_rtc.c           0x00000000   Number         0  stm32f4xx_rtc.o ABSOLUTE
    ..\STM32F4\src\stm32f4xx_sai.c           0x00000000   Number         0  stm32f4xx_sai.o ABSOLUTE
    ..\STM32F4\src\stm32f4xx_sdio.c          0x00000000   Number         0  stm32f4xx_sdio.o ABSOLUTE
    ..\STM32F4\src\stm32f4xx_spdifrx.c       0x00000000   Number         0  stm32f4xx_spdifrx.o ABSOLUTE
    ..\STM32F4\src\stm32f4xx_spi.c           0x00000000   Number         0  stm32f4xx_spi.o ABSOLUTE
    ..\STM32F4\src\stm32f4xx_syscfg.c        0x00000000   Number         0  stm32f4xx_syscfg.o ABSOLUTE
    ..\STM32F4\src\stm32f4xx_tim.c           0x00000000   Number         0  stm32f4xx_tim.o ABSOLUTE
    ..\STM32F4\src\stm32f4xx_usart.c         0x00000000   Number         0  stm32f4xx_usart.o ABSOLUTE
    ..\STM32F4\src\stm32f4xx_wwdg.c          0x00000000   Number         0  stm32f4xx_wwdg.o ABSOLUTE
    ..\STM32F4\startup_stm32f40xx.s          0x00000000   Number         0  startup_stm32f40xx.o ABSOLUTE
    ..\STM32F4\stm32f4xx_it.c                0x00000000   Number         0  stm32f4xx_it.o ABSOLUTE
    ..\STM32F4\system_stm32f4xx.c            0x00000000   Number         0  system_stm32f4xx.o ABSOLUTE
    ..\\MAKOS\\includes\\makos_doublelist.c  0x00000000   Number         0  makos_doublelist.o ABSOLUTE
    ..\\MAKOS\\kernel\\makos_dnode_queue.c   0x00000000   Number         0  makos_dnode_queue.o ABSOLUTE
    ..\\MAKOS\\kernel\\makos_idle.c          0x00000000   Number         0  makos_idle.o ABSOLUTE
    ..\\MAKOS\\kernel\\makos_irq_handle.c    0x00000000   Number         0  makos_irq_handle.o ABSOLUTE
    ..\\MAKOS\\kernel\\makos_memory.c        0x00000000   Number         0  makos_memory.o ABSOLUTE
    ..\\MAKOS\\kernel\\makos_message.c       0x00000000   Number         0  makos_message.o ABSOLUTE
    ..\\MAKOS\\kernel\\makos_mutex.c         0x00000000   Number         0  makos_mutex.o ABSOLUTE
    ..\\MAKOS\\kernel\\makos_pipe.c          0x00000000   Number         0  makos_pipe.o ABSOLUTE
    ..\\MAKOS\\kernel\\makos_print.c         0x00000000   Number         0  makos_print.o ABSOLUTE
    ..\\MAKOS\\kernel\\makos_resolver.c      0x00000000   Number         0  makos_resolver.o ABSOLUTE
    ..\\MAKOS\\kernel\\makos_schedule.c      0x00000000   Number         0  makos_schedule.o ABSOLUTE
    ..\\MAKOS\\kernel\\makos_semaphore.c     0x00000000   Number         0  makos_semaphore.o ABSOLUTE
    ..\\MAKOS\\kernel\\makos_system.c        0x00000000   Number         0  makos_system.o ABSOLUTE
    ..\\MAKOS\\kernel\\makos_task.c          0x00000000   Number         0  makos_task.o ABSOLUTE
    ..\\MAKOS\\kernel\\makos_tick_handle.c   0x00000000   Number         0  makos_tick_handle.o ABSOLUTE
    ..\\MAKOS\\migration\\makos_critical.c   0x00000000   Number         0  makos_critical.o ABSOLUTE
    ..\\MAKOS\\migration\\makos_pendsv.c     0x00000000   Number         0  makos_pendsv.o ABSOLUTE
    ..\\MAKOS\\migration\\makos_tick.c       0x00000000   Number         0  makos_tick.o ABSOLUTE
    ..\\STM32F4\\src\\misc.c                 0x00000000   Number         0  misc.o ABSOLUTE
    ..\\STM32F4\\src\\stm32f4xx_adc.c        0x00000000   Number         0  stm32f4xx_adc.o ABSOLUTE
    ..\\STM32F4\\src\\stm32f4xx_can.c        0x00000000   Number         0  stm32f4xx_can.o ABSOLUTE
    ..\\STM32F4\\src\\stm32f4xx_cec.c        0x00000000   Number         0  stm32f4xx_cec.o ABSOLUTE
    ..\\STM32F4\\src\\stm32f4xx_crc.c        0x00000000   Number         0  stm32f4xx_crc.o ABSOLUTE
    ..\\STM32F4\\src\\stm32f4xx_cryp.c       0x00000000   Number         0  stm32f4xx_cryp.o ABSOLUTE
    ..\\STM32F4\\src\\stm32f4xx_cryp_aes.c   0x00000000   Number         0  stm32f4xx_cryp_aes.o ABSOLUTE
    ..\\STM32F4\\src\\stm32f4xx_cryp_des.c   0x00000000   Number         0  stm32f4xx_cryp_des.o ABSOLUTE
    ..\\STM32F4\\src\\stm32f4xx_cryp_tdes.c  0x00000000   Number         0  stm32f4xx_cryp_tdes.o ABSOLUTE
    ..\\STM32F4\\src\\stm32f4xx_dac.c        0x00000000   Number         0  stm32f4xx_dac.o ABSOLUTE
    ..\\STM32F4\\src\\stm32f4xx_dbgmcu.c     0x00000000   Number         0  stm32f4xx_dbgmcu.o ABSOLUTE
    ..\\STM32F4\\src\\stm32f4xx_dcmi.c       0x00000000   Number         0  stm32f4xx_dcmi.o ABSOLUTE
    ..\\STM32F4\\src\\stm32f4xx_dfsdm.c      0x00000000   Number         0  stm32f4xx_dfsdm.o ABSOLUTE
    ..\\STM32F4\\src\\stm32f4xx_dma.c        0x00000000   Number         0  stm32f4xx_dma.o ABSOLUTE
    ..\\STM32F4\\src\\stm32f4xx_dma2d.c      0x00000000   Number         0  stm32f4xx_dma2d.o ABSOLUTE
    ..\\STM32F4\\src\\stm32f4xx_dsi.c        0x00000000   Number         0  stm32f4xx_dsi.o ABSOLUTE
    ..\\STM32F4\\src\\stm32f4xx_exti.c       0x00000000   Number         0  stm32f4xx_exti.o ABSOLUTE
    ..\\STM32F4\\src\\stm32f4xx_flash.c      0x00000000   Number         0  stm32f4xx_flash.o ABSOLUTE
    ..\\STM32F4\\src\\stm32f4xx_flash_ramfunc.c 0x00000000   Number         0  stm32f4xx_flash_ramfunc.o ABSOLUTE
    ..\\STM32F4\\src\\stm32f4xx_fmpi2c.c     0x00000000   Number         0  stm32f4xx_fmpi2c.o ABSOLUTE
    ..\\STM32F4\\src\\stm32f4xx_fsmc.c       0x00000000   Number         0  stm32f4xx_fsmc.o ABSOLUTE
    ..\\STM32F4\\src\\stm32f4xx_gpio.c       0x00000000   Number         0  stm32f4xx_gpio.o ABSOLUTE
    ..\\STM32F4\\src\\stm32f4xx_hash.c       0x00000000   Number         0  stm32f4xx_hash.o ABSOLUTE
    ..\\STM32F4\\src\\stm32f4xx_hash_md5.c   0x00000000   Number         0  stm32f4xx_hash_md5.o ABSOLUTE
    ..\\STM32F4\\src\\stm32f4xx_hash_sha1.c  0x00000000   Number         0  stm32f4xx_hash_sha1.o ABSOLUTE
    ..\\STM32F4\\src\\stm32f4xx_i2c.c        0x00000000   Number         0  stm32f4xx_i2c.o ABSOLUTE
    ..\\STM32F4\\src\\stm32f4xx_iwdg.c       0x00000000   Number         0  stm32f4xx_iwdg.o ABSOLUTE
    ..\\STM32F4\\src\\stm32f4xx_lptim.c      0x00000000   Number         0  stm32f4xx_lptim.o ABSOLUTE
    ..\\STM32F4\\src\\stm32f4xx_ltdc.c       0x00000000   Number         0  stm32f4xx_ltdc.o ABSOLUTE
    ..\\STM32F4\\src\\stm32f4xx_pwr.c        0x00000000   Number         0  stm32f4xx_pwr.o ABSOLUTE
    ..\\STM32F4\\src\\stm32f4xx_qspi.c       0x00000000   Number         0  stm32f4xx_qspi.o ABSOLUTE
    ..\\STM32F4\\src\\stm32f4xx_rcc.c        0x00000000   Number         0  stm32f4xx_rcc.o ABSOLUTE
    ..\\STM32F4\\src\\stm32f4xx_rng.c        0x00000000   Number         0  stm32f4xx_rng.o ABSOLUTE
    ..\\STM32F4\\src\\stm32f4xx_rtc.c        0x00000000   Number         0  stm32f4xx_rtc.o ABSOLUTE
    ..\\STM32F4\\src\\stm32f4xx_sai.c        0x00000000   Number         0  stm32f4xx_sai.o ABSOLUTE
    ..\\STM32F4\\src\\stm32f4xx_sdio.c       0x00000000   Number         0  stm32f4xx_sdio.o ABSOLUTE
    ..\\STM32F4\\src\\stm32f4xx_spdifrx.c    0x00000000   Number         0  stm32f4xx_spdifrx.o ABSOLUTE
    ..\\STM32F4\\src\\stm32f4xx_spi.c        0x00000000   Number         0  stm32f4xx_spi.o ABSOLUTE
    ..\\STM32F4\\src\\stm32f4xx_syscfg.c     0x00000000   Number         0  stm32f4xx_syscfg.o ABSOLUTE
    ..\\STM32F4\\src\\stm32f4xx_tim.c        0x00000000   Number         0  stm32f4xx_tim.o ABSOLUTE
    ..\\STM32F4\\src\\stm32f4xx_usart.c      0x00000000   Number         0  stm32f4xx_usart.o ABSOLUTE
    ..\\STM32F4\\src\\stm32f4xx_wwdg.c       0x00000000   Number         0  stm32f4xx_wwdg.o ABSOLUTE
    ..\\STM32F4\\stm32f4xx_it.c              0x00000000   Number         0  stm32f4xx_it.o ABSOLUTE
    ..\\STM32F4\\system_stm32f4xx.c          0x00000000   Number         0  system_stm32f4xx.o ABSOLUTE
    ..\\user\\app\\task_chassis.c            0x00000000   Number         0  task_chassis.o ABSOLUTE
    ..\\user\\app\\task_holder.c             0x00000000   Number         0  task_holder.o ABSOLUTE
    ..\\user\\app\\task_key.c                0x00000000   Number         0  task_key.o ABSOLUTE
    ..\\user\\app\\task_led.c                0x00000000   Number         0  task_led.o ABSOLUTE
    ..\\user\\app\\task_remote.c             0x00000000   Number         0  task_remote.o ABSOLUTE
    ..\\user\\device\\receiver.c             0x00000000   Number         0  receiver.o ABSOLUTE
    ..\\user\\driver\\usart.c                0x00000000   Number         0  usart.o ABSOLUTE
    ..\\user\\main.c                         0x00000000   Number         0  main.o ABSOLUTE
    ..\user\app\task_chassis.c               0x00000000   Number         0  task_chassis.o ABSOLUTE
    ..\user\app\task_holder.c                0x00000000   Number         0  task_holder.o ABSOLUTE
    ..\user\app\task_key.c                   0x00000000   Number         0  task_key.o ABSOLUTE
    ..\user\app\task_led.c                   0x00000000   Number         0  task_led.o ABSOLUTE
    ..\user\app\task_remote.c                0x00000000   Number         0  task_remote.o ABSOLUTE
    ..\user\device\receiver.c                0x00000000   Number         0  receiver.o ABSOLUTE
    ..\user\driver\usart.c                   0x00000000   Number         0  usart.o ABSOLUTE
    ..\user\main.c                           0x00000000   Number         0  main.o ABSOLUTE
    dc.s                                     0x00000000   Number         0  dc.o ABSOLUTE
    RESET                                    0x08000000   Section      392  startup_stm32f40xx.o(RESET)
    !!!main                                  0x08000188   Section        8  __main.o(!!!main)
    !!!scatter                               0x08000190   Section       52  __scatter.o(!!!scatter)
    !!handler_copy                           0x080001c4   Section       26  __scatter_copy.o(!!handler_copy)
    !!handler_zi                             0x080001e0   Section       28  __scatter_zi.o(!!handler_zi)
    .ARM.Collect$$_printf_percent$$00000000  0x080001fc   Section        0  _printf_percent.o(.ARM.Collect$$_printf_percent$$00000000)
    .ARM.Collect$$_printf_percent$$00000009  0x080001fc   Section        6  _printf_d.o(.ARM.Collect$$_printf_percent$$00000009)
    .ARM.Collect$$_printf_percent$$0000000C  0x08000202   Section        6  _printf_x.o(.ARM.Collect$$_printf_percent$$0000000C)
    .ARM.Collect$$_printf_percent$$00000014  0x08000208   Section        6  _printf_s.o(.ARM.Collect$$_printf_percent$$00000014)
    .ARM.Collect$$_printf_percent$$00000017  0x0800020e   Section        4  _printf_percent_end.o(.ARM.Collect$$_printf_percent$$00000017)
    .ARM.Collect$$libinit$$00000000          0x08000212   Section        2  libinit.o(.ARM.Collect$$libinit$$00000000)
    .ARM.Collect$$libinit$$00000001          0x08000214   Section        4  libinit2.o(.ARM.Collect$$libinit$$00000001)
    .ARM.Collect$$libinit$$00000004          0x08000218   Section        0  libinit2.o(.ARM.Collect$$libinit$$00000004)
    .ARM.Collect$$libinit$$0000000A          0x08000218   Section        0  libinit2.o(.ARM.Collect$$libinit$$0000000A)
    .ARM.Collect$$libinit$$0000000C          0x08000218   Section        0  libinit2.o(.ARM.Collect$$libinit$$0000000C)
    .ARM.Collect$$libinit$$0000000E          0x08000218   Section        0  libinit2.o(.ARM.Collect$$libinit$$0000000E)
    .ARM.Collect$$libinit$$00000011          0x08000218   Section        0  libinit2.o(.ARM.Collect$$libinit$$00000011)
    .ARM.Collect$$libinit$$00000013          0x08000218   Section        0  libinit2.o(.ARM.Collect$$libinit$$00000013)
    .ARM.Collect$$libinit$$00000015          0x08000218   Section        0  libinit2.o(.ARM.Collect$$libinit$$00000015)
    .ARM.Collect$$libinit$$00000017          0x08000218   Section        0  libinit2.o(.ARM.Collect$$libinit$$00000017)
    .ARM.Collect$$libinit$$00000019          0x08000218   Section        0  libinit2.o(.ARM.Collect$$libinit$$00000019)
    .ARM.Collect$$libinit$$0000001B          0x08000218   Section        0  libinit2.o(.ARM.Collect$$libinit$$0000001B)
    .ARM.Collect$$libinit$$0000001D          0x08000218   Section        0  libinit2.o(.ARM.Collect$$libinit$$0000001D)
    .ARM.Collect$$libinit$$0000001F          0x08000218   Section        0  libinit2.o(.ARM.Collect$$libinit$$0000001F)
    .ARM.Collect$$libinit$$00000021          0x08000218   Section        0  libinit2.o(.ARM.Collect$$libinit$$00000021)
    .ARM.Collect$$libinit$$00000023          0x08000218   Section        0  libinit2.o(.ARM.Collect$$libinit$$00000023)
    .ARM.Collect$$libinit$$00000025          0x08000218   Section        0  libinit2.o(.ARM.Collect$$libinit$$00000025)
    .ARM.Collect$$libinit$$0000002C          0x08000218   Section        0  libinit2.o(.ARM.Collect$$libinit$$0000002C)
    .ARM.Collect$$libinit$$0000002E          0x08000218   Section        0  libinit2.o(.ARM.Collect$$libinit$$0000002E)
    .ARM.Collect$$libinit$$00000030          0x08000218   Section        0  libinit2.o(.ARM.Collect$$libinit$$00000030)
    .ARM.Collect$$libinit$$00000032          0x08000218   Section        0  libinit2.o(.ARM.Collect$$libinit$$00000032)
    .ARM.Collect$$libinit$$00000033          0x08000218   Section        2  libinit2.o(.ARM.Collect$$libinit$$00000033)
    .ARM.Collect$$libshutdown$$00000000      0x0800021a   Section        2  libshutdown.o(.ARM.Collect$$libshutdown$$00000000)
    .ARM.Collect$$libshutdown$$00000002      0x0800021c   Section        0  libshutdown2.o(.ARM.Collect$$libshutdown$$00000002)
    .ARM.Collect$$libshutdown$$00000004      0x0800021c   Section        0  libshutdown2.o(.ARM.Collect$$libshutdown$$00000004)
    .ARM.Collect$$libshutdown$$00000007      0x0800021c   Section        0  libshutdown2.o(.ARM.Collect$$libshutdown$$00000007)
    .ARM.Collect$$libshutdown$$0000000A      0x0800021c   Section        0  libshutdown2.o(.ARM.Collect$$libshutdown$$0000000A)
    .ARM.Collect$$libshutdown$$0000000C      0x0800021c   Section        0  libshutdown2.o(.ARM.Collect$$libshutdown$$0000000C)
    .ARM.Collect$$libshutdown$$0000000F      0x0800021c   Section        0  libshutdown2.o(.ARM.Collect$$libshutdown$$0000000F)
    .ARM.Collect$$libshutdown$$00000010      0x0800021c   Section        2  libshutdown2.o(.ARM.Collect$$libshutdown$$00000010)
    .ARM.Collect$$rtentry$$00000000          0x0800021e   Section        0  __rtentry.o(.ARM.Collect$$rtentry$$00000000)
    .ARM.Collect$$rtentry$$00000002          0x0800021e   Section        0  __rtentry2.o(.ARM.Collect$$rtentry$$00000002)
    .ARM.Collect$$rtentry$$00000004          0x0800021e   Section        6  __rtentry4.o(.ARM.Collect$$rtentry$$00000004)
    .ARM.Collect$$rtentry$$00000009          0x08000224   Section        0  __rtentry2.o(.ARM.Collect$$rtentry$$00000009)
    .ARM.Collect$$rtentry$$0000000A          0x08000224   Section        4  __rtentry2.o(.ARM.Collect$$rtentry$$0000000A)
    .ARM.Collect$$rtentry$$0000000C          0x08000228   Section        0  __rtentry2.o(.ARM.Collect$$rtentry$$0000000C)
    .ARM.Collect$$rtentry$$0000000D          0x08000228   Section        8  __rtentry2.o(.ARM.Collect$$rtentry$$0000000D)
    .ARM.Collect$$rtexit$$00000000           0x08000230   Section        2  rtexit.o(.ARM.Collect$$rtexit$$00000000)
    .ARM.Collect$$rtexit$$00000002           0x08000232   Section        0  rtexit2.o(.ARM.Collect$$rtexit$$00000002)
    .ARM.Collect$$rtexit$$00000003           0x08000232   Section        4  rtexit2.o(.ARM.Collect$$rtexit$$00000003)
    .ARM.Collect$$rtexit$$00000004           0x08000236   Section        6  rtexit2.o(.ARM.Collect$$rtexit$$00000004)
    .emb_text                                0x0800023c   Section       76  makos_pendsv.o(.emb_text)
    $v0                                      0x0800023c   Number         0  makos_pendsv.o(.emb_text)
    .text                                    0x08000288   Section       64  startup_stm32f40xx.o(.text)
    $v0                                      0x08000288   Number         0  startup_stm32f40xx.o(.text)
    .text                                    0x080002c8   Section        2  use_no_semi_2.o(.text)
    .text                                    0x080002cc   Section        0  noretval__2printf.o(.text)
    .text                                    0x080002e4   Section        0  __printf.o(.text)
    .text                                    0x0800034c   Section        0  _printf_str.o(.text)
    .text                                    0x080003a0   Section        0  _printf_dec.o(.text)
    .text                                    0x08000418   Section        0  _printf_hex_int.o(.text)
    .text                                    0x08000470   Section        0  heapauxi.o(.text)
    .text                                    0x08000476   Section        2  use_no_semi.o(.text)
    .text                                    0x08000478   Section        0  _printf_intcommon.o(.text)
    .text                                    0x0800052a   Section        0  _printf_char.o(.text)
    .text                                    0x08000558   Section        0  _printf_char_file.o(.text)
    .text                                    0x0800057c   Section        0  _printf_char_common.o(.text)
    _printf_input_char                       0x0800057d   Thumb Code    10  _printf_char_common.o(.text)
    .text                                    0x080005ac   Section        0  ferror.o(.text)
    .text                                    0x080005b4   Section       74  sys_stackheap_outer.o(.text)
    .text                                    0x080005fe   Section        0  exit.o(.text)
    .text                                    0x08000610   Section        8  libspace.o(.text)
    i.BusFault_Handler                       0x08000618   Section        0  stm32f4xx_it.o(i.BusFault_Handler)
    i.DebugMon_Handler                       0x08000638   Section        0  stm32f4xx_it.o(i.DebugMon_Handler)
    i.EXTI4_IRQHandler                       0x0800063a   Section        0  makos_irq_handle.o(i.EXTI4_IRQHandler)
    i.EXTI_ClearITPendingBit                 0x08000650   Section        0  stm32f4xx_exti.o(i.EXTI_ClearITPendingBit)
    i.EXTI_GetITStatus                       0x0800065c   Section        0  stm32f4xx_exti.o(i.EXTI_GetITStatus)
    i.EXTI_Init                              0x08000674   Section        0  stm32f4xx_exti.o(i.EXTI_Init)
    i.GPIO_Init                              0x08000708   Section        0  stm32f4xx_gpio.o(i.GPIO_Init)
    i.GPIO_PinAFConfig                       0x08000798   Section        0  stm32f4xx_gpio.o(i.GPIO_PinAFConfig)
    i.GPIO_ReadInputDataBit                  0x080007de   Section        0  stm32f4xx_gpio.o(i.GPIO_ReadInputDataBit)
    i.GPIO_ResetBits                         0x080007f0   Section        0  stm32f4xx_gpio.o(i.GPIO_ResetBits)
    i.GPIO_SetBits                           0x080007f4   Section        0  stm32f4xx_gpio.o(i.GPIO_SetBits)
    i.HardFault_Handler                      0x080007f8   Section        0  stm32f4xx_it.o(i.HardFault_Handler)
    i.MCB_get                                0x0800082c   Section        0  makos_memory.o(i.MCB_get)
    i.MemManage_Handler                      0x080008f4   Section        0  stm32f4xx_it.o(i.MemManage_Handler)
    i.NMI_Handler                            0x08000914   Section        0  stm32f4xx_it.o(i.NMI_Handler)
    i.NVIC_Init                              0x08000930   Section        0  misc.o(i.NVIC_Init)
    i.NVIC_PriorityGroupConfig               0x080009a8   Section        0  misc.o(i.NVIC_PriorityGroupConfig)
    i.RCC_AHB1PeriphClockCmd                 0x080009bc   Section        0  stm32f4xx_rcc.o(i.RCC_AHB1PeriphClockCmd)
    i.RCC_APB1PeriphClockCmd                 0x080009dc   Section        0  stm32f4xx_rcc.o(i.RCC_APB1PeriphClockCmd)
    i.RCC_APB2PeriphClockCmd                 0x080009fc   Section        0  stm32f4xx_rcc.o(i.RCC_APB2PeriphClockCmd)
    i.RCC_GetClocksFreq                      0x08000a1c   Section        0  stm32f4xx_rcc.o(i.RCC_GetClocksFreq)
    i.SVC_Handler                            0x08000b04   Section        0  stm32f4xx_it.o(i.SVC_Handler)
    i.SYSCFG_EXTILineConfig                  0x08000b08   Section        0  stm32f4xx_syscfg.o(i.SYSCFG_EXTILineConfig)
    i.SetSysClock                            0x08000b48   Section        0  system_stm32f4xx.o(i.SetSysClock)
    SetSysClock                              0x08000b49   Thumb Code   220  system_stm32f4xx.o(i.SetSysClock)
    i.SysTick_Handler                        0x08000c34   Section        0  makos_tick.o(i.SysTick_Handler)
    i.SystemInit                             0x08000c44   Section        0  system_stm32f4xx.o(i.SystemInit)
    i.USART1_IRQHandler                      0x08000cac   Section        0  makos_resolver.o(i.USART1_IRQHandler)
    i.USART1_IRQ_init                        0x08000ce4   Section        0  makos_resolver.o(i.USART1_IRQ_init)
    i.USART_ClearITPendingBit                0x08000d18   Section        0  stm32f4xx_usart.o(i.USART_ClearITPendingBit)
    i.USART_Cmd                              0x08000d36   Section        0  stm32f4xx_usart.o(i.USART_Cmd)
    i.USART_GetITStatus                      0x08000d4e   Section        0  stm32f4xx_usart.o(i.USART_GetITStatus)
    i.USART_ITConfig                         0x08000da2   Section        0  stm32f4xx_usart.o(i.USART_ITConfig)
    i.USART_Init                             0x08000dec   Section        0  stm32f4xx_usart.o(i.USART_Init)
    i.UsageFault_Handler                     0x08000ec0   Section        0  stm32f4xx_it.o(i.UsageFault_Handler)
    i._sys_exit                              0x08000ee4   Section        0  usart.o(i._sys_exit)
    i.add_irq_handle                         0x08000eec   Section        0  makos_irq_handle.o(i.add_irq_handle)
    i.dndqueue_add_last                      0x08000f44   Section        0  makos_dnode_queue.o(i.dndqueue_add_last)
    i.dndqueue_init                          0x08000fe0   Section        0  makos_dnode_queue.o(i.dndqueue_init)
    i.dnode_add_first                        0x080010b0   Section        0  makos_doublelist.o(i.dnode_add_first)
    i.dnode_add_last                         0x080010be   Section        0  makos_doublelist.o(i.dnode_add_last)
    i.dnode_head_init                        0x080010cc   Section        0  makos_doublelist.o(i.dnode_head_init)
    i.dnode_remove                           0x080010d2   Section        0  makos_doublelist.o(i.dnode_remove)
    i.fputc                                  0x080010e8   Section        0  makos_print.o(i.fputc)
    i.init_tick_callback                     0x08001134   Section        0  makos_tick_handle.o(i.init_tick_callback)
    i.irq_close                              0x08001148   Section        0  makos_critical.o(i.irq_close)
    i.irq_get_active                         0x08001198   Section        0  makos_irq_handle.o(i.irq_get_active)
    i.irq_restore                            0x080011a8   Section        0  makos_critical.o(i.irq_restore)
    i.key_handle                             0x080011f4   Section        0  task_key.o(i.key_handle)
    i.key_init                               0x08001224   Section        0  task_key.o(i.key_init)
    i.main                                   0x080012a4   Section        0  main.o(i.main)
    i.makos_get_prio_highest                 0x08001350   Section        0  makos_system.o(i.makos_get_prio_highest)
    i.makos_init                             0x0800137c   Section        0  makos_system.o(i.makos_init)
    i.makos_irq_handle                       0x0800143c   Section        0  makos_irq_handle.o(i.makos_irq_handle)
    i.makos_run                              0x08001478   Section        0  makos_system.o(i.makos_run)
    i.makos_update_switch                    0x080014d4   Section        0  makos_system.o(i.makos_update_switch)
    i.msg_get_read_try                       0x08001520   Section        0  makos_message.o(i.msg_get_read_try)
    i.msg_get_write_last                     0x08001536   Section        0  makos_message.o(i.msg_get_write_last)
    i.msg_init                               0x08001570   Section        0  makos_message.o(i.msg_init)
    i.msg_read_finish_try                    0x08001634   Section        0  makos_message.o(i.msg_read_finish_try)
    i.msg_write_finish_last                  0x0800165a   Section        0  makos_message.o(i.msg_write_finish_last)
    i.mutex_init                             0x08001680   Section        0  makos_mutex.o(i.mutex_init)
    i.pipe_init                              0x0800172c   Section        0  makos_pipe.o(i.pipe_init)
    i.pipe_read                              0x080017c0   Section        0  makos_pipe.o(i.pipe_read)
    i.pipe_write                             0x080017fe   Section        0  makos_pipe.o(i.pipe_write)
    i.resolve_add                            0x08001844   Section        0  makos_resolver.o(i.resolve_add)
    i.resolver_init                          0x08001864   Section        0  makos_resolver.o(i.resolver_init)
    i.set_cpu_print                          0x08001884   Section        0  makos_idle.o(i.set_cpu_print)
    i.string_compare                         0x080018a8   Section        0  makos_resolver.o(i.string_compare)
    i.string_get_U32                         0x080018dc   Section        0  makos_resolver.o(i.string_get_U32)
    i.task_PRINT                             0x08001920   Section        0  makos_print.o(i.task_PRINT)
    i.task_create                            0x08001988   Section        0  makos_task.o(i.task_create)
    i.task_delay_ms                          0x08001c40   Section        0  makos_schedule.o(i.task_delay_ms)
    i.task_idle                              0x08001c78   Section        0  makos_idle.o(i.task_idle)
    i.task_irq_handle                        0x08001d48   Section        0  makos_irq_handle.o(i.task_irq_handle)
    i.task_key                               0x08001d90   Section        0  task_key.o(i.task_key)
    i.task_leda67                            0x08001de0   Section        0  task_key.o(i.task_leda67)
    i.task_resolver                          0x08001e58   Section        0  makos_resolver.o(i.task_resolver)
    i.task_resume                            0x08001fa8   Section        0  makos_schedule.o(i.task_resume)
    i.tick_handle                            0x08001fdc   Section        0  makos_tick_handle.o(i.tick_handle)
    i.tick_init                              0x08002048   Section        0  makos_tick.o(i.tick_init)
    i.tick_start                             0x08002098   Section        0  makos_tick.o(i.tick_start)
    i.usart_debug_init                       0x080020b4   Section        0  usart.o(i.usart_debug_init)
    x$fpl$fpinit                             0x08002140   Section       10  fpinit.o(x$fpl$fpinit)
    $v0                                      0x08002140   Number         0  fpinit.o(x$fpl$fpinit)
    .constdata                               0x0800214a   Section       40  _printf_hex_int.o(.constdata)
    uc_hextab                                0x0800214a   Data          20  _printf_hex_int.o(.constdata)
    lc_hextab                                0x0800215e   Data          20  _printf_hex_int.o(.constdata)
    .conststring                             0x08002174   Section       80  makos_pipe.o(.conststring)
    .data                                    0x20000000   Section        4  task_key.o(.data)
    flag                                     0x20000000   Data           4  task_key.o(.data)
    .data                                    0x20000004   Section        4  usart.o(.data)
    .data                                    0x20000008   Section        1  makos_critical.o(.data)
    .data                                    0x2000000c   Section        4  makos_tick.o(.data)
    .data                                    0x20000010   Section        8  makos_system.o(.data)
    .data                                    0x20000018   Section        4  makos_tick_handle.o(.data)
    .data                                    0x2000001c   Section       12  makos_print.o(.data)
    .data                                    0x20000028   Section        1  makos_idle.o(.data)
    .data                                    0x2000002c   Section        8  makos_resolver.o(.data)
    .data                                    0x20000034   Section       12  makos_irq_handle.o(.data)
    .data                                    0x20000040   Section       16  stm32f4xx_rcc.o(.data)
    APBAHBPrescTable                         0x20000040   Data          16  stm32f4xx_rcc.o(.data)
    .bss                                     0x20000050   Section       28  task_key.o(.bss)
    .bss                                     0x2000006c   Section       40  makos_critical.o(.bss)
    .bss                                     0x20000094   Section    65540  makos_memory.o(.bss)
    .bss                                     0x20010098   Section       76  makos_system.o(.bss)
    .bss                                     0x200100e4   Section       20  makos_resolver.o(.bss)
    .bss                                     0x200100f8   Section       96  libspace.o(.bss)
    HEAP                                     0x20010158   Section      512  startup_stm32f40xx.o(HEAP)
    Heap_Mem                                 0x20010158   Data         512  startup_stm32f40xx.o(HEAP)
    STACK                                    0x20010358   Section     1024  startup_stm32f40xx.o(STACK)
    Stack_Mem                                0x20010358   Data        1024  startup_stm32f40xx.o(STACK)
    __initial_sp                             0x20010758   Data           0  startup_stm32f40xx.o(STACK)

    Global Symbols

    Symbol Name                              Value     Ov Type        Size  Object(Section)

    BuildAttributes$$THM_ISAv4$E$P$D$K$B$S$7EM$VFPi3$EXTD16$VFPS$VFMA$PE$A:L22UL41UL21$X:L11$S22US41US21$IEEE1$IW$USESV6$~STKCKD$USESV7$~SHL$OSPACE$ROPI$EBA8$UX$STANDARDLIB$REQ8$PRES8$EABIv2 0x00000000   Number         0  anon$$obj.o ABSOLUTE
    __ARM_use_no_argv                        0x00000000   Number         0  main.o ABSOLUTE
    __ARM_exceptions_init                     - Undefined Weak Reference
    __alloca_initialize                       - Undefined Weak Reference
    __arm_preinit_                            - Undefined Weak Reference
    __cpp_initialize__aeabi_                  - Undefined Weak Reference
    __cxa_finalize                            - Undefined Weak Reference
    __rt_locale                               - Undefined Weak Reference
    __sigvec_lookup                           - Undefined Weak Reference
    _atexit_init                              - Undefined Weak Reference
    _call_atexit_fns                          - Undefined Weak Reference
    _clock_init                               - Undefined Weak Reference
    _fp_trap_init                             - Undefined Weak Reference
    _fp_trap_shutdown                         - Undefined Weak Reference
    _get_lc_collate                           - Undefined Weak Reference
    _get_lc_ctype                             - Undefined Weak Reference
    _get_lc_monetary                          - Undefined Weak Reference
    _get_lc_numeric                           - Undefined Weak Reference
    _get_lc_time                              - Undefined Weak Reference
    _getenv_init                              - Undefined Weak Reference
    _handle_redirection                       - Undefined Weak Reference
    _init_alloc                               - Undefined Weak Reference
    _init_user_alloc                          - Undefined Weak Reference
    _initio                                   - Undefined Weak Reference
    _mutex_acquire                            - Undefined Weak Reference
    _mutex_release                            - Undefined Weak Reference
    _printf_mbtowc                            - Undefined Weak Reference
    _printf_post_padding                      - Undefined Weak Reference
    _printf_pre_padding                       - Undefined Weak Reference
    _printf_truncate_signed                   - Undefined Weak Reference
    _printf_truncate_unsigned                 - Undefined Weak Reference
    _rand_init                                - Undefined Weak Reference
    _signal_finish                            - Undefined Weak Reference
    _signal_init                              - Undefined Weak Reference
    _terminate_alloc                          - Undefined Weak Reference
    _terminate_user_alloc                     - Undefined Weak Reference
    _terminateio                              - Undefined Weak Reference
    __Vectors_Size                           0x00000188   Number         0  startup_stm32f40xx.o ABSOLUTE
    __Vectors                                0x08000000   Data           4  startup_stm32f40xx.o(RESET)
    __Vectors_End                            0x08000188   Data           0  startup_stm32f40xx.o(RESET)
    __main                                   0x08000189   Thumb Code     8  __main.o(!!!main)
    __scatterload                            0x08000191   Thumb Code     0  __scatter.o(!!!scatter)
    __scatterload_rt2                        0x08000191   Thumb Code    44  __scatter.o(!!!scatter)
    __scatterload_rt2_thumb_only             0x08000191   Thumb Code     0  __scatter.o(!!!scatter)
    __scatterload_null                       0x0800019f   Thumb Code     0  __scatter.o(!!!scatter)
    __scatterload_copy                       0x080001c5   Thumb Code    26  __scatter_copy.o(!!handler_copy)
    __scatterload_zeroinit                   0x080001e1   Thumb Code    28  __scatter_zi.o(!!handler_zi)
    _printf_d                                0x080001fd   Thumb Code     0  _printf_d.o(.ARM.Collect$$_printf_percent$$00000009)
    _printf_percent                          0x080001fd   Thumb Code     0  _printf_percent.o(.ARM.Collect$$_printf_percent$$00000000)
    _printf_x                                0x08000203   Thumb Code     0  _printf_x.o(.ARM.Collect$$_printf_percent$$0000000C)
    _printf_s                                0x08000209   Thumb Code     0  _printf_s.o(.ARM.Collect$$_printf_percent$$00000014)
    _printf_percent_end                      0x0800020f   Thumb Code     0  _printf_percent_end.o(.ARM.Collect$$_printf_percent$$00000017)
    __rt_lib_init                            0x08000213   Thumb Code     0  libinit.o(.ARM.Collect$$libinit$$00000000)
    __rt_lib_init_fp_1                       0x08000215   Thumb Code     0  libinit2.o(.ARM.Collect$$libinit$$00000001)
    __rt_lib_init_alloca_1                   0x08000219   Thumb Code     0  libinit2.o(.ARM.Collect$$libinit$$0000002E)
    __rt_lib_init_argv_1                     0x08000219   Thumb Code     0  libinit2.o(.ARM.Collect$$libinit$$0000002C)
    __rt_lib_init_atexit_1                   0x08000219   Thumb Code     0  libinit2.o(.ARM.Collect$$libinit$$0000001B)
    __rt_lib_init_clock_1                    0x08000219   Thumb Code     0  libinit2.o(.ARM.Collect$$libinit$$00000021)
    __rt_lib_init_cpp_1                      0x08000219   Thumb Code     0  libinit2.o(.ARM.Collect$$libinit$$00000032)
    __rt_lib_init_exceptions_1               0x08000219   Thumb Code     0  libinit2.o(.ARM.Collect$$libinit$$00000030)
    __rt_lib_init_fp_trap_1                  0x08000219   Thumb Code     0  libinit2.o(.ARM.Collect$$libinit$$0000001F)
    __rt_lib_init_getenv_1                   0x08000219   Thumb Code     0  libinit2.o(.ARM.Collect$$libinit$$00000023)
    __rt_lib_init_heap_1                     0x08000219   Thumb Code     0  libinit2.o(.ARM.Collect$$libinit$$0000000A)
    __rt_lib_init_lc_collate_1               0x08000219   Thumb Code     0  libinit2.o(.ARM.Collect$$libinit$$00000011)
    __rt_lib_init_lc_ctype_1                 0x08000219   Thumb Code     0  libinit2.o(.ARM.Collect$$libinit$$00000013)
    __rt_lib_init_lc_monetary_1              0x08000219   Thumb Code     0  libinit2.o(.ARM.Collect$$libinit$$00000015)
    __rt_lib_init_lc_numeric_1               0x08000219   Thumb Code     0  libinit2.o(.ARM.Collect$$libinit$$00000017)
    __rt_lib_init_lc_time_1                  0x08000219   Thumb Code     0  libinit2.o(.ARM.Collect$$libinit$$00000019)
    __rt_lib_init_preinit_1                  0x08000219   Thumb Code     0  libinit2.o(.ARM.Collect$$libinit$$00000004)
    __rt_lib_init_rand_1                     0x08000219   Thumb Code     0  libinit2.o(.ARM.Collect$$libinit$$0000000E)
    __rt_lib_init_return                     0x08000219   Thumb Code     0  libinit2.o(.ARM.Collect$$libinit$$00000033)
    __rt_lib_init_signal_1                   0x08000219   Thumb Code     0  libinit2.o(.ARM.Collect$$libinit$$0000001D)
    __rt_lib_init_stdio_1                    0x08000219   Thumb Code     0  libinit2.o(.ARM.Collect$$libinit$$00000025)
    __rt_lib_init_user_alloc_1               0x08000219   Thumb Code     0  libinit2.o(.ARM.Collect$$libinit$$0000000C)
    __rt_lib_shutdown                        0x0800021b   Thumb Code     0  libshutdown.o(.ARM.Collect$$libshutdown$$00000000)
    __rt_lib_shutdown_cpp_1                  0x0800021d   Thumb Code     0  libshutdown2.o(.ARM.Collect$$libshutdown$$00000002)
    __rt_lib_shutdown_fp_trap_1              0x0800021d   Thumb Code     0  libshutdown2.o(.ARM.Collect$$libshutdown$$00000007)
    __rt_lib_shutdown_heap_1                 0x0800021d   Thumb Code     0  libshutdown2.o(.ARM.Collect$$libshutdown$$0000000F)
    __rt_lib_shutdown_return                 0x0800021d   Thumb Code     0  libshutdown2.o(.ARM.Collect$$libshutdown$$00000010)
    __rt_lib_shutdown_signal_1               0x0800021d   Thumb Code     0  libshutdown2.o(.ARM.Collect$$libshutdown$$0000000A)
    __rt_lib_shutdown_stdio_1                0x0800021d   Thumb Code     0  libshutdown2.o(.ARM.Collect$$libshutdown$$00000004)
    __rt_lib_shutdown_user_alloc_1           0x0800021d   Thumb Code     0  libshutdown2.o(.ARM.Collect$$libshutdown$$0000000C)
    __rt_entry                               0x0800021f   Thumb Code     0  __rtentry.o(.ARM.Collect$$rtentry$$00000000)
    __rt_entry_presh_1                       0x0800021f   Thumb Code     0  __rtentry2.o(.ARM.Collect$$rtentry$$00000002)
    __rt_entry_sh                            0x0800021f   Thumb Code     0  __rtentry4.o(.ARM.Collect$$rtentry$$00000004)
    __rt_entry_li                            0x08000225   Thumb Code     0  __rtentry2.o(.ARM.Collect$$rtentry$$0000000A)
    __rt_entry_postsh_1                      0x08000225   Thumb Code     0  __rtentry2.o(.ARM.Collect$$rtentry$$00000009)
    __rt_entry_main                          0x08000229   Thumb Code     0  __rtentry2.o(.ARM.Collect$$rtentry$$0000000D)
    __rt_entry_postli_1                      0x08000229   Thumb Code     0  __rtentry2.o(.ARM.Collect$$rtentry$$0000000C)
    __rt_exit                                0x08000231   Thumb Code     0  rtexit.o(.ARM.Collect$$rtexit$$00000000)
    __rt_exit_ls                             0x08000233   Thumb Code     0  rtexit2.o(.ARM.Collect$$rtexit$$00000003)
    __rt_exit_prels_1                        0x08000233   Thumb Code     0  rtexit2.o(.ARM.Collect$$rtexit$$00000002)
    __rt_exit_exit                           0x08000237   Thumb Code     0  rtexit2.o(.ARM.Collect$$rtexit$$00000004)
    PendSV_Handler                           0x0800023d   Thumb Code    68  makos_pendsv.o(.emb_text)
    Reset_Handler                            0x08000289   Thumb Code     8  startup_stm32f40xx.o(.text)
    ADC_IRQHandler                           0x080002a3   Thumb Code     0  startup_stm32f40xx.o(.text)
    CAN1_RX0_IRQHandler                      0x080002a3   Thumb Code     0  startup_stm32f40xx.o(.text)
    CAN1_RX1_IRQHandler                      0x080002a3   Thumb Code     0  startup_stm32f40xx.o(.text)
    CAN1_SCE_IRQHandler                      0x080002a3   Thumb Code     0  startup_stm32f40xx.o(.text)
    CAN1_TX_IRQHandler                       0x080002a3   Thumb Code     0  startup_stm32f40xx.o(.text)
    CAN2_RX0_IRQHandler                      0x080002a3   Thumb Code     0  startup_stm32f40xx.o(.text)
    CAN2_RX1_IRQHandler                      0x080002a3   Thumb Code     0  startup_stm32f40xx.o(.text)
    CAN2_SCE_IRQHandler                      0x080002a3   Thumb Code     0  startup_stm32f40xx.o(.text)
    CAN2_TX_IRQHandler                       0x080002a3   Thumb Code     0  startup_stm32f40xx.o(.text)
    CRYP_IRQHandler                          0x080002a3   Thumb Code     0  startup_stm32f40xx.o(.text)
    DCMI_IRQHandler                          0x080002a3   Thumb Code     0  startup_stm32f40xx.o(.text)
    DMA1_Stream0_IRQHandler                  0x080002a3   Thumb Code     0  startup_stm32f40xx.o(.text)
    DMA1_Stream1_IRQHandler                  0x080002a3   Thumb Code     0  startup_stm32f40xx.o(.text)
    DMA1_Stream2_IRQHandler                  0x080002a3   Thumb Code     0  startup_stm32f40xx.o(.text)
    DMA1_Stream3_IRQHandler                  0x080002a3   Thumb Code     0  startup_stm32f40xx.o(.text)
    DMA1_Stream4_IRQHandler                  0x080002a3   Thumb Code     0  startup_stm32f40xx.o(.text)
    DMA1_Stream5_IRQHandler                  0x080002a3   Thumb Code     0  startup_stm32f40xx.o(.text)
    DMA1_Stream6_IRQHandler                  0x080002a3   Thumb Code     0  startup_stm32f40xx.o(.text)
    DMA1_Stream7_IRQHandler                  0x080002a3   Thumb Code     0  startup_stm32f40xx.o(.text)
    DMA2_Stream0_IRQHandler                  0x080002a3   Thumb Code     0  startup_stm32f40xx.o(.text)
    DMA2_Stream1_IRQHandler                  0x080002a3   Thumb Code     0  startup_stm32f40xx.o(.text)
    DMA2_Stream2_IRQHandler                  0x080002a3   Thumb Code     0  startup_stm32f40xx.o(.text)
    DMA2_Stream3_IRQHandler                  0x080002a3   Thumb Code     0  startup_stm32f40xx.o(.text)
    DMA2_Stream4_IRQHandler                  0x080002a3   Thumb Code     0  startup_stm32f40xx.o(.text)
    DMA2_Stream5_IRQHandler                  0x080002a3   Thumb Code     0  startup_stm32f40xx.o(.text)
    DMA2_Stream6_IRQHandler                  0x080002a3   Thumb Code     0  startup_stm32f40xx.o(.text)
    DMA2_Stream7_IRQHandler                  0x080002a3   Thumb Code     0  startup_stm32f40xx.o(.text)
    ETH_IRQHandler                           0x080002a3   Thumb Code     0  startup_stm32f40xx.o(.text)
    ETH_WKUP_IRQHandler                      0x080002a3   Thumb Code     0  startup_stm32f40xx.o(.text)
    EXTI0_IRQHandler                         0x080002a3   Thumb Code     0  startup_stm32f40xx.o(.text)
    EXTI15_10_IRQHandler                     0x080002a3   Thumb Code     0  startup_stm32f40xx.o(.text)
    EXTI1_IRQHandler                         0x080002a3   Thumb Code     0  startup_stm32f40xx.o(.text)
    EXTI2_IRQHandler                         0x080002a3   Thumb Code     0  startup_stm32f40xx.o(.text)
    EXTI3_IRQHandler                         0x080002a3   Thumb Code     0  startup_stm32f40xx.o(.text)
    EXTI9_5_IRQHandler                       0x080002a3   Thumb Code     0  startup_stm32f40xx.o(.text)
    FLASH_IRQHandler                         0x080002a3   Thumb Code     0  startup_stm32f40xx.o(.text)
    FPU_IRQHandler                           0x080002a3   Thumb Code     0  startup_stm32f40xx.o(.text)
    FSMC_IRQHandler                          0x080002a3   Thumb Code     0  startup_stm32f40xx.o(.text)
    HASH_RNG_IRQHandler                      0x080002a3   Thumb Code     0  startup_stm32f40xx.o(.text)
    I2C1_ER_IRQHandler                       0x080002a3   Thumb Code     0  startup_stm32f40xx.o(.text)
    I2C1_EV_IRQHandler                       0x080002a3   Thumb Code     0  startup_stm32f40xx.o(.text)
    I2C2_ER_IRQHandler                       0x080002a3   Thumb Code     0  startup_stm32f40xx.o(.text)
    I2C2_EV_IRQHandler                       0x080002a3   Thumb Code     0  startup_stm32f40xx.o(.text)
    I2C3_ER_IRQHandler                       0x080002a3   Thumb Code     0  startup_stm32f40xx.o(.text)
    I2C3_EV_IRQHandler                       0x080002a3   Thumb Code     0  startup_stm32f40xx.o(.text)
    OTG_FS_IRQHandler                        0x080002a3   Thumb Code     0  startup_stm32f40xx.o(.text)
    OTG_FS_WKUP_IRQHandler                   0x080002a3   Thumb Code     0  startup_stm32f40xx.o(.text)
    OTG_HS_EP1_IN_IRQHandler                 0x080002a3   Thumb Code     0  startup_stm32f40xx.o(.text)
    OTG_HS_EP1_OUT_IRQHandler                0x080002a3   Thumb Code     0  startup_stm32f40xx.o(.text)
    OTG_HS_IRQHandler                        0x080002a3   Thumb Code     0  startup_stm32f40xx.o(.text)
    OTG_HS_WKUP_IRQHandler                   0x080002a3   Thumb Code     0  startup_stm32f40xx.o(.text)
    PVD_IRQHandler                           0x080002a3   Thumb Code     0  startup_stm32f40xx.o(.text)
    RCC_IRQHandler                           0x080002a3   Thumb Code     0  startup_stm32f40xx.o(.text)
    RTC_Alarm_IRQHandler                     0x080002a3   Thumb Code     0  startup_stm32f40xx.o(.text)
    RTC_WKUP_IRQHandler                      0x080002a3   Thumb Code     0  startup_stm32f40xx.o(.text)
    SDIO_IRQHandler                          0x080002a3   Thumb Code     0  startup_stm32f40xx.o(.text)
    SPI1_IRQHandler                          0x080002a3   Thumb Code     0  startup_stm32f40xx.o(.text)
    SPI2_IRQHandler                          0x080002a3   Thumb Code     0  startup_stm32f40xx.o(.text)
    SPI3_IRQHandler                          0x080002a3   Thumb Code     0  startup_stm32f40xx.o(.text)
    TAMP_STAMP_IRQHandler                    0x080002a3   Thumb Code     0  startup_stm32f40xx.o(.text)
    TIM1_BRK_TIM9_IRQHandler                 0x080002a3   Thumb Code     0  startup_stm32f40xx.o(.text)
    TIM1_CC_IRQHandler                       0x080002a3   Thumb Code     0  startup_stm32f40xx.o(.text)
    TIM1_TRG_COM_TIM11_IRQHandler            0x080002a3   Thumb Code     0  startup_stm32f40xx.o(.text)
    TIM1_UP_TIM10_IRQHandler                 0x080002a3   Thumb Code     0  startup_stm32f40xx.o(.text)
    TIM2_IRQHandler                          0x080002a3   Thumb Code     0  startup_stm32f40xx.o(.text)
    TIM3_IRQHandler                          0x080002a3   Thumb Code     0  startup_stm32f40xx.o(.text)
    TIM4_IRQHandler                          0x080002a3   Thumb Code     0  startup_stm32f40xx.o(.text)
    TIM5_IRQHandler                          0x080002a3   Thumb Code     0  startup_stm32f40xx.o(.text)
    TIM6_DAC_IRQHandler                      0x080002a3   Thumb Code     0  startup_stm32f40xx.o(.text)
    TIM7_IRQHandler                          0x080002a3   Thumb Code     0  startup_stm32f40xx.o(.text)
    TIM8_BRK_TIM12_IRQHandler                0x080002a3   Thumb Code     0  startup_stm32f40xx.o(.text)
    TIM8_CC_IRQHandler                       0x080002a3   Thumb Code     0  startup_stm32f40xx.o(.text)
    TIM8_TRG_COM_TIM14_IRQHandler            0x080002a3   Thumb Code     0  startup_stm32f40xx.o(.text)
    TIM8_UP_TIM13_IRQHandler                 0x080002a3   Thumb Code     0  startup_stm32f40xx.o(.text)
    UART4_IRQHandler                         0x080002a3   Thumb Code     0  startup_stm32f40xx.o(.text)
    UART5_IRQHandler                         0x080002a3   Thumb Code     0  startup_stm32f40xx.o(.text)
    USART2_IRQHandler                        0x080002a3   Thumb Code     0  startup_stm32f40xx.o(.text)
    USART3_IRQHandler                        0x080002a3   Thumb Code     0  startup_stm32f40xx.o(.text)
    USART6_IRQHandler                        0x080002a3   Thumb Code     0  startup_stm32f40xx.o(.text)
    WWDG_IRQHandler                          0x080002a3   Thumb Code     0  startup_stm32f40xx.o(.text)
    __user_initial_stackheap                 0x080002a5   Thumb Code     0  startup_stm32f40xx.o(.text)
    __use_no_semihosting                     0x080002c9   Thumb Code     2  use_no_semi_2.o(.text)
    __2printf                                0x080002cd   Thumb Code    20  noretval__2printf.o(.text)
    __printf                                 0x080002e5   Thumb Code   104  __printf.o(.text)
    _printf_str                              0x0800034d   Thumb Code    82  _printf_str.o(.text)
    _printf_int_dec                          0x080003a1   Thumb Code   104  _printf_dec.o(.text)
    _printf_int_hex                          0x08000419   Thumb Code    84  _printf_hex_int.o(.text)
    _printf_longlong_hex                     0x08000419   Thumb Code     0  _printf_hex_int.o(.text)
    __use_two_region_memory                  0x08000471   Thumb Code     2  heapauxi.o(.text)
    __rt_heap_escrow$2region                 0x08000473   Thumb Code     2  heapauxi.o(.text)
    __rt_heap_expand$2region                 0x08000475   Thumb Code     2  heapauxi.o(.text)
    __I$use$semihosting                      0x08000477   Thumb Code     0  use_no_semi.o(.text)
    __use_no_semihosting_swi                 0x08000477   Thumb Code     2  use_no_semi.o(.text)
    _printf_int_common                       0x08000479   Thumb Code   178  _printf_intcommon.o(.text)
    _printf_cs_common                        0x0800052b   Thumb Code    20  _printf_char.o(.text)
    _printf_char                             0x0800053f   Thumb Code    16  _printf_char.o(.text)
    _printf_string                           0x0800054f   Thumb Code     8  _printf_char.o(.text)
    _printf_char_file                        0x08000559   Thumb Code    32  _printf_char_file.o(.text)
    _printf_char_common                      0x08000587   Thumb Code    32  _printf_char_common.o(.text)
    ferror                                   0x080005ad   Thumb Code     8  ferror.o(.text)
    __user_setup_stackheap                   0x080005b5   Thumb Code    74  sys_stackheap_outer.o(.text)
    exit                                     0x080005ff   Thumb Code    18  exit.o(.text)
    __user_libspace                          0x08000611   Thumb Code     8  libspace.o(.text)
    __user_perproc_libspace                  0x08000611   Thumb Code     0  libspace.o(.text)
    __user_perthread_libspace                0x08000611   Thumb Code     0  libspace.o(.text)
    BusFault_Handler                         0x08000619   Thumb Code    10  stm32f4xx_it.o(i.BusFault_Handler)
    DebugMon_Handler                         0x08000639   Thumb Code     2  stm32f4xx_it.o(i.DebugMon_Handler)
    EXTI4_IRQHandler                         0x0800063b   Thumb Code    22  makos_irq_handle.o(i.EXTI4_IRQHandler)
    EXTI_ClearITPendingBit                   0x08000651   Thumb Code     6  stm32f4xx_exti.o(i.EXTI_ClearITPendingBit)
    EXTI_GetITStatus                         0x0800065d   Thumb Code    20  stm32f4xx_exti.o(i.EXTI_GetITStatus)
    EXTI_Init                                0x08000675   Thumb Code   142  stm32f4xx_exti.o(i.EXTI_Init)
    GPIO_Init                                0x08000709   Thumb Code   144  stm32f4xx_gpio.o(i.GPIO_Init)
    GPIO_PinAFConfig                         0x08000799   Thumb Code    70  stm32f4xx_gpio.o(i.GPIO_PinAFConfig)
    GPIO_ReadInputDataBit                    0x080007df   Thumb Code    18  stm32f4xx_gpio.o(i.GPIO_ReadInputDataBit)
    GPIO_ResetBits                           0x080007f1   Thumb Code     4  stm32f4xx_gpio.o(i.GPIO_ResetBits)
    GPIO_SetBits                             0x080007f5   Thumb Code     4  stm32f4xx_gpio.o(i.GPIO_SetBits)
    HardFault_Handler                        0x080007f9   Thumb Code    20  stm32f4xx_it.o(i.HardFault_Handler)
    MCB_get                                  0x0800082d   Thumb Code    94  makos_memory.o(i.MCB_get)
    MemManage_Handler                        0x080008f5   Thumb Code    10  stm32f4xx_it.o(i.MemManage_Handler)
    NMI_Handler                              0x08000915   Thumb Code    10  stm32f4xx_it.o(i.NMI_Handler)
    NVIC_Init                                0x08000931   Thumb Code   106  misc.o(i.NVIC_Init)
    NVIC_PriorityGroupConfig                 0x080009a9   Thumb Code    10  misc.o(i.NVIC_PriorityGroupConfig)
    RCC_AHB1PeriphClockCmd                   0x080009bd   Thumb Code    26  stm32f4xx_rcc.o(i.RCC_AHB1PeriphClockCmd)
    RCC_APB1PeriphClockCmd                   0x080009dd   Thumb Code    26  stm32f4xx_rcc.o(i.RCC_APB1PeriphClockCmd)
    RCC_APB2PeriphClockCmd                   0x080009fd   Thumb Code    26  stm32f4xx_rcc.o(i.RCC_APB2PeriphClockCmd)
    RCC_GetClocksFreq                        0x08000a1d   Thumb Code   214  stm32f4xx_rcc.o(i.RCC_GetClocksFreq)
    SVC_Handler                              0x08000b05   Thumb Code     2  stm32f4xx_it.o(i.SVC_Handler)
    SYSCFG_EXTILineConfig                    0x08000b09   Thumb Code    60  stm32f4xx_syscfg.o(i.SYSCFG_EXTILineConfig)
    SysTick_Handler                          0x08000c35   Thumb Code    10  makos_tick.o(i.SysTick_Handler)
    SystemInit                               0x08000c45   Thumb Code    88  system_stm32f4xx.o(i.SystemInit)
    USART1_IRQHandler                        0x08000cad   Thumb Code    46  makos_resolver.o(i.USART1_IRQHandler)
    USART1_IRQ_init                          0x08000ce5   Thumb Code    46  makos_resolver.o(i.USART1_IRQ_init)
    USART_ClearITPendingBit                  0x08000d19   Thumb Code    30  stm32f4xx_usart.o(i.USART_ClearITPendingBit)
    USART_Cmd                                0x08000d37   Thumb Code    24  stm32f4xx_usart.o(i.USART_Cmd)
    USART_GetITStatus                        0x08000d4f   Thumb Code    84  stm32f4xx_usart.o(i.USART_GetITStatus)
    USART_ITConfig                           0x08000da3   Thumb Code    74  stm32f4xx_usart.o(i.USART_ITConfig)
    USART_Init                               0x08000ded   Thumb Code   204  stm32f4xx_usart.o(i.USART_Init)
    UsageFault_Handler                       0x08000ec1   Thumb Code    10  stm32f4xx_it.o(i.UsageFault_Handler)
    _sys_exit                                0x08000ee5   Thumb Code     6  usart.o(i._sys_exit)
    add_irq_handle                           0x08000eed   Thumb Code    82  makos_irq_handle.o(i.add_irq_handle)
    dndqueue_add_last                        0x08000f45   Thumb Code    80  makos_dnode_queue.o(i.dndqueue_add_last)
    dndqueue_init                            0x08000fe1   Thumb Code   100  makos_dnode_queue.o(i.dndqueue_init)
    dnode_add_first                          0x080010b1   Thumb Code    14  makos_doublelist.o(i.dnode_add_first)
    dnode_add_last                           0x080010bf   Thumb Code    14  makos_doublelist.o(i.dnode_add_last)
    dnode_head_init                          0x080010cd   Thumb Code     6  makos_doublelist.o(i.dnode_head_init)
    dnode_remove                             0x080010d3   Thumb Code    20  makos_doublelist.o(i.dnode_remove)
    fputc                                    0x080010e9   Thumb Code    60  makos_print.o(i.fputc)
    init_tick_callback                       0x08001135   Thumb Code    10  makos_tick_handle.o(i.init_tick_callback)
    irq_close                                0x08001149   Thumb Code    46  makos_critical.o(i.irq_close)
    irq_get_active                           0x08001199   Thumb Code    12  makos_irq_handle.o(i.irq_get_active)
    irq_restore                              0x080011a9   Thumb Code    42  makos_critical.o(i.irq_restore)
    key_handle                               0x080011f5   Thumb Code    40  task_key.o(i.key_handle)
    key_init                                 0x08001225   Thumb Code   122  task_key.o(i.key_init)
    main                                     0x080012a5   Thumb Code    78  main.o(i.main)
    makos_get_prio_highest                   0x08001351   Thumb Code    40  makos_system.o(i.makos_get_prio_highest)
    makos_init                               0x0800137d   Thumb Code   126  makos_system.o(i.makos_init)
    makos_irq_handle                         0x0800143d   Thumb Code    52  makos_irq_handle.o(i.makos_irq_handle)
    makos_run                                0x08001479   Thumb Code    54  makos_system.o(i.makos_run)
    makos_update_switch                      0x080014d5   Thumb Code    46  makos_system.o(i.makos_update_switch)
    msg_get_read_try                         0x08001521   Thumb Code    22  makos_message.o(i.msg_get_read_try)
    msg_get_write_last                       0x08001537   Thumb Code    56  makos_message.o(i.msg_get_write_last)
    msg_init                                 0x08001571   Thumb Code    94  makos_message.o(i.msg_init)
    msg_read_finish_try                      0x08001635   Thumb Code    38  makos_message.o(i.msg_read_finish_try)
    msg_write_finish_last                    0x0800165b   Thumb Code    38  makos_message.o(i.msg_write_finish_last)
    mutex_init                               0x08001681   Thumb Code    70  makos_mutex.o(i.mutex_init)
    pipe_init                                0x0800172d   Thumb Code    74  makos_pipe.o(i.pipe_init)
    pipe_read                                0x080017c1   Thumb Code    62  makos_pipe.o(i.pipe_read)
    pipe_write                               0x080017ff   Thumb Code    70  makos_pipe.o(i.pipe_write)
    resolve_add                              0x08001845   Thumb Code    28  makos_resolver.o(i.resolve_add)
    resolver_init                            0x08001865   Thumb Code    22  makos_resolver.o(i.resolver_init)
    set_cpu_print                            0x08001885   Thumb Code    30  makos_idle.o(i.set_cpu_print)
    string_compare                           0x080018a9   Thumb Code    52  makos_resolver.o(i.string_compare)
    string_get_U32                           0x080018dd   Thumb Code    68  makos_resolver.o(i.string_get_U32)
    task_PRINT                               0x08001921   Thumb Code    96  makos_print.o(i.task_PRINT)
    task_create                              0x08001989   Thumb Code   672  makos_task.o(i.task_create)
    task_delay_ms                            0x08001c41   Thumb Code    46  makos_schedule.o(i.task_delay_ms)
    task_idle                                0x08001c79   Thumb Code   142  makos_idle.o(i.task_idle)
    task_irq_handle                          0x08001d49   Thumb Code    58  makos_irq_handle.o(i.task_irq_handle)
    task_key                                 0x08001d91   Thumb Code    62  task_key.o(i.task_key)
    task_leda67                              0x08001de1   Thumb Code   110  task_key.o(i.task_leda67)
    task_resolver                            0x08001e59   Thumb Code   248  makos_resolver.o(i.task_resolver)
    task_resume                              0x08001fa9   Thumb Code    48  makos_schedule.o(i.task_resume)
    tick_handle                              0x08001fdd   Thumb Code    98  makos_tick_handle.o(i.tick_handle)
    tick_init                                0x08002049   Thumb Code    66  makos_tick.o(i.tick_init)
    tick_start                               0x08002099   Thumb Code    28  makos_tick.o(i.tick_start)
    usart_debug_init                         0x080020b5   Thumb Code   130  usart.o(i.usart_debug_init)
    _fp_init                                 0x08002141   Thumb Code    10  fpinit.o(x$fpl$fpinit)
    __fplib_config_fpu_vfp                   0x08002149   Thumb Code     0  fpinit.o(x$fpl$fpinit)
    __fplib_config_pureend_doubles           0x08002149   Thumb Code     0  fpinit.o(x$fpl$fpinit)
    Region$$Table$$Base                      0x080021c4   Number         0  anon$$obj.o(Region$$Table)
    Region$$Table$$Limit                     0x080021e4   Number         0  anon$$obj.o(Region$$Table)
    __stdout                                 0x20000004   Data           4  usart.o(.data)
    irq_pos                                  0x20000008   Data           1  makos_critical.o(.data)
    tick_callback                            0x2000000c   Data           4  makos_tick.o(.data)
    ptcb_curr                                0x20000010   Data           4  makos_system.o(.data)
    ptcb_next                                0x20000014   Data           4  makos_system.o(.data)
    system_clock                             0x20000018   Data           4  makos_tick_handle.o(.data)
    print_flag                               0x2000001c   Data           1  makos_print.o(.data)
    dhead_print                              0x20000020   Data           8  makos_print.o(.data)
    cpu_print                                0x20000028   Data           1  makos_idle.o(.data)
    dhead_resolve                            0x2000002c   Data           8  makos_resolver.o(.data)
    dhead_irq                                0x20000034   Data           8  makos_irq_handle.o(.data)
    ptcb_irq_handle                          0x2000003c   Data           4  makos_irq_handle.o(.data)
    key_msg                                  0x20000050   Data          28  task_key.o(.bss)
    irq_stat                                 0x2000006c   Data          40  makos_critical.o(.bss)
    MCB                                      0x20000094   Data       65540  makos_memory.o(.bss)
    system_param                             0x20010098   Data          76  makos_system.o(.bss)
    pipe_resolver                            0x200100e4   Data          20  makos_resolver.o(.bss)
    __libspace_start                         0x200100f8   Data          96  libspace.o(.bss)
    __temporary_stack_top$libspace           0x20010158   Data           0  libspace.o(.bss)



==============================================================================

Memory Map of the image

  Image Entry point : 0x08000189

  Load Region LR_IROM1 (Base: 0x08000000, Size: 0x00002234, Max: 0x00100000, ABSOLUTE)

    Execution Region ER_IROM1 (Base: 0x08000000, Size: 0x000021e4, Max: 0x00100000, ABSOLUTE)

    Base Addr    Size         Type   Attr      Idx    E Section Name        Object

    0x08000000   0x00000188   Data   RO         6670    RESET               startup_stm32f40xx.o
    0x08000188   0x00000008   Code   RO         6736  * !!!main             c_w.l(__main.o)
    0x08000190   0x00000034   Code   RO         6906    !!!scatter          c_w.l(__scatter.o)
    0x080001c4   0x0000001a   Code   RO         6908    !!handler_copy      c_w.l(__scatter_copy.o)
    0x080001de   0x00000002   PAD
    0x080001e0   0x0000001c   Code   RO         6910    !!handler_zi        c_w.l(__scatter_zi.o)
    0x080001fc   0x00000000   Code   RO         6733    .ARM.Collect$$_printf_percent$$00000000  c_w.l(_printf_percent.o)
    0x080001fc   0x00000006   Code   RO         6732    .ARM.Collect$$_printf_percent$$00000009  c_w.l(_printf_d.o)
    0x08000202   0x00000006   Code   RO         6731    .ARM.Collect$$_printf_percent$$0000000C  c_w.l(_printf_x.o)
    0x08000208   0x00000006   Code   RO         6730    .ARM.Collect$$_printf_percent$$00000014  c_w.l(_printf_s.o)
    0x0800020e   0x00000004   Code   RO         6747    .ARM.Collect$$_printf_percent$$00000017  c_w.l(_printf_percent_end.o)
    0x08000212   0x00000002   Code   RO         6780    .ARM.Collect$$libinit$$00000000  c_w.l(libinit.o)
    0x08000214   0x00000004   Code   RO         6786    .ARM.Collect$$libinit$$00000001  c_w.l(libinit2.o)
    0x08000218   0x00000000   Code   RO         6789    .ARM.Collect$$libinit$$00000004  c_w.l(libinit2.o)
    0x08000218   0x00000000   Code   RO         6792    .ARM.Collect$$libinit$$0000000A  c_w.l(libinit2.o)
    0x08000218   0x00000000   Code   RO         6794    .ARM.Collect$$libinit$$0000000C  c_w.l(libinit2.o)
    0x08000218   0x00000000   Code   RO         6796    .ARM.Collect$$libinit$$0000000E  c_w.l(libinit2.o)
    0x08000218   0x00000000   Code   RO         6799    .ARM.Collect$$libinit$$00000011  c_w.l(libinit2.o)
    0x08000218   0x00000000   Code   RO         6801    .ARM.Collect$$libinit$$00000013  c_w.l(libinit2.o)
    0x08000218   0x00000000   Code   RO         6803    .ARM.Collect$$libinit$$00000015  c_w.l(libinit2.o)
    0x08000218   0x00000000   Code   RO         6805    .ARM.Collect$$libinit$$00000017  c_w.l(libinit2.o)
    0x08000218   0x00000000   Code   RO         6807    .ARM.Collect$$libinit$$00000019  c_w.l(libinit2.o)
    0x08000218   0x00000000   Code   RO         6809    .ARM.Collect$$libinit$$0000001B  c_w.l(libinit2.o)
    0x08000218   0x00000000   Code   RO         6811    .ARM.Collect$$libinit$$0000001D  c_w.l(libinit2.o)
    0x08000218   0x00000000   Code   RO         6813    .ARM.Collect$$libinit$$0000001F  c_w.l(libinit2.o)
    0x08000218   0x00000000   Code   RO         6815    .ARM.Collect$$libinit$$00000021  c_w.l(libinit2.o)
    0x08000218   0x00000000   Code   RO         6817    .ARM.Collect$$libinit$$00000023  c_w.l(libinit2.o)
    0x08000218   0x00000000   Code   RO         6819    .ARM.Collect$$libinit$$00000025  c_w.l(libinit2.o)
    0x08000218   0x00000000   Code   RO         6823    .ARM.Collect$$libinit$$0000002C  c_w.l(libinit2.o)
    0x08000218   0x00000000   Code   RO         6825    .ARM.Collect$$libinit$$0000002E  c_w.l(libinit2.o)
    0x08000218   0x00000000   Code   RO         6827    .ARM.Collect$$libinit$$00000030  c_w.l(libinit2.o)
    0x08000218   0x00000000   Code   RO         6829    .ARM.Collect$$libinit$$00000032  c_w.l(libinit2.o)
    0x08000218   0x00000002   Code   RO         6830    .ARM.Collect$$libinit$$00000033  c_w.l(libinit2.o)
    0x0800021a   0x00000002   Code   RO         6848    .ARM.Collect$$libshutdown$$00000000  c_w.l(libshutdown.o)
    0x0800021c   0x00000000   Code   RO         6858    .ARM.Collect$$libshutdown$$00000002  c_w.l(libshutdown2.o)
    0x0800021c   0x00000000   Code   RO         6860    .ARM.Collect$$libshutdown$$00000004  c_w.l(libshutdown2.o)
    0x0800021c   0x00000000   Code   RO         6863    .ARM.Collect$$libshutdown$$00000007  c_w.l(libshutdown2.o)
    0x0800021c   0x00000000   Code   RO         6866    .ARM.Collect$$libshutdown$$0000000A  c_w.l(libshutdown2.o)
    0x0800021c   0x00000000   Code   RO         6868    .ARM.Collect$$libshutdown$$0000000C  c_w.l(libshutdown2.o)
    0x0800021c   0x00000000   Code   RO         6871    .ARM.Collect$$libshutdown$$0000000F  c_w.l(libshutdown2.o)
    0x0800021c   0x00000002   Code   RO         6872    .ARM.Collect$$libshutdown$$00000010  c_w.l(libshutdown2.o)
    0x0800021e   0x00000000   Code   RO         6740    .ARM.Collect$$rtentry$$00000000  c_w.l(__rtentry.o)
    0x0800021e   0x00000000   Code   RO         6749    .ARM.Collect$$rtentry$$00000002  c_w.l(__rtentry2.o)
    0x0800021e   0x00000006   Code   RO         6761    .ARM.Collect$$rtentry$$00000004  c_w.l(__rtentry4.o)
    0x08000224   0x00000000   Code   RO         6751    .ARM.Collect$$rtentry$$00000009  c_w.l(__rtentry2.o)
    0x08000224   0x00000004   Code   RO         6752    .ARM.Collect$$rtentry$$0000000A  c_w.l(__rtentry2.o)
    0x08000228   0x00000000   Code   RO         6754    .ARM.Collect$$rtentry$$0000000C  c_w.l(__rtentry2.o)
    0x08000228   0x00000008   Code   RO         6755    .ARM.Collect$$rtentry$$0000000D  c_w.l(__rtentry2.o)
    0x08000230   0x00000002   Code   RO         6784    .ARM.Collect$$rtexit$$00000000  c_w.l(rtexit.o)
    0x08000232   0x00000000   Code   RO         6832    .ARM.Collect$$rtexit$$00000002  c_w.l(rtexit2.o)
    0x08000232   0x00000004   Code   RO         6833    .ARM.Collect$$rtexit$$00000003  c_w.l(rtexit2.o)
    0x08000236   0x00000006   Code   RO         6834    .ARM.Collect$$rtexit$$00000004  c_w.l(rtexit2.o)
    0x0800023c   0x0000004c   Code   RO          496    .emb_text           makos_pendsv.o
    0x08000288   0x00000040   Code   RO         6671    .text               startup_stm32f40xx.o
    0x080002c8   0x00000002   Code   RO         6677    .text               c_w.l(use_no_semi_2.o)
    0x080002ca   0x00000002   PAD
    0x080002cc   0x00000018   Code   RO         6681    .text               c_w.l(noretval__2printf.o)
    0x080002e4   0x00000068   Code   RO         6683    .text               c_w.l(__printf.o)
    0x0800034c   0x00000052   Code   RO         6685    .text               c_w.l(_printf_str.o)
    0x0800039e   0x00000002   PAD
    0x080003a0   0x00000078   Code   RO         6687    .text               c_w.l(_printf_dec.o)
    0x08000418   0x00000058   Code   RO         6692    .text               c_w.l(_printf_hex_int.o)
    0x08000470   0x00000006   Code   RO         6734    .text               c_w.l(heapauxi.o)
    0x08000476   0x00000002   Code   RO         6738    .text               c_w.l(use_no_semi.o)
    0x08000478   0x000000b2   Code   RO         6741    .text               c_w.l(_printf_intcommon.o)
    0x0800052a   0x0000002c   Code   RO         6743    .text               c_w.l(_printf_char.o)
    0x08000556   0x00000002   PAD
    0x08000558   0x00000024   Code   RO         6745    .text               c_w.l(_printf_char_file.o)
    0x0800057c   0x00000030   Code   RO         6763    .text               c_w.l(_printf_char_common.o)
    0x080005ac   0x00000008   Code   RO         6765    .text               c_w.l(ferror.o)
    0x080005b4   0x0000004a   Code   RO         6769    .text               c_w.l(sys_stackheap_outer.o)
    0x080005fe   0x00000012   Code   RO         6773    .text               c_w.l(exit.o)
    0x08000610   0x00000008   Code   RO         6781    .text               c_w.l(libspace.o)
    0x08000618   0x00000020   Code   RO         1427    i.BusFault_Handler  stm32f4xx_it.o
    0x08000638   0x00000002   Code   RO         1428    i.DebugMon_Handler  stm32f4xx_it.o
    0x0800063a   0x00000016   Code   RO         1373    i.EXTI4_IRQHandler  makos_irq_handle.o
    0x08000650   0x0000000c   Code   RO         2995    i.EXTI_ClearITPendingBit  stm32f4xx_exti.o
    0x0800065c   0x00000018   Code   RO         2999    i.EXTI_GetITStatus  stm32f4xx_exti.o
    0x08000674   0x00000094   Code   RO         3000    i.EXTI_Init         stm32f4xx_exti.o
    0x08000708   0x00000090   Code   RO         3517    i.GPIO_Init         stm32f4xx_gpio.o
    0x08000798   0x00000046   Code   RO         3518    i.GPIO_PinAFConfig  stm32f4xx_gpio.o
    0x080007de   0x00000012   Code   RO         3521    i.GPIO_ReadInputDataBit  stm32f4xx_gpio.o
    0x080007f0   0x00000004   Code   RO         3524    i.GPIO_ResetBits    stm32f4xx_gpio.o
    0x080007f4   0x00000004   Code   RO         3525    i.GPIO_SetBits      stm32f4xx_gpio.o
    0x080007f8   0x00000034   Code   RO         1429    i.HardFault_Handler  stm32f4xx_it.o
    0x0800082c   0x000000c8   Code   RO          700    i.MCB_get           makos_memory.o
    0x080008f4   0x00000020   Code   RO         1430    i.MemManage_Handler  stm32f4xx_it.o
    0x08000914   0x0000001c   Code   RO         1431    i.NMI_Handler       stm32f4xx_it.o
    0x08000930   0x00000078   Code   RO         1531    i.NVIC_Init         misc.o
    0x080009a8   0x00000014   Code   RO         1532    i.NVIC_PriorityGroupConfig  misc.o
    0x080009bc   0x00000020   Code   RO         4452    i.RCC_AHB1PeriphClockCmd  stm32f4xx_rcc.o
    0x080009dc   0x00000020   Code   RO         4461    i.RCC_APB1PeriphClockCmd  stm32f4xx_rcc.o
    0x080009fc   0x00000020   Code   RO         4464    i.RCC_APB2PeriphClockCmd  stm32f4xx_rcc.o
    0x08000a1c   0x000000e8   Code   RO         4473    i.RCC_GetClocksFreq  stm32f4xx_rcc.o
    0x08000b04   0x00000002   Code   RO         1432    i.SVC_Handler       stm32f4xx_it.o
    0x08000b06   0x00000002   PAD
    0x08000b08   0x00000040   Code   RO         5784    i.SYSCFG_EXTILineConfig  stm32f4xx_syscfg.o
    0x08000b48   0x000000ec   Code   RO         1490    i.SetSysClock       system_stm32f4xx.o
    0x08000c34   0x00000010   Code   RO          564    i.SysTick_Handler   makos_tick.o
    0x08000c44   0x00000068   Code   RO         1492    i.SystemInit        system_stm32f4xx.o
    0x08000cac   0x00000038   Code   RO         1303    i.USART1_IRQHandler  makos_resolver.o
    0x08000ce4   0x00000034   Code   RO         1304    i.USART1_IRQ_init   makos_resolver.o
    0x08000d18   0x0000001e   Code   RO         6411    i.USART_ClearITPendingBit  stm32f4xx_usart.o
    0x08000d36   0x00000018   Code   RO         6414    i.USART_Cmd         stm32f4xx_usart.o
    0x08000d4e   0x00000054   Code   RO         6418    i.USART_GetITStatus  stm32f4xx_usart.o
    0x08000da2   0x0000004a   Code   RO         6420    i.USART_ITConfig    stm32f4xx_usart.o
    0x08000dec   0x000000d4   Code   RO         6421    i.USART_Init        stm32f4xx_usart.o
    0x08000ec0   0x00000024   Code   RO         1433    i.UsageFault_Handler  stm32f4xx_it.o
    0x08000ee4   0x00000006   Code   RO          462    i._sys_exit         usart.o
    0x08000eea   0x00000002   PAD
    0x08000eec   0x00000058   Code   RO         1374    i.add_irq_handle    makos_irq_handle.o
    0x08000f44   0x0000009c   Code   RO         1193    i.dndqueue_add_last  makos_dnode_queue.o
    0x08000fe0   0x000000d0   Code   RO         1194    i.dndqueue_init     makos_dnode_queue.o
    0x080010b0   0x0000000e   Code   RO          613    i.dnode_add_first   makos_doublelist.o
    0x080010be   0x0000000e   Code   RO          614    i.dnode_add_last    makos_doublelist.o
    0x080010cc   0x00000006   Code   RO          617    i.dnode_head_init   makos_doublelist.o
    0x080010d2   0x00000014   Code   RO          619    i.dnode_remove      makos_doublelist.o
    0x080010e6   0x00000002   PAD
    0x080010e8   0x0000004c   Code   RO         1234    i.fputc             makos_print.o
    0x08001134   0x00000014   Code   RO         1150    i.init_tick_callback  makos_tick_handle.o
    0x08001148   0x00000050   Code   RO          515    i.irq_close         makos_critical.o
    0x08001198   0x00000010   Code   RO         1375    i.irq_get_active    makos_irq_handle.o
    0x080011a8   0x0000004c   Code   RO          516    i.irq_restore       makos_critical.o
    0x080011f4   0x00000030   Code   RO          277    i.key_handle        task_key.o
    0x08001224   0x00000080   Code   RO          278    i.key_init          task_key.o
    0x080012a4   0x000000ac   Code   RO            4    i.main              main.o
    0x08001350   0x0000002c   Code   RO          936    i.makos_get_prio_highest  makos_system.o
    0x0800137c   0x000000c0   Code   RO          937    i.makos_init        makos_system.o
    0x0800143c   0x0000003c   Code   RO         1376    i.makos_irq_handle  makos_irq_handle.o
    0x08001478   0x0000005c   Code   RO          938    i.makos_run         makos_system.o
    0x080014d4   0x0000004c   Code   RO          939    i.makos_update_switch  makos_system.o
    0x08001520   0x00000016   Code   RO         1006    i.msg_get_read_try  makos_message.o
    0x08001536   0x00000038   Code   RO         1008    i.msg_get_write_last  makos_message.o
    0x0800156e   0x00000002   PAD
    0x08001570   0x000000c4   Code   RO         1010    i.msg_init          makos_message.o
    0x08001634   0x00000026   Code   RO         1012    i.msg_read_finish_try  makos_message.o
    0x0800165a   0x00000026   Code   RO         1014    i.msg_write_finish_last  makos_message.o
    0x08001680   0x000000ac   Code   RO          750    i.mutex_init        makos_mutex.o
    0x0800172c   0x00000094   Code   RO          858    i.pipe_init         makos_pipe.o
    0x080017c0   0x0000003e   Code   RO          859    i.pipe_read         makos_pipe.o
    0x080017fe   0x00000046   Code   RO          860    i.pipe_write        makos_pipe.o
    0x08001844   0x00000020   Code   RO         1305    i.resolve_add       makos_resolver.o
    0x08001864   0x00000020   Code   RO         1306    i.resolver_init     makos_resolver.o
    0x08001884   0x00000024   Code   RO         1270    i.set_cpu_print     makos_idle.o
    0x080018a8   0x00000034   Code   RO         1307    i.string_compare    makos_resolver.o
    0x080018dc   0x00000044   Code   RO         1308    i.string_get_U32    makos_resolver.o
    0x08001920   0x00000068   Code   RO         1235    i.task_PRINT        makos_print.o
    0x08001988   0x000002b8   Code   RO          905    i.task_create       makos_task.o
    0x08001c40   0x00000038   Code   RO         1089    i.task_delay_ms     makos_schedule.o
    0x08001c78   0x000000d0   Code   RO         1271    i.task_idle         makos_idle.o
    0x08001d48   0x00000048   Code   RO         1377    i.task_irq_handle   makos_irq_handle.o
    0x08001d90   0x00000050   Code   RO          279    i.task_key          task_key.o
    0x08001de0   0x00000078   Code   RO          280    i.task_leda67       task_key.o
    0x08001e58   0x00000150   Code   RO         1309    i.task_resolver     makos_resolver.o
    0x08001fa8   0x00000034   Code   RO         1092    i.task_resume       makos_schedule.o
    0x08001fdc   0x0000006c   Code   RO         1152    i.tick_handle       makos_tick_handle.o
    0x08002048   0x00000050   Code   RO          565    i.tick_init         makos_tick.o
    0x08002098   0x0000001c   Code   RO          566    i.tick_start        makos_tick.o
    0x080020b4   0x0000008c   Code   RO          463    i.usart_debug_init  usart.o
    0x08002140   0x0000000a   Code   RO         6840    x$fpl$fpinit        fz_wm.l(fpinit.o)
    0x0800214a   0x00000028   Data   RO         6693    .constdata          c_w.l(_printf_hex_int.o)
    0x08002172   0x00000002   PAD
    0x08002174   0x00000050   Data   RO          861    .conststring        makos_pipe.o
    0x080021c4   0x00000020   Data   RO         6904    Region$$Table       anon$$obj.o


    Execution Region RW_IRAM1 (Base: 0x20000000, Size: 0x00010758, Max: 0x00020000, ABSOLUTE)

    Base Addr    Size         Type   Attr      Idx    E Section Name        Object

    0x20000000   0x00000004   Data   RW          282    .data               task_key.o
    0x20000004   0x00000004   Data   RW          464    .data               usart.o
    0x20000008   0x00000001   Data   RW          518    .data               makos_critical.o
    0x20000009   0x00000003   PAD
    0x2000000c   0x00000004   Data   RW          567    .data               makos_tick.o
    0x20000010   0x00000008   Data   RW          941    .data               makos_system.o
    0x20000018   0x00000004   Data   RW         1153    .data               makos_tick_handle.o
    0x2000001c   0x0000000c   Data   RW         1236    .data               makos_print.o
    0x20000028   0x00000001   Data   RW         1272    .data               makos_idle.o
    0x20000029   0x00000003   PAD
    0x2000002c   0x00000008   Data   RW         1311    .data               makos_resolver.o
    0x20000034   0x0000000c   Data   RW         1378    .data               makos_irq_handle.o
    0x20000040   0x00000010   Data   RW         4505    .data               stm32f4xx_rcc.o
    0x20000050   0x0000001c   Zero   RW          281    .bss                task_key.o
    0x2000006c   0x00000028   Zero   RW          517    .bss                makos_critical.o
    0x20000094   0x00010004   Zero   RW          702    .bss                makos_memory.o
    0x20010098   0x0000004c   Zero   RW          940    .bss                makos_system.o
    0x200100e4   0x00000014   Zero   RW         1310    .bss                makos_resolver.o
    0x200100f8   0x00000060   Zero   RW         6782    .bss                c_w.l(libspace.o)
    0x20010158   0x00000200   Zero   RW         6669    HEAP                startup_stm32f40xx.o
    0x20010358   0x00000400   Zero   RW         6668    STACK               startup_stm32f40xx.o


==============================================================================

Image component sizes


      Code (inc. data)   RO Data    RW Data    ZI Data      Debug   Object Name

       172         94          0          0          0     263551   main.o
       156         68          0          1         40       4793   makos_critical.o
       364        184          0          0          0       1288   makos_dnode_queue.o
        54          0          0          0          0       3392   makos_doublelist.o
       244         72          0          1          0       1528   makos_idle.o
       258         32          0         12          0       4062   makos_irq_handle.o
       200        106          0          0      65540       1320   makos_memory.o
       350        102          0          0          0       4277   makos_message.o
       172        102          0          0          0       2341   makos_mutex.o
        76          8          0          0          0        444   makos_pendsv.o
       280         74         80          0          0       2409   makos_pipe.o
       180         24          0         12          0       1594   makos_print.o
       628        118          0          8         20       6396   makos_resolver.o
       108         14          0          0          0       1166   makos_schedule.o
       404        138          0          8         76       4763   makos_system.o
       696         24          0          0          0       1718   makos_task.o
       124         20          0          4          0      28466   makos_tick.o
       128         20          0          4          0       2190   makos_tick_handle.o
       140         24          0          0          0      18599   misc.o
        64         26        392          0       1536        844   startup_stm32f40xx.o
         0          0          0          0          0      15420   stm32f4xx_dfsdm.o
       184         16          0          0          0       4552   stm32f4xx_exti.o
       240          0          0          0          0      10651   stm32f4xx_gpio.o
       184        120          0          0          0       3395   stm32f4xx_it.o
       328         36          0         16          0       4683   stm32f4xx_rcc.o
        64          4          0          0          0        656   stm32f4xx_syscfg.o
       424          8          0          0          0      10424   stm32f4xx_usart.o
       340         32          0          0          0       1561   system_stm32f4xx.o
       376         42          0          4         28       2963   task_key.o
       146         10          0          4          0       3017   usart.o

    ----------------------------------------------------------------------
      7092       1518        504         80      67240     412463   Object Totals
         0          0         32          0          0          0   (incl. Generated)
         8          0          0          6          0          0   (incl. Padding)

    ----------------------------------------------------------------------

      Code (inc. data)   RO Data    RW Data    ZI Data      Debug   Library Member Name

         8          0          0          0          0         68   __main.o
       104          0          0          0          0         84   __printf.o
         0          0          0          0          0          0   __rtentry.o
        12          0          0          0          0          0   __rtentry2.o
         6          0          0          0          0          0   __rtentry4.o
        52          8          0          0          0          0   __scatter.o
        26          0          0          0          0          0   __scatter_copy.o
        28          0          0          0          0          0   __scatter_zi.o
        44          0          0          0          0        108   _printf_char.o
        48          6          0          0          0         96   _printf_char_common.o
        36          4          0          0          0         80   _printf_char_file.o
         6          0          0          0          0          0   _printf_d.o
       120         16          0          0          0         92   _printf_dec.o
        88          4         40          0          0         88   _printf_hex_int.o
       178          0          0          0          0         88   _printf_intcommon.o
         0          0          0          0          0          0   _printf_percent.o
         4          0          0          0          0          0   _printf_percent_end.o
         6          0          0          0          0          0   _printf_s.o
        82          0          0          0          0         80   _printf_str.o
         6          0          0          0          0          0   _printf_x.o
        18          0          0          0          0         80   exit.o
         8          0          0          0          0         68   ferror.o
         6          0          0          0          0        152   heapauxi.o
         2          0          0          0          0          0   libinit.o
         6          0          0          0          0          0   libinit2.o
         2          0          0          0          0          0   libshutdown.o
         2          0          0          0          0          0   libshutdown2.o
         8          4          0          0         96         68   libspace.o
        24          4          0          0          0         84   noretval__2printf.o
         2          0          0          0          0          0   rtexit.o
        10          0          0          0          0          0   rtexit2.o
        74          0          0          0          0         80   sys_stackheap_outer.o
         2          0          0          0          0         68   use_no_semi.o
         2          0          0          0          0         68   use_no_semi_2.o
        10          0          0          0          0        116   fpinit.o

    ----------------------------------------------------------------------
      1038         46         42          0         96       1568   Library Totals
         8          0          2          0          0          0   (incl. Padding)

    ----------------------------------------------------------------------

      Code (inc. data)   RO Data    RW Data    ZI Data      Debug   Library Name

      1020         46         40          0         96       1452   c_w.l
        10          0          0          0          0        116   fz_wm.l

    ----------------------------------------------------------------------
      1038         46         42          0         96       1568   Library Totals

    ----------------------------------------------------------------------

==============================================================================


      Code (inc. data)   RO Data    RW Data    ZI Data      Debug   

      8130       1564        546         80      67336     405655   Grand Totals
      8130       1564        546         80      67336     405655   ELF Image Totals
      8130       1564        546         80          0          0   ROM Totals

==============================================================================

    Total RO  Size (Code + RO Data)                 8676 (   8.47kB)
    Total RW  Size (RW Data + ZI Data)             67416 (  65.84kB)
    Total ROM Size (Code + RO Data + RW Data)       8756 (   8.55kB)

==============================================================================

