Product: MDK-ARM Standard 5.10
Component: ARM Compiler 5.04 update 1 (build 49)
Tool: armlink [5040049]

==============================================================================

Section Cross References

    main.o(i.main) refers to _printf_percent.o(.ARM.Collect$$_printf_percent$$00000000) for _printf_percent
    main.o(i.main) refers to _printf_f.o(.ARM.Collect$$_printf_percent$$00000003) for _printf_f
    main.o(i.main) refers to printf1.o(x$fpl$printf1) for _printf_fp_dec
    main.o(i.main) refers to _printf_d.o(.ARM.Collect$$_printf_percent$$00000009) for _printf_d
    main.o(i.main) refers to _printf_s.o(.ARM.Collect$$_printf_percent$$00000014) for _printf_s
    main.o(i.main) refers to _printf_dec.o(.text) for _printf_int_dec
    main.o(i.main) refers to _printf_str.o(.text) for _printf_str
    main.o(i.main) refers to flash_data.o(i.FD_set) for FD_set
    main.o(i.main) refers to flash_data.o(i.FD_check) for FD_check
    main.o(i.main) refers to usart.o(i.serial_init) for serial_init
    main.o(i.main) refers to main.o(i.delay_short) for delay_short
    main.o(i.main) refers to noretval__2printf.o(.text) for __2printf
    main.o(i.main) refers to flash_data.o(i.FD_print) for FD_print
    main.o(i.main) refers to makos_system.o(i.makos_init) for makos_init
    main.o(i.main) refers to makos_task.o(i.task_create_full) for task_create_full
    main.o(i.main) refers to makos_system.o(i.makos_run) for makos_run
    main.o(i.main) refers to makos_critical.o(i.irq_close) for irq_close
    main.o(i.main) refers to flash_data.o(.bss) for FD
    main.o(i.main) refers to task_init.o(i.task_init) for task_init
    main.o(i.main) refers to task_led.o(i.task_led_sys) for task_led_sys
    main.o(i.main) refers to makos_system.o(.bss) for system_param
    task_led.o(i.led_user_control) refers to task_led.o(.data) for led_user_period
    task_led.o(i.task_led_sys) refers to makos_schedule.o(i.task_suspend) for task_suspend
    task_led.o(i.task_led_sys) refers to led.o(i.mled_init) for mled_init
    task_led.o(i.task_led_sys) refers to makos_critical.o(i.irq_close) for irq_close
    task_led.o(i.task_led_sys) refers to makos_task.o(i.task_create_full) for task_create_full
    task_led.o(i.task_led_sys) refers to makos_critical.o(i.irq_restore) for irq_restore
    task_led.o(i.task_led_sys) refers to led.o(i.mled_toggle) for mled_toggle
    task_led.o(i.task_led_sys) refers to makos_schedule.o(i.task_delay_ms) for task_delay_ms
    task_led.o(i.task_led_sys) refers to flash_data.o(.bss) for FD
    task_led.o(i.task_led_sys) refers to task_led.o(.data) for led1
    task_led.o(i.task_led_sys) refers to makos_system.o(.data) for ptcb_curr
    task_led.o(i.task_led_sys) refers to task_led.o(i.task_led_user) for task_led_user
    task_led.o(i.task_led_user) refers to makos_resolver.o(i.resolve_add) for resolve_add
    task_led.o(i.task_led_user) refers to led.o(i.mled_toggle) for mled_toggle
    task_led.o(i.task_led_user) refers to makos_schedule.o(i.task_delay_ms) for task_delay_ms
    task_led.o(i.task_led_user) refers to led.o(i.mled_off) for mled_off
    task_led.o(i.task_led_user) refers to makos_critical.o(i.irq_close) for irq_close
    task_led.o(i.task_led_user) refers to noretval__2printf.o(.text) for __2printf
    task_led.o(i.task_led_user) refers to makos_critical.o(i.irq_restore) for irq_restore
    task_led.o(i.task_led_user) refers to task_led.o(i.led_user_control) for led_user_control
    task_led.o(i.task_led_user) refers to task_led.o(.data) for led_user_period
    task_led.o(i.task_led_user) refers to makos_print.o(.data) for print_flag
    task_init.o(i.task_init) refers to _printf_percent.o(.ARM.Collect$$_printf_percent$$00000000) for _printf_percent
    task_init.o(i.task_init) refers to _printf_d.o(.ARM.Collect$$_printf_percent$$00000009) for _printf_d
    task_init.o(i.task_init) refers to _printf_dec.o(.text) for _printf_int_dec
    task_init.o(i.task_init) refers to _printf_s.o(.ARM.Collect$$_printf_percent$$00000014) for _printf_s
    task_init.o(i.task_init) refers to _printf_str.o(.text) for _printf_str
    task_init.o(i.task_init) refers to can.o(i.CAN1_Configuration) for CAN1_Configuration
    task_init.o(i.task_init) refers to can.o(i.can2_Configuration) for can2_Configuration
    task_init.o(i.task_init) refers to task_remote.o(i.remote_send_msg_init) for remote_send_msg_init
    task_init.o(i.task_init) refers to makos_critical.o(i.irq_close) for irq_close
    task_init.o(i.task_init) refers to noretval__2printf.o(.text) for __2printf
    task_init.o(i.task_init) refers to makos_critical.o(i.irq_restore) for irq_restore
    task_init.o(i.task_init) refers to makos_task.o(i.task_create_full) for task_create_full
    task_init.o(i.task_init) refers to makos_schedule.o(i.task_suspend) for task_suspend
    task_init.o(i.task_init) refers to makos_schedule.o(i.task_delay_ms) for task_delay_ms
    task_init.o(i.task_init) refers to flash_data.o(.bss) for FD
[...]
    UART4_IRQHandler                         0x08003dd5   Thumb Code    46  usart.o(i.UART4_IRQHandler)
    UART5_IRQHandler                         0x08003e15   Thumb Code    46  usart.o(i.UART5_IRQHandler)
    USART1_IRQHandler                        0x08003e55   Thumb Code    46  usart.o(i.USART1_IRQHandler)
    USART2_IRQHandler                        0x08003e95   Thumb Code    46  usart.o(i.USART2_IRQHandler)
    USART3_IRQHandler                        0x08003ed5   Thumb Code    46  usart.o(i.USART3_IRQHandler)
    USART_ClearITPendingBit                  0x08003f15   Thumb Code    30  stm32f4xx_usart.o(i.USART_ClearITPendingBit)
    USART_Cmd                                0x08003f33   Thumb Code    24  stm32f4xx_usart.o(i.USART_Cmd)
    USART_DMACmd                             0x08003f4b   Thumb Code    18  stm32f4xx_usart.o(i.USART_DMACmd)
    USART_DeInit                             0x08003f5d   Thumb Code   206  stm32f4xx_usart.o(i.USART_DeInit)
    USART_GetFlagStatus                      0x0800404d   Thumb Code    26  stm32f4xx_usart.o(i.USART_GetFlagStatus)
    USART_GetITStatus                        0x08004067   Thumb Code    84  stm32f4xx_usart.o(i.USART_GetITStatus)
    USART_ITConfig                           0x080040bb   Thumb Code    74  stm32f4xx_usart.o(i.USART_ITConfig)
    USART_Init                               0x08004105   Thumb Code   204  stm32f4xx_usart.o(i.USART_Init)
    USART_SendData                           0x080041d9   Thumb Code     8  stm32f4xx_usart.o(i.USART_SendData)
    UsageFault_Handler                       0x080041e1   Thumb Code    10  stm32f4xx_it.o(i.UsageFault_Handler)
    __ARM_fpclassify                         0x08004205   Thumb Code    48  fpclassify.o(i.__ARM_fpclassify)
    _is_digit                                0x08004235   Thumb Code    14  __printf_wp.o(i._is_digit)
    _sys_exit                                0x08004243   Thumb Code     6  usart.o(i._sys_exit)
    ad_filter                                0x08004249   Thumb Code   140  task_chassis.o(i.ad_filter)
    adc_print                                0x080042dd   Thumb Code     6  task_chassis.o(i.adc_print)
    bullet_control                           0x080042e9   Thumb Code    10  task_bullet.o(i.bullet_control)
    camera_move                              0x080042f9   Thumb Code    26  task_camera_move.o(i.camera_move)
    can2_Configuration                       0x08004319   Thumb Code    24  can.o(i.can2_Configuration)
    can2_GPIO_Configuration                  0x08004331   Thumb Code    82  can.o(i.can2_GPIO_Configuration)
    can2_NVIC_Configuration                  0x08004389   Thumb Code    60  can.o(i.can2_NVIC_Configuration)
    can2_mode_Configuration                  0x080043c5   Thumb Code   158  can.o(i.can2_mode_Configuration)
    can_set                                  0x08004469   Thumb Code    36  can.o(i.can_set)
    car_clip                                 0x0800448d   Thumb Code    88  task_clip.o(i.car_clip)
    car_rise                                 0x080044fd   Thumb Code     2  task_car_rise_engineer.o(i.car_rise)
    car_rise_init                            0x08004501   Thumb Code   268  task_car_rise_engineer.o(i.car_rise_init)
    car_rise_motor                           0x0800461d   Thumb Code   318  task_car_rise_engineer.o(i.car_rise_motor)
    chassis_move                             0x08004779   Thumb Code   474  motor.o(i.chassis_move)
    chassis_stop                             0x0800497d   Thumb Code    14  motor.o(i.chassis_stop)
    circle_count                             0x0800498b   Thumb Code    60  can.o(i.circle_count)
    circle_count_simple                      0x080049c7   Thumb Code    50  can.o(i.circle_count_simple)
    dbus_buff_checked                        0x080049f9   Thumb Code   100  dbus.o(i.dbus_buff_checked)
    dbus_error_handle                        0x08004a81   Thumb Code    86  dbus.o(i.dbus_error_handle)
    dbus_init                                0x08004afd   Thumb Code   484  dbus.o(i.dbus_init)
    dbus_mode_dma                            0x08004d3d   Thumb Code    48  dbus.o(i.dbus_mode_dma)
    dbus_mode_usart                          0x08004d75   Thumb Code    48  dbus.o(i.dbus_mode_usart)
    delay_short                              0x08004db1   Thumb Code    12  main.o(i.delay_short)
    dndqueue_add_last                        0x08004dc1   Thumb Code    38  makos_dnode_queue.o(i.dndqueue_add_last)
    dndqueue_init                            0x08004de7   Thumb Code    12  makos_dnode_queue.o(i.dndqueue_init)
    dnode_add_first                          0x08004df3   Thumb Code    14  makos_doublelist.o(i.dnode_add_first)
    dnode_add_last                           0x08004e01   Thumb Code    14  makos_doublelist.o(i.dnode_add_last)
    dnode_head_init                          0x08004e0f   Thumb Code     6  makos_doublelist.o(i.dnode_head_init)
    dnode_remove                             0x08004e15   Thumb Code    20  makos_doublelist.o(i.dnode_remove)
    fputc                                    0x08004e2d   Thumb Code    96  usart.o(i.fputc)
    get_memory_info                          0x08004ea9   Thumb Code    24  makos_record.o(i.get_memory_info)
    get_stack                                0x08004ed9   Thumb Code    72  makos_record.o(i.get_stack)
    give_motor_close                         0x08004f21   Thumb Code    24  tim3_4.o(i.give_motor_close)
    give_motor_open                          0x08004f3d   Thumb Code    24  tim3_4.o(i.give_motor_open)
    give_motor_stop                          0x08004f59   Thumb Code    12  tim3_4.o(i.give_motor_stop)
    guard_move                               0x08004f69   Thumb Code     2  task_guard.o(i.guard_move)
    guard_move_init                          0x08004f6d   Thumb Code   268  task_guard.o(i.guard_move_init)
    init_tick_callback                       0x08005089   Thumb Code    10  makos_tick_handle.o(i.init_tick_callback)
    irq_close                                0x0800509d   Thumb Code    46  makos_critical.o(i.irq_close)
    irq_dead_check                           0x080050ed   Thumb Code     2  irq_dead_check.o(i.irq_dead_check)
    irq_restore                              0x080050f1   Thumb Code    42  makos_critical.o(i.irq_restore)
    is_2s_interval                           0x0800513d   Thumb Code    28  task_chassis.o(i.is_2s_interval)
    led_user_control                         0x0800515d   Thumb Code     6  task_led.o(i.led_user_control)
    main                                     0x08005169   Thumb Code   168  main.o(i.main)
    mak_print                                0x080052ad   Thumb Code   220  mak_print.o(i.mak_print)
    mak_print_float                          0x08005389   Thumb Code   236  mak_print.o(i.mak_print_float)
    mak_print_s32                            0x08005479   Thumb Code    86  mak_print.o(i.mak_print_s32)
    mak_print_string                         0x080054cf   Thumb Code    22  mak_print.o(i.mak_print_string)
    mak_print_u8                             0x080054e5   Thumb Code    18  mak_print.o(i.mak_print_u8)
    makos_get_prio_highest                   0x080054fd   Thumb Code    40  makos_system.o(i.makos_get_prio_highest)
    makos_init                               0x08005529   Thumb Code   164  makos_system.o(i.makos_init)
    makos_run                                0x08005641   Thumb Code    54  makos_system.o(i.makos_run)
    makos_update_switch                      0x0800569d   Thumb Code    46  makos_system.o(i.makos_update_switch)
    mled_init                                0x08005703   Thumb Code    56  led.o(i.mled_init)
    mled_off                                 0x0800573b   Thumb Code    28  led.o(i.mled_off)
    mled_toggle                              0x08005757   Thumb Code    14  led.o(i.mled_toggle)
    mpid_init                                0x08005765   Thumb Code    54  mak_pid.o(i.mpid_init)
    mpid_v                                   0x080057a1   Thumb Code   232  mak_pid.o(i.mpid_v)
    msg_get_read_try                         0x0800588d   Thumb Code    22  makos_message.o(i.msg_get_read_try)
    msg_get_write_last                       0x080058a3   Thumb Code    56  makos_message.o(i.msg_get_write_last)
    msg_get_write_try                        0x080058db   Thumb Code    50  makos_message.o(i.msg_get_write_try)
    msg_init                                 0x0800590d   Thumb Code    96  makos_message.o(i.msg_init)
    msg_read_finish                          0x080059d1   Thumb Code    54  makos_message.o(i.msg_read_finish)
    msg_read_finish_try                      0x08005a07   Thumb Code    54  makos_message.o(i.msg_read_finish_try)
    msg_write_finish                         0x08005a3d   Thumb Code    46  makos_message.o(i.msg_write_finish)
    msg_write_finish_last                    0x08005a6b   Thumb Code    38  makos_message.o(i.msg_write_finish_last)
    mutex_init                               0x08005a91   Thumb Code    70  makos_mutex.o(i.mutex_init)
    mutex_lock_try                           0x08005b3d   Thumb Code    50  makos_mutex.o(i.mutex_lock_try)
    mutex_unlock                             0x08005b75   Thumb Code   140  makos_mutex.o(i.mutex_unlock)
    mutex_update_ceiling                     0x08005c6d   Thumb Code    34  makos_mutex.o(i.mutex_update_ceiling)
    my_mem_init                              0x08005c91   Thumb Code    54  makos_memory.o(i.my_mem_init)
    my_mem_malloc                            0x08005cd5   Thumb Code   156  makos_memory.o(i.my_mem_malloc)
    my_mem_perused                           0x08005d7d   Thumb Code    54  makos_memory.o(i.my_mem_perused)
    my_mem_set                               0x08005dbd   Thumb Code    20  makos_memory.o(i.my_mem_set)
    mymalloc                                 0x08005dd1   Thumb Code    34  makos_memory.o(i.mymalloc)
    pid_show                                 0x08005df9   Thumb Code   120  task_chassis.o(i.pid_show)
    pipe_init                                0x08005ea5   Thumb Code    76  makos_pipe.o(i.pipe_init)
    pipe_read                                0x08005f39   Thumb Code    62  makos_pipe.o(i.pipe_read)
    pipe_write                               0x08005f77   Thumb Code    70  makos_pipe.o(i.pipe_write)
    pow_of_10                                0x08005fbd   Thumb Code    24  makos_resolver.o(i.pow_of_10)
    print_chassis_speed                      0x08005fd5   Thumb Code    82  task_chassis.o(i.print_chassis_speed)
    print_current                            0x08006061   Thumb Code    82  task_chassis.o(i.print_current)
    receiver_control                         0x080060f1   Thumb Code    30  task_remote.o(i.receiver_control)
    record_control                           0x0800611d   Thumb Code     8  makos_record.o(i.record_control)
    remote_0_protec                          0x08006129   Thumb Code    24  motor.o(i.remote_0_protec)
    remote_chassis                           0x08006141   Thumb Code   524  task_remote.o(i.remote_chassis)
    remote_data_dispose                      0x0800635d   Thumb Code   160  task_remote.o(i.remote_data_dispose)
    remote_data_proc                         0x08006401   Thumb Code    48  task_chassis.o(i.remote_data_proc)
    remote_drag_give                         0x08006439   Thumb Code   180  task_remote.o(i.remote_drag_give)
    remote_handle                            0x08006509   Thumb Code   120  task_remote.o(i.remote_handle)
    remote_holder_shoot                      0x08006595   Thumb Code   436  task_remote.o(i.remote_holder_shoot)
    remote_lift_bullet_view                  0x08006765   Thumb Code   368  task_remote.o(i.remote_lift_bullet_view)
    remote_send_msg_init                     0x0800690d   Thumb Code   104  task_remote.o(i.remote_send_msg_init)
    remote_test                              0x0800699d   Thumb Code   548  task_remote.o(i.remote_test)
    resolve_add                              0x08006c91   Thumb Code    30  makos_resolver.o(i.resolve_add)
    resolver_init                            0x08006cb5   Thumb Code    32  makos_resolver.o(i.resolver_init)
    send_can                                 0x08006ce1   Thumb Code    70  motor.o(i.send_can)
    send_speed_wave                          0x08006d35   Thumb Code    94  task_chassis.o(i.send_speed_wave)
    serial_handler                           0x08006db1   Thumb Code    38  usart.o(i.serial_handler)
    serial_init                              0x08006de1   Thumb Code   604  usart.o(i.serial_init)
    set_D                                    0x080070a5   Thumb Code     2  task_chassis.o(i.set_D)
    set_I                                    0x080070a7   Thumb Code     2  task_chassis.o(i.set_I)
    set_P                                    0x080070a9   Thumb Code     2  task_chassis.o(i.set_P)
    set_cpu_print                            0x080070ad   Thumb Code    14  makos_idle.o(i.set_cpu_print)
    set_current_symbol                       0x080070c1   Thumb Code    38  motor.o(i.set_current_symbol)
    set_err_lim                              0x080070f1   Thumb Code     2  task_chassis.o(i.set_err_lim)
    shoot_control                            0x080070f5   Thumb Code    10  task_shoot.o(i.shoot_control)
    shoot_test_control                       0x08007105   Thumb Code     8  task_shoot.o(i.shoot_test_control)
    speed_show_set                           0x08007111   Thumb Code     6  task_chassis.o(i.speed_show_set)
    speed_update                             0x0800711d   Thumb Code    38  supply_motor.o(i.speed_update)
    stack_print                              0x0800714d   Thumb Code    84  makos_record.o(i.stack_print)
    strech_init                              0x08007201   Thumb Code    74  task_bullet.o(i.strech_init)
    strech_motor                             0x0800725d   Thumb Code   102  task_bullet.o(i.strech_motor)
    string_compare                           0x080072d9   Thumb Code    52  makos_resolver.o(i.string_compare)
    string_get_U32                           0x0800730d   Thumb Code    50  makos_resolver.o(i.string_get_U32)
    string_to_float                          0x08007341   Thumb Code   282  makos_resolver.o(i.string_to_float)
    supply_pid_calc                          0x08007469   Thumb Code   234  supply_motor.o(i.supply_pid_calc)
    task_PRINT                               0x0800755d   Thumb Code    98  makos_print.o(i.task_PRINT)
    task_bullet                              0x080075c9   Thumb Code   354  task_bullet.o(i.task_bullet)
    task_camera_move                         0x080077a5   Thumb Code    92  task_camera_move.o(i.task_camera_move)
    task_car_rise_engineer                   0x08007825   Thumb Code   106  task_car_rise_engineer.o(i.task_car_rise_engineer)
    task_car_rise_hero                       0x080078ad   Thumb Code   426  task_car_rise_hero.o(i.task_car_rise_hero)
    task_chassis                             0x08007a89   Thumb Code   592  task_chassis.o(i.task_chassis)
    task_clip                                0x08007dd1   Thumb Code   126  task_clip.o(i.task_clip)
    task_create_full                         0x08007e6d   Thumb Code   734  makos_task.o(i.task_create_full)
    task_delay_ms                            0x080081c5   Thumb Code    46  makos_schedule.o(i.task_delay_ms)
    task_drag                                0x080081fd   Thumb Code    86  task_drag.o(i.task_drag)
    task_give                                0x08008265   Thumb Code   104  task_give.o(i.task_give)
    task_guard_move                          0x080082d5   Thumb Code   170  task_guard.o(i.task_guard_move)
    task_idle                                0x080083a1   Thumb Code   224  makos_idle.o(i.task_idle)
    task_init                                0x080084c5   Thumb Code   754  task_init.o(i.task_init)
    task_led_sys                             0x08008945   Thumb Code    98  task_led.o(i.task_led_sys)
    task_led_user                            0x080089d5   Thumb Code   110  task_led.o(i.task_led_user)
    task_record                              0x08008a91   Thumb Code    72  makos_record.o(i.task_record)
    task_remote                              0x08008b2d   Thumb Code   194  task_remote.o(i.task_remote)
    task_resolver                            0x08008c69   Thumb Code   378  makos_resolver.o(i.task_resolver)
    task_resume                              0x08008e59   Thumb Code    48  makos_schedule.o(i.task_resume)
    task_set_prio                            0x08008e8d   Thumb Code    38  makos_schedule.o(i.task_set_prio)
    task_shoot                               0x08008eb9   Thumb Code  1414  task_shoot.o(i.task_shoot)
    task_shoot_control                       0x080094ad   Thumb Code   144  task_shoot.o(i.task_shoot_control)
    task_suspend                             0x08009555   Thumb Code    36  makos_schedule.o(i.task_suspend)
    tick_handle                              0x0800957d   Thumb Code    98  makos_tick_handle.o(i.tick_handle)
    tick_init                                0x080095e9   Thumb Code    66  makos_tick.o(i.tick_init)
    tick_start                               0x08009639   Thumb Code    28  makos_tick.o(i.tick_start)
    upper_monit_err_lim                      0x08009655   Thumb Code   114  task_chassis.o(i.upper_monit_err_lim)
    upper_monit_kd                           0x080096e9   Thumb Code   114  task_chassis.o(i.upper_monit_kd)
    upper_monit_ki                           0x08009779   Thumb Code   114  task_chassis.o(i.upper_monit_ki)
    upper_monit_kp                           0x08009809   Thumb Code   114  task_chassis.o(i.upper_monit_kp)
    usart3_send_char                         0x08009899   Thumb Code    28  usart.o(i.usart3_send_char)
    usart3_send_string                       0x080098b9   Thumb Code    26  usart.o(i.usart3_send_string)
    v_k_func                                 0x080098d5   Thumb Code    96  task_chassis.o(i.v_k_func)
    wave_key                                 0x08009955   Thumb Code     6  task_chassis.o(i.wave_key)
    _get_lc_numeric                          0x08009961   Thumb Code    44  lc_numeric_c.o(locale$$code)
    __aeabi_d2f                              0x0800998d   Thumb Code     0  d2f.o(x$fpl$d2f)
    _d2f                                     0x0800998d   Thumb Code    98  d2f.o(x$fpl$d2f)
    __fpl_dcmp_Inf                           0x080099ef   Thumb Code    24  dcmpi.o(x$fpl$dcmpinf)
    __aeabi_ddiv                             0x08009a09   Thumb Code     0  ddiv.o(x$fpl$ddiv)
    _ddiv                                    0x08009a09   Thumb Code   552  ddiv.o(x$fpl$ddiv)
    __aeabi_d2iz                             0x08009cb9   Thumb Code     0  dfix.o(x$fpl$dfix)
    _dfix                                    0x08009cb9   Thumb Code    94  dfix.o(x$fpl$dfix)
    __aeabi_i2d                              0x08009d17   Thumb Code     0  dflt_clz.o(x$fpl$dflt)
    _dflt                                    0x08009d17   Thumb Code    46  dflt_clz.o(x$fpl$dflt)
    __aeabi_ui2d                             0x08009d45   Thumb Code     0  dflt_clz.o(x$fpl$dfltu)
    _dfltu                                   0x08009d45   Thumb Code    38  dflt_clz.o(x$fpl$dfltu)
    __aeabi_cdcmple                          0x08009d6d   Thumb Code     0  dleqf.o(x$fpl$dleqf)
    _dcmple                                  0x08009d6d   Thumb Code   120  dleqf.o(x$fpl$dleqf)
    __fpl_dcmple_InfNaN                      0x08009dcf   Thumb Code     0  dleqf.o(x$fpl$dleqf)
    __aeabi_dmul                             0x08009de5   Thumb Code     0  dmul.o(x$fpl$dmul)
    _dmul                                    0x08009de5   Thumb Code   332  dmul.o(x$fpl$dmul)
    __fpl_dnaninf                            0x08009f39   Thumb Code   156  dnaninf.o(x$fpl$dnaninf)
    __fpl_dretinf                            0x08009fd5   Thumb Code    12  dretinf.o(x$fpl$dretinf)
    __aeabi_cdrcmple                         0x08009fe1   Thumb Code     0  drleqf.o(x$fpl$drleqf)
    _drcmple                                 0x08009fe1   Thumb Code   108  drleqf.o(x$fpl$drleqf)
    __aeabi_f2d                              0x0800a04d   Thumb Code     0  f2d.o(x$fpl$f2d)
    _f2d                                     0x0800a04d   Thumb Code    86  f2d.o(x$fpl$f2d)
    __fpl_fnaninf                            0x0800a0a3   Thumb Code   140  fnaninf.o(x$fpl$fnaninf)
    _fp_init                                 0x0800a12f   Thumb Code    10  fpinit.o(x$fpl$fpinit)
    __fplib_config_fpu_vfp                   0x0800a137   Thumb Code     0  fpinit.o(x$fpl$fpinit)
    __fplib_config_pureend_doubles           0x0800a137   Thumb Code     0  fpinit.o(x$fpl$fpinit)
    __fpl_fretinf                            0x0800a139   Thumb Code    10  fretinf.o(x$fpl$fretinf)
    _printf_fp_dec                           0x0800a143   Thumb Code     4  printf1.o(x$fpl$printf1)
    __I$use$fp                               0x0800a146   Number         0  usenofp.o(x$fpl$usenofp)
    memtblsize                               0x0800a148   Data           8  makos_memory.o(.constdata)
    memblksize                               0x0800a150   Data           8  makos_memory.o(.constdata)
    memsize                                  0x0800a158   Data           8  makos_memory.o(.constdata)
    Region$$Table$$Base                      0x0800a2a4   Number         0  anon$$obj.o(Region$$Table)
    Region$$Table$$Limit                     0x0800a2c4   Number         0  anon$$obj.o(Region$$Table)
    led1                                     0x20000000   Data          12  task_led.o(.data)
    led2                                     0x2000000c   Data          12  task_led.o(.data)
    led3                                     0x20000018   Data          12  task_led.o(.data)
    ss                                       0x20000024   Data           9  task_led.o(.data)
    sp                                       0x20000030   Data           4  task_led.o(.data)
    uu                                       0x20000034   Data           4  task_led.o(.data)
    ff                                       0x20000038   Data           4  task_led.o(.data)
    led_user_period                          0x2000003c   Data           4  task_led.o(.data)
    dbus_error_mark                          0x20000040   Data           4  task_remote.o(.data)
    mode_flag                                0x20000044   Data           4  task_remote.o(.data)
    remote_mouse_x                           0x20000048   Data           2  task_remote.o(.data)
    remote_mouse_y                           0x2000004a   Data           2  task_remote.o(.data)
    shoot_flag                               0x2000004c   Data           4  task_remote.o(.data)
    shoot_single                             0x20000050   Data           4  task_remote.o(.data)
    liftf_flag                               0x20000054   Data           4  task_remote.o(.data)
    liftb_flag                               0x20000058   Data           4  task_remote.o(.data)
    strech_flag                              0x2000005c   Data           4  task_remote.o(.data)
    strech_mark                              0x20000060   Data           4  task_remote.o(.data)
    clip_flag                                0x20000064   Data           4  task_remote.o(.data)
    view_flag                                0x20000068   Data           4  task_remote.o(.data)
    view_mark                                0x2000006c   Data           4  task_remote.o(.data)
    drag_flag                                0x20000070   Data           4  task_remote.o(.data)
    drag_down_mark                           0x20000074   Data           4  task_remote.o(.data)
    give_flag                                0x20000078   Data           4  task_remote.o(.data)
    receiver_print                           0x2000007c   Data           4  task_remote.o(.data)
    receiver_print_mark                      0x20000080   Data           4  task_remote.o(.data)
    err_lim                                  0x20000084   Data           4  task_chassis.o(.data)
    speed_show_G                             0x20000088   Data           4  task_chassis.o(.data)
    send_wave_flag                           0x2000008c   Data           1  task_chassis.o(.data)
    wave_open_G                              0x2000008d   Data           1  task_chassis.o(.data)
    adc_print_G                              0x20000090   Data           4  task_chassis.o(.data)
    L_start_G                                0x20000094   Data           4  task_chassis.o(.data)
    R_start_G                                0x20000098   Data           4  task_chassis.o(.data)
    tick_judg                                0x2000009c   Data           4  task_chassis.o(.data)
    v_k                                      0x200000a0   Data           4  task_chassis.o(.data)
    holder_yaw_angle                         0x200000a4   Data           2  task_holder.o(.data)
    holder_pitch_angle                       0x200000a6   Data           2  task_holder.o(.data)
    holder_x_mpu                             0x200000a8   Data           2  task_holder.o(.data)
    holder_y_mpu                             0x200000aa   Data           2  task_holder.o(.data)
    holder_x_mpu_fix                         0x200000ac   Data           2  task_holder.o(.data)
    holder_y_mpu_fix                         0x200000ae   Data           2  task_holder.o(.data)
    temp1                                    0x200000b0   Data           2  task_holder.o(.data)
    temp2                                    0x200000b2   Data           2  task_holder.o(.data)
    temp3                                    0x200000b4   Data           2  task_holder.o(.data)
    temp4                                    0x200000b6   Data           2  task_holder.o(.data)
    holder_print                             0x200000b8   Data           4  task_holder.o(.data)
    holder_print_mark                        0x200000bc   Data           4  task_holder.o(.data)
    holder_x_init                            0x200000c0   Data           2  task_holder.o(.data)
    holder_y_init                            0x200000c2   Data           2  task_holder.o(.data)
    holder_x_target                          0x200000c4   Data           2  task_holder.o(.data)
    holder_y_target                          0x200000c6   Data           2  task_holder.o(.data)
    shoot_test                               0x200000c8   Data           4  task_shoot.o(.data)
    shoot_print                              0x200000cc   Data           4  task_shoot.o(.data)
    shoot_print_mark                         0x200000d0   Data           4  task_shoot.o(.data)
    bullet_print                             0x200000d8   Data           4  task_bullet.o(.data)
    bullet_print_mark                        0x200000dc   Data           4  task_bullet.o(.data)
    strech_expect_cricle                     0x200000e0   Data           2  task_bullet.o(.data)
    strech_speed_data                        0x200000e2   Data           8  task_bullet.o(.data)
    servo_pwm                                0x200000ec   Data           2  task_camera_move.o(.data)
    pview                                    0x200000f0   Data           4  task_camera_move.o(.data)
    count                                    0x200000f4   Data           1  task_drag.o(.data)
    current                                  0x200000f6   Data           2  task_drag.o(.data)
    drag                                     0x200000f8   Data           4  task_drag.o(.data)
    guard_move_data                          0x200000fc   Data           8  task_guard.o(.data)
    rise_act                                 0x20000104   Data           2  task_car_rise_engineer.o(.data)
    rise_speed_data                          0x20000106   Data           8  task_car_rise_engineer.o(.data)
    expect_cricle                            0x2000010e   Data           4  task_car_rise_engineer.o(.data)
    fd_version                               0x20000114   Data           4  flash_data.o(.data)
    Driver_ID                                0x20000118   Data           8  motor.o(.data)
    speed_data                               0x20000120   Data           8  motor.o(.data)
    chassis_V_T                              0x20000128   Data           8  motor.o(.data)
    chassis_V_C                              0x20000130   Data           8  motor.o(.data)
    current_C                                0x20000138   Data           8  motor.o(.data)
    current_T                                0x20000140   Data           8  motor.o(.data)
    CAN_data                                 0x20000148   Data           8  motor.o(.data)
    GAIN_I                                   0x20000150   Data           4  motor.o(.data)
    GAIN_J                                   0x20000154   Data           4  motor.o(.data)
    GAIN_K                                   0x20000158   Data           4  motor.o(.data)
    pdbus                                    0x2000015c   Data           4  dbus.o(.data)
    gpiox                                    0x20000160   Data           4  dbus.o(.data)
    pin                                      0x20000164   Data           4  dbus.o(.data)
    irq_usart                                0x20000168   Data           1  dbus.o(.data)
    irq_dma                                  0x20000169   Data           1  dbus.o(.data)
    channel                                  0x2000016c   Data           4  dbus.o(.data)
    stream                                   0x20000170   Data           4  dbus.o(.data)
    dma_it                                   0x20000174   Data           4  dbus.o(.data)
    dbus_error_ms                            0x20000178   Data           4  dbus.o(.data)
    dmaif11                                  0x2000017c   Data           4  dbus.o(.data)
    dmaif22                                  0x20000180   Data           4  dbus.o(.data)
    dma1_irq_check                           0x20000184   Data          12  dbus.o(.data)
    dma2_irq_check                           0x20000190   Data          12  dbus.o(.data)
    supply_speed_data                        0x2000019c   Data           8  supply_motor.o(.data)
    pserial                                  0x200001a4   Data           4  usart.o(.data)
    serial_init_flag                         0x200001a8   Data           4  usart.o(.data)
    uif1                                     0x200001ac   Data           4  usart.o(.data)
    uif2                                     0x200001b0   Data           4  usart.o(.data)
    uif3                                     0x200001b4   Data           4  usart.o(.data)
    uif4                                     0x200001b8   Data           4  usart.o(.data)
    uif5                                     0x200001bc   Data           4  usart.o(.data)
    usart1_irq_check                         0x200001c0   Data          12  usart.o(.data)
    usart2_irq_check                         0x200001cc   Data          12  usart.o(.data)
    usart3_irq_check                         0x200001d8   Data          12  usart.o(.data)
    usart4_irq_check                         0x200001e4   Data          12  usart.o(.data)
    usart5_irq_check                         0x200001f0   Data          12  usart.o(.data)
    __stdout                                 0x200001fc   Data           4  usart.o(.data)
    V_C_HL                                   0x20000200   Data           2  can.o(.data)
    V_C_HR                                   0x20000202   Data           2  can.o(.data)
    V_C_BL                                   0x20000204   Data           2  can.o(.data)
    V_C_BR                                   0x20000206   Data           2  can.o(.data)
    angle_HL                                 0x20000208   Data           2  can.o(.data)
    angle_HR                                 0x2000020a   Data           2  can.o(.data)
    angle_BL                                 0x2000020c   Data           2  can.o(.data)
    angle_BR                                 0x2000020e   Data           2  can.o(.data)
    supply_read_speed                        0x20000210   Data           2  can.o(.data)
    supply_read_angle                        0x20000212   Data           2  can.o(.data)
    shoot_speed                              0x20000214   Data           2  can.o(.data)
    rise_speed                               0x20000216   Data           4  can.o(.data)
    guard_move_speed                         0x2000021a   Data           4  can.o(.data)
    strech_speed                             0x2000021e   Data           2  can.o(.data)
    liftf_read                               0x20000220   Data           2  can.o(.data)
    liftb_read                               0x20000222   Data           2  can.o(.data)
    drag_angle                               0x20000224   Data           2  can.o(.data)
    uhADCxConvertedValue                     0x20000226   Data           8  adc.o(.data)
    trans_ok                                 0x20000230   Data           1  uart_dma.o(.data)
    DMA_memory_id                            0x20000231   Data           1  uart_dma.o(.data)
    uart_DMA_full_G                          0x20000232   Data           1  uart_dma.o(.data)
    uart_idle_times                          0x20000233   Data           1  uart_dma.o(.data)
    Free_Read_Rst                            0x20000234   Data           1  uart_dma.o(.data)
    uart_idle_G                              0x20000238   Data           4  uart_dma.o(.data)
    irq_pos                                  0x2000023c   Data           1  makos_critical.o(.data)
    tick_callback                            0x20000240   Data           4  makos_tick.o(.data)
    malloc_cortol                            0x20000244   Data          28  makos_memory.o(.data)
    ptcb_curr                                0x20000260   Data           4  makos_system.o(.data)
    ptcb_next                                0x20000264   Data           4  makos_system.o(.data)
    system_clock                             0x20000268   Data           4  makos_tick_handle.o(.data)
    print_flag                               0x2000026c   Data           1  makos_print.o(.data)
    dhead_print                              0x20000270   Data           8  makos_print.o(.data)
    cpu_print                                0x20000278   Data           4  makos_idle.o(.data)
    cpu_print_mark                           0x2000027c   Data           4  makos_idle.o(.data)
    dhead_resolve                            0x20000280   Data           8  makos_resolver.o(.data)
    record_flag                              0x20000288   Data           4  makos_record.o(.data)
    record_write                             0x2000028c   Data           4  makos_record.o(.data)
    record_print                             0x20000290   Data           4  makos_record.o(.data)
    chassis_msg                              0x200002a4   Data          28  task_remote.o(.bss)
    holder_msg                               0x200002c0   Data          28  task_remote.o(.bss)
    shoot_msg                                0x200002dc   Data          28  task_remote.o(.bss)
    lift_msg                                 0x200002f8   Data          28  task_remote.o(.bss)
    view_msg                                 0x20000314   Data          28  task_remote.o(.bss)
    bullet_msg                               0x20000330   Data          28  task_remote.o(.bss)
    clip_msg                                 0x2000034c   Data          28  task_remote.o(.bss)
    drag_msg                                 0x20000368   Data          28  task_remote.o(.bss)
    give_msg                                 0x20000384   Data          28  task_remote.o(.bss)
    remote_msg                               0x200003a0   Data          28  task_remote.o(.bss)
    task_remote_buff                         0x200003bc   Data          18  task_remote.o(.bss)
    RM6025_set_data                          0x200003d0   Data          20  task_holder.o(.bss)
    pid_holder_x_speed                       0x200003e4   Data          32  task_holder.o(.bss)
    pid_holder_x_position                    0x20000404   Data          48  task_holder.o(.bss)
    pid_holder_y_speed                       0x20000434   Data          32  task_holder.o(.bss)
    pid_holder_y_position                    0x20000454   Data          48  task_holder.o(.bss)
    strech_pid                               0x20000484   Data          44  task_bullet.o(.bss)
    guard_move_pid                           0x200004b0   Data          88  task_guard.o(.bss)
    rise_pid                                 0x20000508   Data          88  task_car_rise_engineer.o(.bss)
    FD                                       0x20000560   Data          16  flash_data.o(.bss)
    Pid_speed                                0x20000570   Data         112  pid.o(.bss)
    Pid_current                              0x200005e0   Data         128  pid.o(.bss)
    PID_follow                               0x20000660   Data          28  pid.o(.bss)
    remote_buff                              0x2000067c   Data          18  dbus.o(.bss)
    motor_circle                             0x20000690   Data         128  can.o(.bss)
    motor_circle_simple                      0x20000710   Data         128  can.o(.bss)
    irq_stat                                 0x20000790   Data          40  makos_critical.o(.bss)
    mem1base                                 0x200007b8   Data       102400  makos_memory.o(.bss)
    mem1mapbase                              0x200197b8   Data        6400  makos_memory.o(.bss)
    system_param                             0x2001b0b8   Data          84  makos_system.o(.bss)
    pipe_resolver                            0x2001b10c   Data          20  makos_resolver.o(.bss)
    record_buff                              0x2001b120   Data        1024  makos_record.o(.bss)
    __libspace_start                         0x2001b520   Data          96  libspace.o(.bss)
    __temporary_stack_top$libspace           0x2001b580   Data           0  libspace.o(.bss)
    mem2base                                 0x68000000   Data       983040  makos_memory.o(.ARM.__AT_0x68000000)
    mem2mapbase                              0x680f0000   Data       61440  makos_memory.o(.ARM.__AT_0x680F0000)



==============================================================================

Memory Map of the image

  Image Entry point : 0x08000189

  Load Region LR_IROM1 (Base: 0x08000000, Size: 0x0000a584, Max: 0x00100000, ABSOLUTE, COMPRESSED[0x0000a3a0])

    Execution Region ER_IROM1 (Base: 0x08000000, Size: 0x0000a2e0, Max: 0x00100000, ABSOLUTE)

    Base Addr    Size         Type   Attr      Idx    E Section Name        Object

    0x08000000   0x00000188   Data   RO         9056    RESET               startup_stm32f40xx.o
    0x08000188   0x00000008   Code   RO         9193  * !!!main             c_w.l(__main.o)
    0x08000190   0x00000034   Code   RO         9584    !!!scatter          c_w.l(__scatter.o)
    0x080001c4   0x0000005a   Code   RO         9582    !!dczerorl2         c_w.l(__dczerorl2.o)
    0x0800021e   0x00000002   PAD
    0x08000220   0x0000001c   Code   RO         9586    !!handler_zi        c_w.l(__scatter_zi.o)
    0x0800023c   0x00000000   Code   RO         9182    .ARM.Collect$$_printf_percent$$00000000  c_w.l(_printf_percent.o)
    0x0800023c   0x00000006   Code   RO         9181    .ARM.Collect$$_printf_percent$$00000003  c_w.l(_printf_f.o)
    0x08000242   0x00000006   Code   RO         9180    .ARM.Collect$$_printf_percent$$00000009  c_w.l(_printf_d.o)
    0x08000248   0x00000006   Code   RO         9179    .ARM.Collect$$_printf_percent$$0000000C  c_w.l(_printf_x.o)
    0x0800024e   0x00000006   Code   RO         9178    .ARM.Collect$$_printf_percent$$00000014  c_w.l(_printf_s.o)
    0x08000254   0x00000004   Code   RO         9333    .ARM.Collect$$_printf_percent$$00000017  c_w.l(_printf_percent_end.o)
    0x08000258   0x00000002   Code   RO         9524    .ARM.Collect$$libinit$$00000000  c_w.l(libinit.o)
    0x0800025a   0x00000004   Code   RO         9340    .ARM.Collect$$libinit$$00000001  c_w.l(libinit2.o)
    0x0800025e   0x00000000   Code   RO         9344    .ARM.Collect$$libinit$$00000008  c_w.l(libinit2.o)
    0x0800025e   0x00000000   Code   RO         9346    .ARM.Collect$$libinit$$0000000A  c_w.l(libinit2.o)
    0x0800025e   0x00000000   Code   RO         9348    .ARM.Collect$$libinit$$0000000C  c_w.l(libinit2.o)
    0x0800025e   0x00000006   Code   RO         9349    .ARM.Collect$$libinit$$0000000D  c_w.l(libinit2.o)
    0x08000264   0x00000000   Code   RO         9351    .ARM.Collect$$libinit$$0000000F  c_w.l(libinit2.o)
    0x08000264   0x00000000   Code   RO         9353    .ARM.Collect$$libinit$$00000011  c_w.l(libinit2.o)
    0x08000264   0x00000000   Code   RO         9355    .ARM.Collect$$libinit$$00000013  c_w.l(libinit2.o)
    0x08000264   0x0000000a   Code   RO         9356    .ARM.Collect$$libinit$$00000014  c_w.l(libinit2.o)
    0x0800026e   0x00000000   Code   RO         9357    .ARM.Collect$$libinit$$00000015  c_w.l(libinit2.o)
    0x0800026e   0x00000000   Code   RO         9359    .ARM.Collect$$libinit$$00000017  c_w.l(libinit2.o)
    0x0800026e   0x00000000   Code   RO         9361    .ARM.Collect$$libinit$$00000019  c_w.l(libinit2.o)
    0x0800026e   0x00000000   Code   RO         9363    .ARM.Collect$$libinit$$0000001B  c_w.l(libinit2.o)
    0x0800026e   0x00000000   Code   RO         9365    .ARM.Collect$$libinit$$0000001D  c_w.l(libinit2.o)
    0x0800026e   0x00000000   Code   RO         9367    .ARM.Collect$$libinit$$0000001F  c_w.l(libinit2.o)
    0x0800026e   0x00000000   Code   RO         9369    .ARM.Collect$$libinit$$00000021  c_w.l(libinit2.o)
    0x0800026e   0x00000000   Code   RO         9371    .ARM.Collect$$libinit$$00000023  c_w.l(libinit2.o)
    0x0800026e   0x00000000   Code   RO         9375    .ARM.Collect$$libinit$$0000002A  c_w.l(libinit2.o)
    0x0800026e   0x00000000   Code   RO         9377    .ARM.Collect$$libinit$$0000002C  c_w.l(libinit2.o)
    0x0800026e   0x00000000   Code   RO         9379    .ARM.Collect$$libinit$$0000002E  c_w.l(libinit2.o)
    0x0800026e   0x00000000   Code   RO         9381    .ARM.Collect$$libinit$$00000030  c_w.l(libinit2.o)
    0x0800026e   0x00000002   Code   RO         9382    .ARM.Collect$$libinit$$00000031  c_w.l(libinit2.o)
    0x08000270   0x00000002   Code   RO         9579    .ARM.Collect$$libshutdown$$00000000  c_w.l(libshutdown.o)
    0x08000272   0x00000000   Code   RO         9537    .ARM.Collect$$libshutdown$$00000003  c_w.l(libshutdown2.o)
    0x08000272   0x00000000   Code   RO         9540    .ARM.Collect$$libshutdown$$00000006  c_w.l(libshutdown2.o)
    0x08000272   0x00000000   Code   RO         9543    .ARM.Collect$$libshutdown$$00000009  c_w.l(libshutdown2.o)
    0x08000272   0x00000000   Code   RO         9545    .ARM.Collect$$libshutdown$$0000000B  c_w.l(libshutdown2.o)
    0x08000272   0x00000000   Code   RO         9548    .ARM.Collect$$libshutdown$$0000000E  c_w.l(libshutdown2.o)
    0x08000272   0x00000002   Code   RO         9549    .ARM.Collect$$libshutdown$$0000000F  c_w.l(libshutdown2.o)
    0x08000274   0x00000000   Code   RO         9297    .ARM.Collect$$rtentry$$00000000  c_w.l(rtentry.o)
    0x08000274   0x00000000   Code   RO         9415    .ARM.Collect$$rtentry$$00000002  c_w.l(rtentry2.o)
    0x08000274   0x00000006   Code   RO         9427    .ARM.Collect$$rtentry$$00000004  c_w.l(rtentry4.o)
    0x0800027a   0x00000000   Code   RO         9417    .ARM.Collect$$rtentry$$00000009  c_w.l(rtentry2.o)
    0x0800027a   0x00000004   Code   RO         9418    .ARM.Collect$$rtentry$$0000000A  c_w.l(rtentry2.o)
    0x0800027e   0x00000000   Code   RO         9420    .ARM.Collect$$rtentry$$0000000C  c_w.l(rtentry2.o)
    0x0800027e   0x00000008   Code   RO         9421    .ARM.Collect$$rtentry$$0000000D  c_w.l(rtentry2.o)
    0x08000286   0x00000002   Code   RO         9525    .ARM.Collect$$rtexit$$00000000  c_w.l(rtexit.o)
    0x08000288   0x00000000   Code   RO         9553    .ARM.Collect$$rtexit$$00000002  c_w.l(rtexit2.o)
    0x08000288   0x00000004   Code   RO         9554    .ARM.Collect$$rtexit$$00000003  c_w.l(rtexit2.o)
    0x0800028c   0x00000006   Code   RO         9555    .ARM.Collect$$rtexit$$00000004  c_w.l(rtexit2.o)
    0x08000292   0x00000002   PAD
    0x08000294   0x0000004c   Code   RO         5091    .emb_text           makos_pendsv.o
    0x080002e0   0x00000040   Code   RO         9057    .text               startup_stm32f40xx.o
    0x08000320   0x00000002   Code   RO         9063    .text               c_w.l(use_no_semi_2.o)
    0x08000322   0x00000002   PAD
    0x08000324   0x00000018   Code   RO         9129    .text               c_w.l(noretval__2printf.o)
    0x0800033c   0x00000052   Code   RO         9133    .text               c_w.l(_printf_str.o)
    0x0800038e   0x00000002   PAD
    0x08000390   0x00000074   Code   RO         9135    .text               c_w.l(_printf_dec.o)
    0x08000404   0x00000058   Code   RO         9140    .text               c_w.l(_printf_hex_int.o)
    0x0800045c   0x0000010e   Code   RO         9166    .text               c_w.l(__printf_wp.o)
    0x0800056a   0x0000004e   Code   RO         9187    .text               c_w.l(rt_memclr_w.o)
    0x080005b8   0x00000056   Code   RO         9189    .text               c_w.l(strncpy.o)
    0x0800060e   0x00000006   Code   RO         9191    .text               c_w.l(heapauxi.o)
    0x08000614   0x00000002   Code   RO         9293    .text               c_w.l(use_no_semi.o)
    0x08000616   0x000000b2   Code   RO         9325    .text               c_w.l(_printf_intcommon.o)
    0x080006c8   0x00000416   Code   RO         9327    .text               c_w.l(_printf_fp_dec.o)
    0x08000ade   0x0000002c   Code   RO         9329    .text               c_w.l(_printf_char.o)
    0x08000b0a   0x00000002   PAD
    0x08000b0c   0x00000024   Code   RO         9331    .text               c_w.l(_printf_char_file.o)
    0x08000b30   0x00000044   Code   RO         9336    .text               c_w.l(rt_memclr.o)
    0x08000b74   0x00000008   Code   RO         9411    .text               c_w.l(libspace.o)
    0x08000b7c   0x00000008   Code   RO         9432    .text               c_w.l(rt_locale_intlibspace.o)
    0x08000b84   0x0000008a   Code   RO         9447    .text               c_w.l(lludiv10.o)
    0x08000c0e   0x00000002   PAD
    0x08000c10   0x00000030   Code   RO         9449    .text               c_w.l(_printf_char_common.o)
    0x08000c40   0x00000080   Code   RO         9451    .text               c_w.l(_printf_fp_infnan.o)
    0x08000cc0   0x000000d8   Code   RO         9453    .text               c_w.l(bigflt0.o)
    0x08000d98   0x00000008   Code   RO         9478    .text               c_w.l(ferror.o)
    0x08000da0   0x0000004a   Code   RO         9499    .text               c_w.l(sys_stackheap_outer.o)
    0x08000dea   0x0000000c   Code   RO         9507    .text               c_w.l(exit.o)
    0x08000df6   0x00000002   PAD
    0x08000df8   0x00000080   Code   RO         9513    .text               c_w.l(strcmpv7m.o)
    0x08000e78   0x0000003e   Code   RO         9456    CL$$btod_d2e        c_w.l(btod.o)
    0x08000eb6   0x00000046   Code   RO         9458    CL$$btod_d2e_denorm_low  c_w.l(btod.o)
    0x08000efc   0x00000060   Code   RO         9457    CL$$btod_d2e_norm_op1  c_w.l(btod.o)
    0x08000f5c   0x00000338   Code   RO         9466    CL$$btod_div_common  c_w.l(btod.o)
    0x08001294   0x000000c6   Code   RO         9463    CL$$btod_e2e        c_w.l(btod.o)
    0x0800135a   0x00000028   Code   RO         9460    CL$$btod_ediv       c_w.l(btod.o)
    0x08001382   0x00000028   Code   RO         9459    CL$$btod_emul       c_w.l(btod.o)
    0x080013aa   0x00000244   Code   RO         9465    CL$$btod_mult_common  c_w.l(btod.o)
    0x080015ee   0x00000016   Code   RO         6504    i.ADC_Cmd           stm32f4xx_adc.o
    0x08001604   0x00000030   Code   RO         6505    i.ADC_CommonInit    stm32f4xx_adc.o
    0x08001634   0x00000168   Code   RO         4808    i.ADC_Config        adc.o
    0x0800179c   0x00000016   Code   RO         6508    i.ADC_DMACmd        stm32f4xx_adc.o
    0x080017b2   0x00000016   Code   RO         6509    i.ADC_DMARequestAfterLastTransferCmd  stm32f4xx_adc.o
    0x080017c8   0x00000054   Code   RO         6524    i.ADC_Init          stm32f4xx_adc.o
    0x0800181c   0x000000b8   Code   RO         6529    i.ADC_RegularChannelConfig  stm32f4xx_adc.o
    0x080018d4   0x0000000a   Code   RO         6531    i.ADC_SoftwareStartConv  stm32f4xx_adc.o
    0x080018de   0x00000002   PAD
    0x080018e0   0x00000020   Code   RO         6258    i.BusFault_Handler  stm32f4xx_it.o
    0x08001900   0x00000018   Code   RO         4629    i.CAN1_Configuration  can.o
    0x08001918   0x00000050   Code   RO         4630    i.CAN1_GPIO_Configuration  can.o
    0x08001968   0x0000003c   Code   RO         4631    i.CAN1_NVIC_Configuration  can.o
    0x080019a4   0x00000150   Code   RO         4632    i.CAN1_RX0_IRQHandler  can.o
    0x08001af4   0x0000001c   Code   RO         4633    i.CAN1_TX_IRQHandler  can.o
    0x08001b10   0x000000a0   Code   RO         4634    i.CAN1_mode_Configuration  can.o
    0x08001bb0   0x00000160   Code   RO         4635    i.CAN2_RX0_IRQHandler  can.o
    0x08001d10   0x0000001c   Code   RO         4636    i.CAN2_TX_IRQHandler  can.o
    0x08001d2c   0x00000038   Code   RO         6751    i.CAN_ClearFlag     stm32f4xx_can.o
    0x08001d64   0x000000a8   Code   RO         6752    i.CAN_ClearITPendingBit  stm32f4xx_can.o
    0x08001e0c   0x00000038   Code   RO         6754    i.CAN_DeInit        stm32f4xx_can.o
    0x08001e44   0x00000108   Code   RO         6756    i.CAN_FilterInit    stm32f4xx_can.o
    0x08001f4c   0x00000120   Code   RO         6758    i.CAN_GetITStatus   stm32f4xx_can.o
    0x0800206c   0x00000012   Code   RO         6762    i.CAN_ITConfig      stm32f4xx_can.o
    0x0800207e   0x00000114   Code   RO         6763    i.CAN_Init          stm32f4xx_can.o
    0x08002192   0x000000f0   Code   RO         6766    i.CAN_Receive       stm32f4xx_can.o
    0x08002282   0x00000020   Code   RO         6769    i.CAN_StructInit    stm32f4xx_can.o
    0x080022a2   0x00000126   Code   RO         6771    i.CAN_Transmit      stm32f4xx_can.o
    0x080023c8   0x00000012   Code   RO         6774    i.CheckITStatus     stm32f4xx_can.o
    0x080023da   0x00000002   PAD
    0x080023dc   0x00000044   Code   RO         5035    i.DMA1_Stream1_IRQHandler  uart_dma.o
    0x08002420   0x00000040   Code   RO         2086    i.DMA2_Stream2_IRQHandler  dbus.o
    0x08002460   0x00000034   Code   RO         6921    i.DMA_ClearITPendingBit  stm32f4xx_dma.o
    0x08002494   0x00000016   Code   RO         6922    i.DMA_Cmd           stm32f4xx_dma.o
    0x080024aa   0x00000002   PAD
    0x080024ac   0x00000158   Code   RO         6923    i.DMA_DeInit        stm32f4xx_dma.o
    0x08002604   0x00000014   Code   RO         6929    i.DMA_GetCurrentMemoryTarget  stm32f4xx_dma.o
    0x08002618   0x00000064   Code   RO         6932    i.DMA_GetITStatus   stm32f4xx_dma.o
    0x0800267c   0x0000003a   Code   RO         6933    i.DMA_ITConfig      stm32f4xx_dma.o
    0x080026b6   0x00000002   PAD
    0x080026b8   0x00000058   Code   RO         6934    i.DMA_Init          stm32f4xx_dma.o
    0x08002710   0x00000020   Code   RO         6259    i.DebugMon_Handler  stm32f4xx_it.o
    0x08002730   0x0000002c   Code   RO         1633    i.FD_check          flash_data.o
    0x0800275c   0x0000012c   Code   RO         1634    i.FD_print          flash_data.o
    0x08002888   0x00000068   Code   RO         1635    i.FD_set            flash_data.o
    0x080028f0   0x0000000c   Code   RO         7124    i.FLASH_ClearFlag   stm32f4xx_flash.o
    0x080028fc   0x00000088   Code   RO         7130    i.FLASH_EraseSector  stm32f4xx_flash.o
    0x08002984   0x00000054   Code   RO         7132    i.FLASH_GetStatus   stm32f4xx_flash.o
    0x080029d8   0x00000014   Code   RO         7136    i.FLASH_Lock        stm32f4xx_flash.o
    0x080029ec   0x00000050   Code   RO         7160    i.FLASH_ProgramWord  stm32f4xx_flash.o
    0x08002a3c   0x00000024   Code   RO         7162    i.FLASH_Unlock      stm32f4xx_flash.o
    0x08002a60   0x00000022   Code   RO         7163    i.FLASH_WaitForLastOperation  stm32f4xx_flash.o
    0x08002a82   0x00000002   PAD
    0x08002a84   0x0000001c   Code   RO         6260    i.FPU_IRQHandler    stm32f4xx_it.o
    0x08002aa0   0x00000024   Code   RO         4563    i.Flash_EraseSector  stm32_flash.o
    0x08002ac4   0x0000001a   Code   RO         4565    i.Flash_Read32BitDatas  stm32_flash.o
    0x08002ade   0x00000074   Code   RO         4568    i.Flash_Write32BitDatas  stm32_flash.o
    0x08002b52   0x00000090   Code   RO         7386    i.GPIO_Init         stm32f4xx_gpio.o
    0x08002be2   0x00000046   Code   RO         7387    i.GPIO_PinAFConfig  stm32f4xx_gpio.o
    0x08002c28   0x00000004   Code   RO         7393    i.GPIO_ResetBits    stm32f4xx_gpio.o
    0x08002c2c   0x00000004   Code   RO         7394    i.GPIO_SetBits      stm32f4xx_gpio.o
    0x08002c30   0x00000008   Code   RO         7396    i.GPIO_ToggleBits   stm32f4xx_gpio.o
    0x08002c38   0x000000e4   Code   RO         4570    i.GetSector         stm32_flash.o
    0x08002d1c   0x00000034   Code   RO         6261    i.HardFault_Handler  stm32f4xx_it.o
    0x08002d50   0x00000020   Code   RO         6262    i.MemManage_Handler  stm32f4xx_it.o
    0x08002d70   0x0000001c   Code   RO         6263    i.NMI_Handler       stm32f4xx_it.o
    0x08002d8c   0x00000078   Code   RO         6372    i.NVIC_Init         misc.o
    0x08002e04   0x00000014   Code   RO         6373    i.NVIC_PriorityGroupConfig  misc.o
    0x08002e18   0x00000038   Code   RO         1789    i.PID_Struct_Init   pid.o
    0x08002e50   0x00000030   Code   RO         1790    i.PID_Struct_Init_abs  pid.o
    0x08002e80   0x000000ec   Code   RO         1791    i.PID_Update_Absolute2  pid.o
    0x08002f6c   0x000000da   Code   RO         1792    i.PID_Update_Incre  pid.o
    0x08003046   0x00000002   PAD
    0x08003048   0x0000003c   Code   RO         1793    i.PID_current_Init  pid.o
    0x08003084   0x00000040   Code   RO         1794    i.PID_speed_Init    pid.o
    0x080030c4   0x00000020   Code   RO         7721    i.RCC_AHB1PeriphClockCmd  stm32f4xx_rcc.o
    0x080030e4   0x00000020   Code   RO         7730    i.RCC_APB1PeriphClockCmd  stm32f4xx_rcc.o
    0x08003104   0x00000020   Code   RO         7732    i.RCC_APB1PeriphResetCmd  stm32f4xx_rcc.o
    0x08003124   0x00000020   Code   RO         7733    i.RCC_APB2PeriphClockCmd  stm32f4xx_rcc.o
    0x08003144   0x00000020   Code   RO         7735    i.RCC_APB2PeriphResetCmd  stm32f4xx_rcc.o
    0x08003164   0x000000e8   Code   RO         7742    i.RCC_GetClocksFreq  stm32f4xx_rcc.o
    0x0800324c   0x00000026   Code   RO          657    i.RM6025_set_data_init  task_holder.o
    0x08003272   0x00000002   PAD
    0x08003274   0x00000034   Code   RO          659    i.RM6025_set_yaw    task_holder.o
    0x080032a8   0x000000c0   Code   RO          968    i.SAVE              task_drag.o
    0x08003368   0x0000001c   Code   RO         6264    i.SVC_Handler       stm32f4xx_it.o
    0x08003384   0x000000ec   Code   RO         6331    i.SetSysClock       system_stm32f4xx.o
    0x08003470   0x00000010   Code   RO         5161    i.SysTick_Handler   makos_tick.o
    0x08003480   0x00000068   Code   RO         6333    i.SystemInit        system_stm32f4xx.o
    0x080034e8   0x0000003a   Code   RO         8293    i.TI1_Config        stm32f4xx_tim.o
    0x08003522   0x00000050   Code   RO         8294    i.TI2_Config        stm32f4xx_tim.o
    0x08003572   0x00000048   Code   RO         8295    i.TI3_Config        stm32f4xx_tim.o
    0x080035ba   0x00000050   Code   RO         8296    i.TI4_Config        stm32f4xx_tim.o
    0x0800360a   0x00000002   PAD
    0x0800360c   0x000000cc   Code   RO         4981    i.TIM3_init         tim3_4.o
    0x080036d8   0x000000bc   Code   RO         4982    i.TIM4_init         tim3_4.o
    0x08003794   0x00000018   Code   RO         8297    i.TIM_ARRPreloadConfig  stm32f4xx_tim.o
    0x080037ac   0x00000006   Code   RO         8303    i.TIM_ClearFlag     stm32f4xx_tim.o
    0x080037b2   0x00000018   Code   RO         8309    i.TIM_Cmd           stm32f4xx_tim.o
    0x080037ca   0x0000001e   Code   RO         8311    i.TIM_CtrlPWMOutputs  stm32f4xx_tim.o
    0x080037e8   0x00000190   Code   RO         8314    i.TIM_DeInit        stm32f4xx_tim.o
    0x08003978   0x00000042   Code   RO         8318    i.TIM_EncoderInterfaceConfig  stm32f4xx_tim.o
    0x080039ba   0x0000006e   Code   RO         8332    i.TIM_ICInit        stm32f4xx_tim.o
    0x08003a28   0x00000012   Code   RO         8333    i.TIM_ICStructInit  stm32f4xx_tim.o
    0x08003a3a   0x00000012   Code   RO         8334    i.TIM_ITConfig      stm32f4xx_tim.o
    0x08003a4c   0x0000007c   Code   RO         8338    i.TIM_OC1Init       stm32f4xx_tim.o
    0x08003ac8   0x00000012   Code   RO         8341    i.TIM_OC1PreloadConfig  stm32f4xx_tim.o
    0x08003ada   0x00000002   PAD
    0x08003adc   0x000000a4   Code   RO         8343    i.TIM_OC2Init       stm32f4xx_tim.o
    0x08003b80   0x0000001a   Code   RO         8346    i.TIM_OC2PreloadConfig  stm32f4xx_tim.o
    0x08003b9a   0x00000002   PAD
    0x08003b9c   0x000000a0   Code   RO         8348    i.TIM_OC3Init       stm32f4xx_tim.o
    0x08003c3c   0x00000012   Code   RO         8351    i.TIM_OC3PreloadConfig  stm32f4xx_tim.o
    0x08003c4e   0x00000002   PAD
    0x08003c50   0x00000078   Code   RO         8353    i.TIM_OC4Init       stm32f4xx_tim.o
    0x08003cc8   0x0000001a   Code   RO         8355    i.TIM_OC4PreloadConfig  stm32f4xx_tim.o
    0x08003ce2   0x00000012   Code   RO         8376    i.TIM_SetIC1Prescaler  stm32f4xx_tim.o
    0x08003cf4   0x0000001a   Code   RO         8377    i.TIM_SetIC2Prescaler  stm32f4xx_tim.o
    0x08003d0e   0x00000012   Code   RO         8378    i.TIM_SetIC3Prescaler  stm32f4xx_tim.o
    0x08003d20   0x0000001a   Code   RO         8379    i.TIM_SetIC4Prescaler  stm32f4xx_tim.o
    0x08003d3a   0x00000002   PAD
    0x08003d3c   0x00000084   Code   RO         8381    i.TIM_TimeBaseInit  stm32f4xx_tim.o
    0x08003dc0   0x00000012   Code   RO         8382    i.TIM_TimeBaseStructInit  stm32f4xx_tim.o
    0x08003dd2   0x00000002   PAD
    0x08003dd4   0x00000040   Code   RO         4454    i.UART4_IRQHandler  usart.o
    0x08003e14   0x00000040   Code   RO         4455    i.UART5_IRQHandler  usart.o
    0x08003e54   0x00000040   Code   RO         4456    i.USART1_IRQHandler  usart.o
    0x08003e94   0x00000040   Code   RO         4457    i.USART2_IRQHandler  usart.o
    0x08003ed4   0x00000040   Code   RO         4458    i.USART3_IRQHandler  usart.o
    0x08003f14   0x0000001e   Code   RO         8863    i.USART_ClearITPendingBit  stm32f4xx_usart.o
    0x08003f32   0x00000018   Code   RO         8866    i.USART_Cmd         stm32f4xx_usart.o
    0x08003f4a   0x00000012   Code   RO         8867    i.USART_DMACmd      stm32f4xx_usart.o
    0x08003f5c   0x000000f0   Code   RO         8868    i.USART_DeInit      stm32f4xx_usart.o
    0x0800404c   0x0000001a   Code   RO         8869    i.USART_GetFlagStatus  stm32f4xx_usart.o
    0x08004066   0x00000054   Code   RO         8870    i.USART_GetITStatus  stm32f4xx_usart.o
    0x080040ba   0x0000004a   Code   RO         8872    i.USART_ITConfig    stm32f4xx_usart.o
    0x08004104   0x000000d4   Code   RO         8873    i.USART_Init        stm32f4xx_usart.o
    0x080041d8   0x00000008   Code   RO         8883    i.USART_SendData    stm32f4xx_usart.o
    0x080041e0   0x00000024   Code   RO         6265    i.UsageFault_Handler  stm32f4xx_it.o
    0x08004204   0x00000030   Code   RO         9404    i.__ARM_fpclassify  m_wm.l(fpclassify.o)
    0x08004234   0x0000000e   Code   RO         9168    i._is_digit         c_w.l(__printf_wp.o)
    0x08004242   0x00000006   Code   RO         4459    i._sys_exit         usart.o
    0x08004248   0x00000094   Code   RO          495    i.ad_filter         task_chassis.o
    0x080042dc   0x0000000c   Code   RO          496    i.adc_print         task_chassis.o
    0x080042e8   0x00000010   Code   RO          786    i.bullet_control    task_bullet.o
    0x080042f8   0x00000020   Code   RO          870    i.camera_move       task_camera_move.o
    0x08004318   0x00000018   Code   RO         4637    i.can2_Configuration  can.o
    0x08004330   0x00000058   Code   RO         4638    i.can2_GPIO_Configuration  can.o
    0x08004388   0x0000003c   Code   RO         4639    i.can2_NVIC_Configuration  can.o
    0x080043c4   0x000000a4   Code   RO         4640    i.can2_mode_Configuration  can.o
    0x08004468   0x00000024   Code   RO         4641    i.can_set           can.o
    0x0800448c   0x00000070   Code   RO          836    i.car_clip          task_clip.o
    0x080044fc   0x00000002   Code   RO         1172    i.car_rise          task_car_rise_engineer.o
    0x080044fe   0x00000002   PAD
    0x08004500   0x0000011c   Code   RO         1173    i.car_rise_init     task_car_rise_engineer.o
    0x0800461c   0x0000015c   Code   RO         1174    i.car_rise_motor    task_car_rise_engineer.o
    0x08004778   0x00000204   Code   RO         2010    i.chassis_move      motor.o
    0x0800497c   0x0000000e   Code   RO         2011    i.chassis_stop      motor.o
    0x0800498a   0x0000003c   Code   RO         4643    i.circle_count      can.o
    0x080049c6   0x00000032   Code   RO         4644    i.circle_count_simple  can.o
    0x080049f8   0x00000088   Code   RO         2087    i.dbus_buff_checked  dbus.o
    0x08004a80   0x0000007c   Code   RO         2088    i.dbus_error_handle  dbus.o
    0x08004afc   0x00000240   Code   RO         2089    i.dbus_init         dbus.o
    0x08004d3c   0x00000038   Code   RO         2090    i.dbus_mode_dma     dbus.o
    0x08004d74   0x0000003c   Code   RO         2091    i.dbus_mode_usart   dbus.o
    0x08004db0   0x00000010   Code   RO            4    i.delay_short       main.o
    0x08004dc0   0x00000026   Code   RO         5877    i.dndqueue_add_last  makos_dnode_queue.o
    0x08004de6   0x0000000c   Code   RO         5878    i.dndqueue_init     makos_dnode_queue.o
    0x08004df2   0x0000000e   Code   RO         5214    i.dnode_add_first   makos_doublelist.o
    0x08004e00   0x0000000e   Code   RO         5215    i.dnode_add_last    makos_doublelist.o
    0x08004e0e   0x00000006   Code   RO         5218    i.dnode_head_init   makos_doublelist.o
    0x08004e14   0x00000014   Code   RO         5220    i.dnode_remove      makos_doublelist.o
    0x08004e28   0x00000002   Code   RO         2092    i.emptyf            dbus.o
    0x08004e2a   0x00000002   Code   RO         4460    i.emptyf            usart.o
    0x08004e2c   0x0000007c   Code   RO         4461    i.fputc             usart.o
    0x08004ea8   0x00000030   Code   RO         6129    i.get_memory_info   makos_record.o
    0x08004ed8   0x00000048   Code   RO         6130    i.get_stack         makos_record.o
    0x08004f20   0x0000001c   Code   RO         4984    i.give_motor_close  tim3_4.o
    0x08004f3c   0x0000001c   Code   RO         4985    i.give_motor_open   tim3_4.o
    0x08004f58   0x00000010   Code   RO         4986    i.give_motor_stop   tim3_4.o
    0x08004f68   0x00000002   Code   RO         1049    i.guard_move        task_guard.o
    0x08004f6a   0x00000002   PAD
    0x08004f6c   0x0000011c   Code   RO         1050    i.guard_move_init   task_guard.o
    0x08005088   0x00000014   Code   RO         5830    i.init_tick_callback  makos_tick_handle.o
    0x0800509c   0x00000050   Code   RO         5107    i.irq_close         makos_critical.o
    0x080050ec   0x00000002   Code   RO         4953    i.irq_dead_check    irq_dead_check.o
    0x080050ee   0x00000002   PAD
    0x080050f0   0x0000004c   Code   RO         5108    i.irq_restore       makos_critical.o
    0x0800513c   0x00000020   Code   RO          497    i.is_2s_interval    task_chassis.o
    0x0800515c   0x0000000c   Code   RO          259    i.led_user_control  task_led.o
    0x08005168   0x00000144   Code   RO            5    i.main              main.o
    0x080052ac   0x000000dc   Code   RO         6200    i.mak_print         mak_print.o
    0x08005388   0x000000f0   Code   RO         6202    i.mak_print_float   mak_print.o
    0x08005478   0x00000056   Code   RO         6203    i.mak_print_s32     mak_print.o
    0x080054ce   0x00000016   Code   RO         6204    i.mak_print_string  mak_print.o
    0x080054e4   0x00000018   Code   RO         6205    i.mak_print_u8      mak_print.o
    0x080054fc   0x0000002c   Code   RO         5610    i.makos_get_prio_highest  makos_system.o
    0x08005528   0x00000118   Code   RO         5611    i.makos_init        makos_system.o
    0x08005640   0x0000005c   Code   RO         5612    i.makos_run         makos_system.o
    0x0800569c   0x0000004c   Code   RO         5613    i.makos_update_switch  makos_system.o
    0x080056e8   0x0000001a   Code   RO          397    i.memcopy           task_remote.o
    0x08005702   0x00000038   Code   RO         1890    i.mled_init         led.o
    0x0800573a   0x0000001c   Code   RO         1891    i.mled_off          led.o
    0x08005756   0x0000000e   Code   RO         1893    i.mled_toggle       led.o
    0x08005764   0x0000003c   Code   RO         1680    i.mpid_init         mak_pid.o
    0x080057a0   0x000000ec   Code   RO         1682    i.mpid_v            mak_pid.o
    0x0800588c   0x00000016   Code   RO         5678    i.msg_get_read_try  makos_message.o
    0x080058a2   0x00000038   Code   RO         5680    i.msg_get_write_last  makos_message.o
    0x080058da   0x00000032   Code   RO         5681    i.msg_get_write_try  makos_message.o
    0x0800590c   0x000000c4   Code   RO         5682    i.msg_init          makos_message.o
    0x080059d0   0x00000036   Code   RO         5683    i.msg_read_finish   makos_message.o
    0x08005a06   0x00000036   Code   RO         5684    i.msg_read_finish_try  makos_message.o
    0x08005a3c   0x0000002e   Code   RO         5685    i.msg_write_finish  makos_message.o
    0x08005a6a   0x00000026   Code   RO         5686    i.msg_write_finish_last  makos_message.o
    0x08005a90   0x000000ac   Code   RO         5403    i.mutex_init        makos_mutex.o
    0x08005b3c   0x00000038   Code   RO         5405    i.mutex_lock_try    makos_mutex.o
    0x08005b74   0x000000f8   Code   RO         5406    i.mutex_unlock      makos_mutex.o
    0x08005c6c   0x00000022   Code   RO         5407    i.mutex_update_ceiling  makos_mutex.o
    0x08005c8e   0x00000002   PAD
    0x08005c90   0x00000044   Code   RO         5308    i.my_mem_init       makos_memory.o
    0x08005cd4   0x000000a8   Code   RO         5309    i.my_mem_malloc     makos_memory.o
    0x08005d7c   0x00000040   Code   RO         5310    i.my_mem_perused    makos_memory.o
    0x08005dbc   0x00000014   Code   RO         5311    i.my_mem_set        makos_memory.o
    0x08005dd0   0x00000028   Code   RO         5313    i.mymalloc          makos_memory.o
    0x08005df8   0x000000ac   Code   RO          498    i.pid_show          task_chassis.o
    0x08005ea4   0x00000094   Code   RO         5524    i.pipe_init         makos_pipe.o
    0x08005f38   0x0000003e   Code   RO         5525    i.pipe_read         makos_pipe.o
    0x08005f76   0x00000046   Code   RO         5526    i.pipe_write        makos_pipe.o
    0x08005fbc   0x00000018   Code   RO         6001    i.pow_of_10         makos_resolver.o
    0x08005fd4   0x0000008c   Code   RO          499    i.print_chassis_speed  task_chassis.o
    0x08006060   0x00000090   Code   RO          500    i.print_current     task_chassis.o
    0x080060f0   0x0000002c   Code   RO          398    i.receiver_control  task_remote.o
    0x0800611c   0x0000000c   Code   RO         6131    i.record_control    makos_record.o
    0x08006128   0x00000018   Code   RO         2014    i.remote_0_protec   motor.o
    0x08006140   0x0000021c   Code   RO          399    i.remote_chassis    task_remote.o
    0x0800635c   0x000000a4   Code   RO          400    i.remote_data_dispose  task_remote.o
    0x08006400   0x00000038   Code   RO          501    i.remote_data_proc  task_chassis.o
    0x08006438   0x000000d0   Code   RO          401    i.remote_drag_give  task_remote.o
    0x08006508   0x0000008c   Code   RO          402    i.remote_handle     task_remote.o
    0x08006594   0x000001d0   Code   RO          403    i.remote_holder_shoot  task_remote.o
    0x08006764   0x000001a8   Code   RO          404    i.remote_lift_bullet_view  task_remote.o
    0x0800690c   0x00000090   Code   RO          405    i.remote_send_msg_init  task_remote.o
    0x0800699c   0x000002f4   Code   RO          406    i.remote_test       task_remote.o
    0x08006c90   0x00000024   Code   RO         6002    i.resolve_add       makos_resolver.o
    0x08006cb4   0x0000002c   Code   RO         6003    i.resolver_init     makos_resolver.o
    0x08006ce0   0x00000054   Code   RO         2015    i.send_can          motor.o
    0x08006d34   0x0000007c   Code   RO          502    i.send_speed_wave   task_chassis.o
    0x08006db0   0x00000030   Code   RO         4462    i.serial_handler    usart.o
    0x08006de0   0x000002c4   Code   RO         4463    i.serial_init       usart.o
    0x080070a4   0x00000002   Code   RO          503    i.set_D             task_chassis.o
    0x080070a6   0x00000002   Code   RO          504    i.set_I             task_chassis.o
    0x080070a8   0x00000002   Code   RO          505    i.set_P             task_chassis.o
    0x080070aa   0x00000002   PAD
    0x080070ac   0x00000014   Code   RO         5963    i.set_cpu_print     makos_idle.o
    0x080070c0   0x00000030   Code   RO         2016    i.set_current_symbol  motor.o
    0x080070f0   0x00000002   Code   RO          506    i.set_err_lim       task_chassis.o
    0x080070f2   0x00000002   PAD
    0x080070f4   0x00000010   Code   RO          734    i.shoot_control     task_shoot.o
    0x08007104   0x0000000c   Code   RO          735    i.shoot_test_control  task_shoot.o
    0x08007110   0x0000000c   Code   RO          507    i.speed_show_set    task_chassis.o
    0x0800711c   0x00000030   Code   RO         2224    i.speed_update      supply_motor.o
    0x0800714c   0x000000b4   Code   RO         6132    i.stack_print       makos_record.o
    0x08007200   0x0000005c   Code   RO          787    i.strech_init       task_bullet.o
    0x0800725c   0x0000007c   Code   RO          788    i.strech_motor      task_bullet.o
    0x080072d8   0x00000034   Code   RO         6004    i.string_compare    makos_resolver.o
    0x0800730c   0x00000032   Code   RO         6005    i.string_get_U32    makos_resolver.o
    0x0800733e   0x00000002   PAD
    0x08007340   0x00000128   Code   RO         6006    i.string_to_float   makos_resolver.o
    0x08007468   0x000000f4   Code   RO         2225    i.supply_pid_calc   supply_motor.o
    0x0800755c   0x0000006c   Code   RO         5922    i.task_PRINT        makos_print.o
    0x080075c8   0x000001dc   Code   RO          789    i.task_bullet       task_bullet.o
    0x080077a4   0x00000080   Code   RO          871    i.task_camera_move  task_camera_move.o
    0x08007824   0x00000088   Code   RO         1175    i.task_car_rise_engineer  task_car_rise_engineer.o
    0x080078ac   0x000001dc   Code   RO         1228    i.task_car_rise_hero  task_car_rise_hero.o
    0x08007a88   0x00000348   Code   RO          508    i.task_chassis      task_chassis.o
    0x08007dd0   0x0000009c   Code   RO          837    i.task_clip         task_clip.o
    0x08007e6c   0x00000358   Code   RO         5575    i.task_create_full  makos_task.o
    0x080081c4   0x00000038   Code   RO         5765    i.task_delay_ms     makos_schedule.o
    0x080081fc   0x00000068   Code   RO          970    i.task_drag         task_drag.o
    0x08008264   0x00000070   Code   RO         1012    i.task_give         task_give.o
    0x080082d4   0x000000cc   Code   RO         1051    i.task_guard_move   task_guard.o
    0x080083a0   0x00000124   Code   RO         5964    i.task_idle         makos_idle.o
    0x080084c4   0x00000480   Code   RO          306    i.task_init         task_init.o
    0x08008944   0x00000090   Code   RO          260    i.task_led_sys      task_led.o
    0x080089d4   0x000000bc   Code   RO          261    i.task_led_user     task_led.o
    0x08008a90   0x0000009c   Code   RO         6133    i.task_record       makos_record.o
    0x08008b2c   0x0000013c   Code   RO          407    i.task_remote       task_remote.o
    0x08008c68   0x000001f0   Code   RO         6007    i.task_resolver     makos_resolver.o
    0x08008e58   0x00000034   Code   RO         5768    i.task_resume       makos_schedule.o
    0x08008e8c   0x0000002c   Code   RO         5769    i.task_set_prio     makos_schedule.o
    0x08008eb8   0x000005f4   Code   RO          736    i.task_shoot        task_shoot.o
    0x080094ac   0x000000a8   Code   RO          737    i.task_shoot_control  task_shoot.o
    0x08009554   0x00000028   Code   RO         5770    i.task_suspend      makos_schedule.o
    0x0800957c   0x0000006c   Code   RO         5832    i.tick_handle       makos_tick_handle.o
    0x080095e8   0x00000050   Code   RO         5162    i.tick_init         makos_tick.o
    0x08009638   0x0000001c   Code   RO         5163    i.tick_start        makos_tick.o
    0x08009654   0x00000094   Code   RO          509    i.upper_monit_err_lim  task_chassis.o
    0x080096e8   0x00000090   Code   RO          510    i.upper_monit_kd    task_chassis.o
    0x08009778   0x00000090   Code   RO          511    i.upper_monit_ki    task_chassis.o
    0x08009808   0x00000090   Code   RO          512    i.upper_monit_kp    task_chassis.o
    0x08009898   0x00000020   Code   RO         4465    i.usart3_send_char  usart.o
    0x080098b8   0x0000001a   Code   RO         4466    i.usart3_send_string  usart.o
    0x080098d2   0x00000002   PAD
    0x080098d4   0x00000080   Code   RO          513    i.v_k_func          task_chassis.o
    0x08009954   0x0000000c   Code   RO          514    i.wave_key          task_chassis.o
    0x08009960   0x0000002c   Code   RO         9483    locale$$code        c_w.l(lc_numeric_c.o)
    0x0800998c   0x00000062   Code   RO         9197    x$fpl$d2f           fz_wm.l(d2f.o)
    0x080099ee   0x00000018   Code   RO         9383    x$fpl$dcmpinf       fz_wm.l(dcmpi.o)
    0x08009a06   0x00000002   PAD
    0x08009a08   0x000002b0   Code   RO         9206    x$fpl$ddiv          fz_wm.l(ddiv.o)
    0x08009cb8   0x0000005e   Code   RO         9209    x$fpl$dfix          fz_wm.l(dfix.o)
    0x08009d16   0x0000002e   Code   RO         9214    x$fpl$dflt          fz_wm.l(dflt_clz.o)
    0x08009d44   0x00000026   Code   RO         9213    x$fpl$dfltu         fz_wm.l(dflt_clz.o)
    0x08009d6a   0x00000002   PAD
    0x08009d6c   0x00000078   Code   RO         9219    x$fpl$dleqf         fz_wm.l(dleqf.o)
    0x08009de4   0x00000154   Code   RO         9221    x$fpl$dmul          fz_wm.l(dmul.o)
    0x08009f38   0x0000009c   Code   RO         9385    x$fpl$dnaninf       fz_wm.l(dnaninf.o)
    0x08009fd4   0x0000000c   Code   RO         9387    x$fpl$dretinf       fz_wm.l(dretinf.o)
    0x08009fe0   0x0000006c   Code   RO         9223    x$fpl$drleqf        fz_wm.l(drleqf.o)
    0x0800a04c   0x00000056   Code   RO         9225    x$fpl$f2d           fz_wm.l(f2d.o)
    0x0800a0a2   0x0000008c   Code   RO         9391    x$fpl$fnaninf       fz_wm.l(fnaninf.o)
    0x0800a12e   0x0000000a   Code   RO         9494    x$fpl$fpinit        fz_wm.l(fpinit.o)
    0x0800a138   0x0000000a   Code   RO         9393    x$fpl$fretinf       fz_wm.l(fretinf.o)
    0x0800a142   0x00000004   Code   RO         9227    x$fpl$printf1       fz_wm.l(printf1.o)
    0x0800a146   0x00000000   Code   RO         9395    x$fpl$usenofp       fz_wm.l(usenofp.o)
    0x0800a146   0x00000002   PAD
    0x0800a148   0x00000018   Data   RO         5318    .constdata          makos_memory.o
    0x0800a160   0x00000028   Data   RO         9141    .constdata          c_w.l(_printf_hex_int.o)
    0x0800a188   0x00000094   Data   RO         9454    .constdata          c_w.l(bigflt0.o)
    0x0800a21c   0x0000000d   Data   RO         2094    .conststring        dbus.o
    0x0800a229   0x00000003   PAD
    0x0800a22c   0x00000027   Data   RO         4467    .conststring        usart.o
    0x0800a253   0x00000001   PAD
    0x0800a254   0x00000050   Data   RO         5527    .conststring        makos_pipe.o
    0x0800a2a4   0x00000020   Data   RO         9580    Region$$Table       anon$$obj.o
    0x0800a2c4   0x0000001c   Data   RO         9482    locale$$data        c_w.l(lc_numeric_c.o)


    Execution Region RW_IRAM1 (Base: 0x20000000, Size: 0x0001bb80, Max: 0x00020000, ABSOLUTE, COMPRESSED[0x000000c0])

    Base Addr    Size         Type   Attr      Idx    E Section Name        Object

    0x20000000   0x00000040   Data   RW          262    .data               task_led.o
    0x20000040   0x00000044   Data   RW          409    .data               task_remote.o
    0x20000084   0x00000020   Data   RW          515    .data               task_chassis.o
    0x200000a4   0x00000024   Data   RW          665    .data               task_holder.o
    0x200000c8   0x00000010   Data   RW          738    .data               task_shoot.o
    0x200000d8   0x00000012   Data   RW          791    .data               task_bullet.o
    0x200000ea   0x00000002   PAD
    0x200000ec   0x00000008   Data   RW          872    .data               task_camera_move.o
    0x200000f4   0x00000008   Data   RW          971    .data               task_drag.o
    0x200000fc   0x00000008   Data   RW         1053    .data               task_guard.o
    0x20000104   0x0000000e   Data   RW         1177    .data               task_car_rise_engineer.o
    0x20000112   0x00000002   PAD
    0x20000114   0x00000004   Data   RW         1637    .data               flash_data.o
    0x20000118   0x00000044   Data   RW         2018    .data               motor.o
    0x2000015c   0x00000040   Data   RW         2095    .data               dbus.o
    0x2000019c   0x00000008   Data   RW         2229    .data               supply_motor.o
    0x200001a4   0x0000005c   Data   RW         4468    .data               usart.o
    0x20000200   0x00000026   Data   RW         4646    .data               can.o
    0x20000226   0x00000008   Data   RW         4809    .data               adc.o
    0x2000022e   0x00000002   PAD
    0x20000230   0x0000000c   Data   RW         5041    .data               uart_dma.o
    0x2000023c   0x00000001   Data   RW         5110    .data               makos_critical.o
    0x2000023d   0x00000003   PAD
    0x20000240   0x00000004   Data   RW         5164    .data               makos_tick.o
    0x20000244   0x0000001c   Data   RW         5319    .data               makos_memory.o
    0x20000260   0x00000008   Data   RW         5615    .data               makos_system.o
    0x20000268   0x00000004   Data   RW         5833    .data               makos_tick_handle.o
    0x2000026c   0x0000000c   Data   RW         5923    .data               makos_print.o
    0x20000278   0x00000008   Data   RW         5965    .data               makos_idle.o
    0x20000280   0x00000008   Data   RW         6009    .data               makos_resolver.o
    0x20000288   0x0000000c   Data   RW         6135    .data               makos_record.o
    0x20000294   0x00000010   Data   RW         7774    .data               stm32f4xx_rcc.o
    0x200002a4   0x0000012a   Zero   RW          408    .bss                task_remote.o
    0x200003ce   0x00000002   PAD
    0x200003d0   0x000000b4   Zero   RW          664    .bss                task_holder.o
    0x20000484   0x0000002c   Zero   RW          790    .bss                task_bullet.o
    0x200004b0   0x00000058   Zero   RW         1052    .bss                task_guard.o
    0x20000508   0x00000058   Zero   RW         1176    .bss                task_car_rise_engineer.o
    0x20000560   0x00000010   Zero   RW         1636    .bss                flash_data.o
    0x20000570   0x0000010c   Zero   RW         1797    .bss                pid.o
    0x2000067c   0x00000012   Zero   RW         2093    .bss                dbus.o
    0x2000068e   0x00000002   PAD
    0x20000690   0x00000100   Zero   RW         4645    .bss                can.o
    0x20000790   0x00000028   Zero   RW         5109    .bss                makos_critical.o
    0x200007b8   0x0001a900   Zero   RW         5317    .bss                makos_memory.o
    0x2001b0b8   0x00000054   Zero   RW         5614    .bss                makos_system.o
    0x2001b10c   0x00000014   Zero   RW         6008    .bss                makos_resolver.o
    0x2001b120   0x00000400   Zero   RW         6134    .bss                makos_record.o
    0x2001b520   0x00000060   Zero   RW         9412    .bss                c_w.l(libspace.o)
    0x2001b580   0x00000200   Zero   RW         9055    HEAP                startup_stm32f40xx.o
    0x2001b780   0x00000400   Zero   RW         9054    STACK               startup_stm32f40xx.o



  Load Region LR$$.ARM.__AT_0x68000000 (Base: 0x68000000, Size: 0x00000000, Max: 0x000f0000, ABSOLUTE)

    Execution Region ER$$.ARM.__AT_0x68000000 (Base: 0x68000000, Size: 0x000f0000, Max: 0x000f0000, ABSOLUTE, UNINIT)

    Base Addr    Size         Type   Attr      Idx    E Section Name        Object

    0x68000000   0x000f0000   Zero   RW         5315    .ARM.__AT_0x68000000  makos_memory.o



  Load Region LR$$.ARM.__AT_0x680F0000 (Base: 0x680f0000, Size: 0x00000000, Max: 0x0000f000, ABSOLUTE)

    Execution Region ER$$.ARM.__AT_0x680F0000 (Base: 0x680f0000, Size: 0x0000f000, Max: 0x0000f000, ABSOLUTE, UNINIT)

    Base Addr    Size         Type   Attr      Idx    E Section Name        Object

    0x680f0000   0x0000f000   Zero   RW         5316    .ARM.__AT_0x680F0000  makos_memory.o


==============================================================================

Image component sizes


      Code (inc. data)   RO Data    RW Data    ZI Data      Debug   Object Name

       360         16          0          8          0     252708   adc.o
      1550        104          0         38        256      13818   can.o
      1018        208         13         64         18       9538   dbus.o
       448        184          0          4         16       2895   flash_data.o
         2          0          0          0          0        617   irq_dead_check.o
        98          0          0          0          0       2673   led.o
       340        160          0          0          0     304277   main.o
       296         10          0          0          0       1477   mak_pid.o
       592         10          0          0          0       4636   mak_print.o
       156         68          0          1         40       6673   makos_critical.o
        50          0          0          0          0       1312   makos_dnode_queue.o
        54          0          0          0          0       3000   makos_doublelist.o
       312         74          0          8          0       1831   makos_idle.o
       360         42         24         28    1153280       5755   makos_memory.o
       516        100          0          0          0       6670   makos_message.o
       510        216          0          0          0       5088   makos_mutex.o
        76          8          0          0          0        496   makos_pendsv.o
       280         72         80          0          0       2625   makos_pipe.o
       108         10          0         12          0       1062   makos_print.o
       468        208          0         12       1024       4983   makos_record.o
       998        150          0          8         20       7444   makos_resolver.o
       192         24          0          0          0       2573   makos_schedule.o
       492        188          0          8         84       5247   makos_system.o
       856        122          0          0          0       2851   makos_task.o
       124         20          0          4          0      28846   makos_tick.o
       128         20          0          4          0       2634   makos_tick_handle.o
       140         24          0          0          0      19047   misc.o
       686         66          0         68          0       4377   motor.o
       682         26          0          0        268       6117   pid.o
         0          0          0          0          0       2936   protocol.o
        64         26        392          0       1536        872   startup_stm32f40xx.o
       406         46          0          0          0       3555   stm32_flash.o
       392         24          0          0          0      20087   stm32f4xx_adc.o
      1710         26          0          0          0      17412   stm32f4xx_can.o
       684         58          0          0          0      19072   stm32f4xx_dma.o
       402         40          0          0          0      14209   stm32f4xx_flash.o
       230          0          0          0          0      11133   stm32f4xx_gpio.o
       268        178          0          0          0       4408   stm32f4xx_it.o
       392         48          0         16          0      21993   stm32f4xx_rcc.o
      1880        120          0          0          0      39771   stm32f4xx_tim.o
       716         42          0          0          0      13717   stm32f4xx_usart.o
       292         20          0          8          0       3508   supply_motor.o
       340         32          0          0          0       1877   system_stm32f4xx.o
       708        168          0         18         44       3671   task_bullet.o
       160         42          0          8          0      11967   task_camera_move.o
       770         76          0         14         88       3918   task_car_rise_engineer.o
       476         50          0          0          0       1049   task_car_rise_hero.o
      2408        644          0         32          0      17412   task_chassis.o
       268         54          0          0          0       1343   task_clip.o
       296         30          0          8          0       1684   task_drag.o
       112          8          0          0          0        696   task_give.o
       490         50          0          8         88       2845   task_guard.o
        90         10          0         36        180       3791   task_holder.o
      1152        398          0          0          0       5723   task_init.o
       344        130          0         64          0       5156   task_led.o
      3226        536          0         68        298      14005   task_remote.o
      1720        340          0         16          0       4369   task_shoot.o
       464         30          0          0          0       3195   tim3_4.o
        68         20          0         12          0       1737   uart_dma.o
      1266        236         39         92          0      10886   usart.o

    ----------------------------------------------------------------------
     33728       5612        584        676    1157244     979267   Object Totals
         0          0         32          0          0          0   (incl. Generated)
        42          0          4          9          4          0   (incl. Padding)

    ----------------------------------------------------------------------

      Code (inc. data)   RO Data    RW Data    ZI Data      Debug   Library Member Name

        90          0          0          0          0          0   __dczerorl2.o
         8          0          0          0          0         68   __main.o
       284          0          0          0          0        156   __printf_wp.o
        52          8          0          0          0          0   __scatter.o
        28          0          0          0          0          0   __scatter_zi.o
        44          0          0          0          0        108   _printf_char.o
        48          6          0          0          0         96   _printf_char_common.o
        36          4          0          0          0         80   _printf_char_file.o
         6          0          0          0          0          0   _printf_d.o
       116         16          0          0          0         92   _printf_dec.o
         6          0          0          0          0          0   _printf_f.o
      1046          0          0          0          0        216   _printf_fp_dec.o
       128         16          0          0          0         84   _printf_fp_infnan.o
        88          4         40          0          0         88   _printf_hex_int.o
       178          0          0          0          0         88   _printf_intcommon.o
         0          0          0          0          0          0   _printf_percent.o
         4          0          0          0          0          0   _printf_percent_end.o
         6          0          0          0          0          0   _printf_s.o
        82          0          0          0          0         80   _printf_str.o
         6          0          0          0          0          0   _printf_x.o
       216          4        148          0          0         96   bigflt0.o
      1910        128          0          0          0        672   btod.o
        12          0          0          0          0         72   exit.o
         8          0          0          0          0         68   ferror.o
         6          0          0          0          0        152   heapauxi.o
        44         10         28          0          0         76   lc_numeric_c.o
         2          0          0          0          0          0   libinit.o
        22          0          0          0          0          0   libinit2.o
         2          0          0          0          0          0   libshutdown.o
         2          0          0          0          0          0   libshutdown2.o
         8          4          0          0         96         68   libspace.o
       138          0          0          0          0         80   lludiv10.o
        24          4          0          0          0         84   noretval__2printf.o
         8          4          0          0          0         68   rt_locale_intlibspace.o
        68          0          0          0          0         68   rt_memclr.o
        78          0          0          0          0         80   rt_memclr_w.o
         0          0          0          0          0          0   rtentry.o
        12          0          0          0          0          0   rtentry2.o
         6          0          0          0          0          0   rtentry4.o
         2          0          0          0          0          0   rtexit.o
        10          0          0          0          0          0   rtexit2.o
       128          0          0          0          0         68   strcmpv7m.o
        86          0          0          0          0         76   strncpy.o
        74          0          0          0          0         80   sys_stackheap_outer.o
         2          0          0          0          0         68   use_no_semi.o
         2          0          0          0          0         68   use_no_semi_2.o
        98          4          0          0          0        140   d2f.o
        24          0          0          0          0        116   dcmpi.o
       688        140          0          0          0        256   ddiv.o
        94          4          0          0          0        140   dfix.o
        84          0          0          0          0        232   dflt_clz.o
       120          4          0          0          0        140   dleqf.o
       340         12          0          0          0        152   dmul.o
       156          4          0          0          0        140   dnaninf.o
        12          0          0          0          0        116   dretinf.o
       108          0          0          0          0        128   drleqf.o
        86          4          0          0          0        132   f2d.o
       140          4          0          0          0        132   fnaninf.o
        10          0          0          0          0        116   fpinit.o
        10          0          0          0          0        116   fretinf.o
         4          0          0          0          0        116   printf1.o
         0          0          0          0          0          0   usenofp.o
        48          0          0          0          0        124   fpclassify.o

    ----------------------------------------------------------------------
      7168        384        216          0         96       5396   Library Totals
        20          0          0          0          0          0   (incl. Padding)

    ----------------------------------------------------------------------

      Code (inc. data)   RO Data    RW Data    ZI Data      Debug   Library Name

      5126        208        216          0         96       3100   c_w.l
      1974        176          0          0          0       2172   fz_wm.l
        48          0          0          0          0        124   m_wm.l

    ----------------------------------------------------------------------
      7168        384        216          0         96       5396   Library Totals

    ----------------------------------------------------------------------

==============================================================================


      Code (inc. data)   RO Data    RW Data    ZI Data      Debug   

     40896       5996        800        676    1157340     954647   Grand Totals
     40896       5996        800        192    1157340     954647   ELF Image Totals (compressed)
     40896       5996        800        192          0          0   ROM Totals

==============================================================================

    Total RO  Size (Code + RO Data)                41696 (  40.72kB)
    Total RW  Size (RW Data + ZI Data)           1158016 (1130.88kB)
    Total ROM Size (Code + RO Data + RW Data)      41888 (  40.91kB)

==============================================================================

